C:\Users\hitbo\Downloads\Navine AI\navine\image\model.py:260: UserWarning: enable_nested_tensor is True, but self.use_nested_tensor is False because encoder_layer.norm_first was True
  self.encoder = nn.TransformerEncoder(layer, num_layers=num_layers)
Traceback (most recent call last):
  File "C:\Users\hitbo\Downloads\Navine AI\scripts\_probe800_modal.py", line 10, in <module>
    m=NavineDiffusionModel(image_size=192,in_channels=3,base_channels=bc,channel_mults=[1,2,4,4],num_res_blocks=2,time_emb_dim=bc*4,text_emb_dim=bc*2,attn_resolutions=[48,24],text_max_len=64,text_layers=4,text_heads=8)
  File "C:\Users\hitbo\Downloads\Navine AI\navine\image\model.py", line 346, in __init__
    self.unet = ConditionedUNet(
                ~~~~~~~~~~~~~~~^
        in_channels,
        ^^^^^^^^^^^^
    ...<6 lines>...
        image_size,
        ^^^^^^^^^^^
    )
    ^
  File "C:\Users\hitbo\Downloads\Navine AI\navine\image\model.py", line 166, in __init__
    blocks.append(AttnResBlock(prev, ch, time_emb_dim, text_emb_dim, use_attn))
                  ~~~~~~~~~~~~^^^^^^^^^^^^^^^^^^^^^^^^^^^^^^^^^^^^^^^^^^^^^^^^
  File "C:\Users\hitbo\Downloads\Navine AI\navine\image\model.py", line 116, in __init__
    self.res = ResBlock(in_ch, out_ch, time_dim)
               ~~~~~~~~^^^^^^^^^^^^^^^^^^^^^^^^^
  File "C:\Users\hitbo\Downloads\Navine AI\navine\image\model.py", line 30, in __init__
    self.norm1 = nn.GroupNorm(8, in_ch)
                 ~~~~~~~~~~~~^^^^^^^^^^
  File "C:\Users\hitbo\Downloads\Navine AI\venv\Lib\site-packages\torch\nn\modules\normalization.py", line 307, in __init__
    raise ValueError(
        f"num_channels ({num_channels}) must be divisible by num_groups ({num_groups})"
    )
ValueError: num_channels (388) must be divisible by num_groups (8)
