Navine AI Text-Code specialist:   0%|          | 0/500 [00:00<?, ?it/s]fatal   : Memory allocation failure
Traceback (most recent call last):
  File "<frozen runpy>", line 198, in _run_module_as_main
  File "<frozen runpy>", line 88, in _run_code
  File "C:\Users\hitbo\Downloads\Navine AI\navine\cli.py", line 3702, in <module>
    main()
    ~~~~^^
  File "C:\Users\hitbo\Downloads\Navine AI\navine\cli.py", line 2208, in main
    finetune_texts(
    ~~~~~~~~~~~~~~^
        "coding",
        ^^^^^^^^^
    ...<4 lines>...
        require_cuda=bool(getattr(args, "require_cuda", False)),
        ^^^^^^^^^^^^^^^^^^^^^^^^^^^^^^^^^^^^^^^^^^^^^^^^^^^^^^^^
    )
    ^
  File "C:\Users\hitbo\Downloads\Navine AI\navine\train\base.py", line 219, in finetune_texts
    logits = model(x)
  File "C:\Users\hitbo\Downloads\Navine AI\venv\Lib\site-packages\torch\nn\modules\module.py", line 1778, in _wrapped_call_impl
    return self._call_impl(*args, **kwargs)
           ~~~~~~~~~~~~~~~^^^^^^^^^^^^^^^^^
  File "C:\Users\hitbo\Downloads\Navine AI\venv\Lib\site-packages\torch\nn\modules\module.py", line 1789, in _call_impl
    return forward_call(*args, **kwargs)
  File "C:\Users\hitbo\Downloads\Navine AI\navine\text\model.py", line 252, in forward
    x, present = torch.utils.checkpoint.checkpoint(
                 ~~~~~~~~~~~~~~~~~~~~~~~~~~~~~~~~~^
        _run,
        ^^^^^
    ...<4 lines>...
        use_reentrant=False,
        ^^^^^^^^^^^^^^^^^^^^
    )
    ^
  File "C:\Users\hitbo\Downloads\Navine AI\venv\Lib\site-packages\torch\_compile.py", line 54, in inner
    return disable_fn(*args, **kwargs)
  File "C:\Users\hitbo\Downloads\Navine AI\venv\Lib\site-packages\torch\_dynamo\eval_frame.py", line 1298, in _fn
    return fn(*args, **kwargs)
  File "C:\Users\hitbo\Downloads\Navine AI\venv\Lib\site-packages\torch\utils\checkpoint.py", line 518, in checkpoint
    ret = function(*args, **kwargs)
  File "C:\Users\hitbo\Downloads\Navine AI\navine\text\model.py", line 249, in _run
    out, present = module(hidden, attn_mask, None, offset)
                   ~~~~~~^^^^^^^^^^^^^^^^^^^^^^^^^^^^^^^^^
  File "C:\Users\hitbo\Downloads\Navine AI\venv\Lib\site-packages\torch\nn\modules\module.py", line 1778, in _wrapped_call_impl
    return self._call_impl(*args, **kwargs)
           ~~~~~~~~~~~~~~~^^^^^^^^^^^^^^^^^
  File "C:\Users\hitbo\Downloads\Navine AI\venv\Lib\site-packages\torch\nn\modules\module.py", line 1789, in _call_impl
    return forward_call(*args, **kwargs)
  File "C:\Users\hitbo\Downloads\Navine AI\navine\text\model.py", line 147, in forward
    attn_out, present = self.attn(self.ln1(x), mask, past_kv, position_offset)
                        ~~~~~~~~~^^^^^^^^^^^^^^^^^^^^^^^^^^^^^^^^^^^^^^^^^^^^^
  File "C:\Users\hitbo\Downloads\Navine AI\venv\Lib\site-packages\torch\nn\modules\module.py", line 1778, in _wrapped_call_impl
    return self._call_impl(*args, **kwargs)
           ~~~~~~~~~~~~~~~^^^^^^^^^^^^^^^^^
  File "C:\Users\hitbo\Downloads\Navine AI\venv\Lib\site-packages\torch\nn\modules\module.py", line 1789, in _call_impl
    return forward_call(*args, **kwargs)
  File "C:\Users\hitbo\Downloads\Navine AI\navine\text\model.py", line 62, in forward
    qkv = self.qkv(x).reshape(b, t, 3, self.n_heads, self.head_dim).permute(2, 0, 3, 1, 4)
          ~~~~~~~~^^^
  File "C:\Users\hitbo\Downloads\Navine AI\venv\Lib\site-packages\torch\nn\modules\module.py", line 1778, in _wrapped_call_impl
    return self._call_impl(*args, **kwargs)
           ~~~~~~~~~~~~~~~^^^^^^^^^^^^^^^^^
  File "C:\Users\hitbo\Downloads\Navine AI\venv\Lib\site-packages\torch\nn\modules\module.py", line 1789, in _call_impl
    return forward_call(*args, **kwargs)
  File "C:\Users\hitbo\Downloads\Navine AI\venv\Lib\site-packages\torch\nn\modules\linear.py", line 134, in forward
    return F.linear(input, self.weight, self.bias)
           ~~~~~~~~^^^^^^^^^^^^^^^^^^^^^^^^^^^^^^^
RuntimeError: CUDA error: CUBLAS_STATUS_NOT_SUPPORTED when calling `cublasLtMatmulAlgoGetHeuristic( ltHandle, computeDesc.descriptor(), Adesc.descriptor(), Bdesc.descriptor(), Cdesc.descriptor(), Cdesc.descriptor(), preference.descriptor(), 1, &heuristicResult, &returnedResult)`
Navine AI Text-Code specialist:   0%|          | 0/500 [16:38<?, ?it/s]
