C:\Users\hitbo\Downloads\Navine AI\navine\image\model.py:260: UserWarning: enable_nested_tensor is True, but self.use_nested_tensor is False because encoder_layer.norm_first was True
  self.encoder = nn.TransformerEncoder(layer, num_layers=num_layers)

Resuming Navine AI Image:   0%|          | 0/4000 [00:00<?, ?it/s]
Resuming Navine AI Image:   0%|          | 1/4000 [00:31<35:01:01, 31.52s/it]
Resuming Navine AI Image:   0%|          | 1/4000 [00:31<35:01:01, 31.52s/it, loss=0.0008]
Resuming Navine AI Image:   0%|          | 2/4000 [00:31<14:43:25, 13.26s/it, loss=0.0008]
Resuming Navine AI Image:   0%|          | 2/4000 [00:32<14:43:25, 13.26s/it, loss=0.5409]
Resuming Navine AI Image:   0%|          | 3/4000 [00:32<8:14:14,  7.42s/it, loss=0.5409] 
Resuming Navine AI Image:   0%|          | 3/4000 [00:32<8:14:14,  7.42s/it, loss=0.1205]
Resuming Navine AI Image:   0%|          | 4/4000 [00:32<5:11:41,  4.68s/it, loss=0.1205]
Resuming Navine AI Image:   0%|          | 4/4000 [00:32<5:11:41,  4.68s/it, loss=0.0146]
Resuming Navine AI Image:   0%|          | 5/4000 [00:33<3:30:36,  3.16s/it, loss=0.0146]
Resuming Navine AI Image:   0%|          | 5/4000 [00:33<3:30:36,  3.16s/it, loss=0.1948]
Resuming Navine AI Image:   0%|          | 6/4000 [00:33<2:29:39,  2.25s/it, loss=0.1948]
Resuming Navine AI Image:   0%|          | 6/4000 [00:33<2:29:39,  2.25s/it, loss=0.0156]
Resuming Navine AI Image:   0%|          | 7/4000 [00:34<1:51:03,  1.67s/it, loss=0.0156]
Resuming Navine AI Image:   0%|          | 7/4000 [00:34<1:51:03,  1.67s/it, loss=0.0196]
Resuming Navine AI Image:   0%|          | 8/4000 [00:34<1:25:51,  1.29s/it, loss=0.0196]
Resuming Navine AI Image:   0%|          | 8/4000 [00:34<1:25:51,  1.29s/it, loss=0.0433]
Resuming Navine AI Image:   0%|          | 9/4000 [00:35<1:08:50,  1.03s/it, loss=0.0433]
Resuming Navine AI Image:   0%|          | 9/4000 [00:35<1:08:50,  1.03s/it, loss=0.3124]
Resuming Navine AI Image:   0%|          | 10/4000 [00:35<57:17,  1.16it/s, loss=0.3124] 
Resuming Navine AI Image:   0%|          | 10/4000 [00:35<57:17,  1.16it/s, loss=0.0184]
Resuming Navine AI Image:   0%|          | 11/4000 [00:36<49:28,  1.34it/s, loss=0.0184]
Resuming Navine AI Image:   0%|          | 11/4000 [00:36<49:28,  1.34it/s, loss=0.0031]
Resuming Navine AI Image:   0%|          | 12/4000 [00:36<44:03,  1.51it/s, loss=0.0031]
Resuming Navine AI Image:   0%|          | 12/4000 [00:36<44:03,  1.51it/s, loss=0.0659]
Resuming Navine AI Image:   0%|          | 13/4000 [00:37<40:18,  1.65it/s, loss=0.0659]
Resuming Navine AI Image:   0%|          | 13/4000 [00:37<40:18,  1.65it/s, loss=0.0205]
Resuming Navine AI Image:   0%|          | 14/4000 [00:37<37:39,  1.76it/s, loss=0.0205]
Resuming Navine AI Image:   0%|          | 14/4000 [00:37<37:39,  1.76it/s, loss=0.0387]
Resuming Navine AI Image:   0%|          | 15/4000 [00:38<35:53,  1.85it/s, loss=0.0387]
Resuming Navine AI Image:   0%|          | 15/4000 [00:38<35:53,  1.85it/s, loss=0.0239]
Resuming Navine AI Image:   0%|          | 16/4000 [00:38<34:40,  1.92it/s, loss=0.0239]
Resuming Navine AI Image:   0%|          | 16/4000 [00:38<34:40,  1.92it/s, loss=0.0182]
Resuming Navine AI Image:   0%|          | 17/4000 [00:39<33:52,  1.96it/s, loss=0.0182]
Resuming Navine AI Image:   0%|          | 17/4000 [00:39<33:52,  1.96it/s, loss=0.0294]
Resuming Navine AI Image:   0%|          | 18/4000 [00:39<33:16,  1.99it/s, loss=0.0294]
Resuming Navine AI Image:   0%|          | 18/4000 [00:39<33:16,  1.99it/s, loss=0.0432]
Resuming Navine AI Image:   0%|          | 19/4000 [00:40<32:52,  2.02it/s, loss=0.0432]
Resuming Navine AI Image:   0%|          | 19/4000 [00:40<32:52,  2.02it/s, loss=0.0687]
Resuming Navine AI Image:   0%|          | 20/4000 [00:40<32:29,  2.04it/s, loss=0.0687]
Resuming Navine AI Image:   0%|          | 20/4000 [00:40<32:29,  2.04it/s, loss=0.0222]
Resuming Navine AI Image:   1%|          | 21/4000 [00:41<32:22,  2.05it/s, loss=0.0222]
Resuming Navine AI Image:   1%|          | 21/4000 [00:41<32:22,  2.05it/s, loss=0.0161]
Resuming Navine AI Image:   1%|          | 22/4000 [00:41<32:15,  2.06it/s, loss=0.0161]
Resuming Navine AI Image:   1%|          | 22/4000 [00:41<32:15,  2.06it/s, loss=0.0153]
Resuming Navine AI Image:   1%|          | 23/4000 [00:42<32:06,  2.06it/s, loss=0.0153]
Resuming Navine AI Image:   1%|          | 23/4000 [00:42<32:06,  2.06it/s, loss=0.0125]
Resuming Navine AI Image:   1%|          | 24/4000 [00:42<31:55,  2.08it/s, loss=0.0125]
Resuming Navine AI Image:   1%|          | 24/4000 [00:42<31:55,  2.08it/s, loss=0.0362]
Resuming Navine AI Image:   1%|          | 25/4000 [00:42<31:48,  2.08it/s, loss=0.0362]
Resuming Navine AI Image:   1%|          | 25/4000 [00:43<31:48,  2.08it/s, loss=0.0112]
Resuming Navine AI Image:   1%|          | 26/4000 [00:43<31:47,  2.08it/s, loss=0.0112]
Resuming Navine AI Image:   1%|          | 26/4000 [00:43<31:47,  2.08it/s, loss=0.0140]
Resuming Navine AI Image:   1%|          | 27/4000 [00:43<31:45,  2.09it/s, loss=0.0140]
Resuming Navine AI Image:   1%|          | 27/4000 [00:43<31:45,  2.09it/s, loss=0.0082]
Resuming Navine AI Image:   1%|          | 28/4000 [00:44<31:43,  2.09it/s, loss=0.0082]
Resuming Navine AI Image:   1%|          | 28/4000 [00:44<31:43,  2.09it/s, loss=0.0070]
Resuming Navine AI Image:   1%|          | 29/4000 [00:44<31:44,  2.09it/s, loss=0.0070]
Resuming Navine AI Image:   1%|          | 29/4000 [00:44<31:44,  2.09it/s, loss=0.0090]
Resuming Navine AI Image:   1%|          | 30/4000 [00:45<31:46,  2.08it/s, loss=0.0090]
Resuming Navine AI Image:   1%|          | 30/4000 [00:45<31:46,  2.08it/s, loss=0.0065]
Resuming Navine AI Image:   1%|          | 31/4000 [00:45<31:38,  2.09it/s, loss=0.0065]
Resuming Navine AI Image:   1%|          | 31/4000 [00:45<31:38,  2.09it/s, loss=0.0085]
Resuming Navine AI Image:   1%|          | 32/4000 [00:46<31:39,  2.09it/s, loss=0.0085]
Resuming Navine AI Image:   1%|          | 32/4000 [00:46<31:39,  2.09it/s, loss=0.0055]
Resuming Navine AI Image:   1%|          | 33/4000 [00:46<31:39,  2.09it/s, loss=0.0055]
Resuming Navine AI Image:   1%|          | 33/4000 [00:46<31:39,  2.09it/s, loss=0.2105]
Resuming Navine AI Image:   1%|          | 34/4000 [00:47<31:42,  2.08it/s, loss=0.2105]
Resuming Navine AI Image:   1%|          | 34/4000 [00:47<31:42,  2.08it/s, loss=0.0053]
Resuming Navine AI Image:   1%|          | 35/4000 [00:47<31:40,  2.09it/s, loss=0.0053]
Resuming Navine AI Image:   1%|          | 35/4000 [00:47<31:40,  2.09it/s, loss=0.0120]
Resuming Navine AI Image:   1%|          | 36/4000 [00:48<31:44,  2.08it/s, loss=0.0120]
Resuming Navine AI Image:   1%|          | 36/4000 [00:48<31:44,  2.08it/s, loss=0.0399]
Resuming Navine AI Image:   1%|          | 37/4000 [00:48<31:39,  2.09it/s, loss=0.0399]
Resuming Navine AI Image:   1%|          | 37/4000 [00:48<31:39,  2.09it/s, loss=0.0190]
Resuming Navine AI Image:   1%|          | 38/4000 [00:49<31:40,  2.08it/s, loss=0.0190]
Resuming Navine AI Image:   1%|          | 38/4000 [00:49<31:40,  2.08it/s, loss=0.0110]
Resuming Navine AI Image:   1%|          | 39/4000 [00:49<31:38,  2.09it/s, loss=0.0110]
Resuming Navine AI Image:   1%|          | 39/4000 [00:49<31:38,  2.09it/s, loss=0.0107]
Resuming Navine AI Image:   1%|1         | 40/4000 [00:50<31:43,  2.08it/s, loss=0.0107]
Resuming Navine AI Image:   1%|1         | 40/4000 [00:50<31:43,  2.08it/s, loss=0.0126]
Resuming Navine AI Image:   1%|1         | 41/4000 [00:50<31:41,  2.08it/s, loss=0.0126]
Resuming Navine AI Image:   1%|1         | 41/4000 [00:50<31:41,  2.08it/s, loss=0.0214]
Resuming Navine AI Image:   1%|1         | 42/4000 [00:51<31:45,  2.08it/s, loss=0.0214]
Resuming Navine AI Image:   1%|1         | 42/4000 [00:51<31:45,  2.08it/s, loss=0.4685]
Resuming Navine AI Image:   1%|1         | 43/4000 [00:51<31:39,  2.08it/s, loss=0.4685]
Resuming Navine AI Image:   1%|1         | 43/4000 [00:51<31:39,  2.08it/s, loss=0.0060]
Resuming Navine AI Image:   1%|1         | 44/4000 [00:52<31:36,  2.09it/s, loss=0.0060]
Resuming Navine AI Image:   1%|1         | 44/4000 [00:52<31:36,  2.09it/s, loss=0.0063]
Resuming Navine AI Image:   1%|1         | 45/4000 [00:52<31:36,  2.09it/s, loss=0.0063]
Resuming Navine AI Image:   1%|1         | 45/4000 [00:52<31:36,  2.09it/s, loss=0.0052]
Resuming Navine AI Image:   1%|1         | 46/4000 [00:53<31:39,  2.08it/s, loss=0.0052]
Resuming Navine AI Image:   1%|1         | 46/4000 [00:53<31:39,  2.08it/s, loss=0.0030]
Resuming Navine AI Image:   1%|1         | 47/4000 [00:53<31:40,  2.08it/s, loss=0.0030]
Resuming Navine AI Image:   1%|1         | 47/4000 [00:53<31:40,  2.08it/s, loss=0.0061]
Resuming Navine AI Image:   1%|1         | 48/4000 [00:54<31:38,  2.08it/s, loss=0.0061]
Resuming Navine AI Image:   1%|1         | 48/4000 [00:54<31:38,  2.08it/s, loss=0.0237]
Resuming Navine AI Image:   1%|1         | 49/4000 [00:54<31:43,  2.08it/s, loss=0.0237]
Resuming Navine AI Image:   1%|1         | 49/4000 [00:54<31:43,  2.08it/s, loss=0.0171]
Resuming Navine AI Image:   1%|1         | 50/4000 [00:54<31:44,  2.07it/s, loss=0.0171]
Resuming Navine AI Image:   1%|1         | 50/4000 [00:55<31:44,  2.07it/s, loss=0.0242]
Resuming Navine AI Image:   1%|1         | 51/4000 [00:55<31:44,  2.07it/s, loss=0.0242]
Resuming Navine AI Image:   1%|1         | 51/4000 [00:55<31:44,  2.07it/s, loss=0.0263]
Resuming Navine AI Image:   1%|1         | 52/4000 [00:55<31:33,  2.08it/s, loss=0.0263]
Resuming Navine AI Image:   1%|1         | 52/4000 [00:55<31:33,  2.08it/s, loss=0.0081]
Resuming Navine AI Image:   1%|1         | 53/4000 [00:56<31:35,  2.08it/s, loss=0.0081]
Resuming Navine AI Image:   1%|1         | 53/4000 [00:56<31:35,  2.08it/s, loss=0.0096]
Resuming Navine AI Image:   1%|1         | 54/4000 [00:56<31:41,  2.08it/s, loss=0.0096]
Resuming Navine AI Image:   1%|1         | 54/4000 [00:56<31:41,  2.08it/s, loss=0.0063]
Resuming Navine AI Image:   1%|1         | 55/4000 [00:57<31:35,  2.08it/s, loss=0.0063]
Resuming Navine AI Image:   1%|1         | 55/4000 [00:57<31:35,  2.08it/s, loss=0.0413]
Resuming Navine AI Image:   1%|1         | 56/4000 [00:57<31:29,  2.09it/s, loss=0.0413]
Resuming Navine AI Image:   1%|1         | 56/4000 [00:57<31:29,  2.09it/s, loss=0.0060]
Resuming Navine AI Image:   1%|1         | 57/4000 [00:58<31:26,  2.09it/s, loss=0.0060]
Resuming Navine AI Image:   1%|1         | 57/4000 [00:58<31:26,  2.09it/s, loss=0.0022]
Resuming Navine AI Image:   1%|1         | 58/4000 [00:58<31:33,  2.08it/s, loss=0.0022]
Resuming Navine AI Image:   1%|1         | 58/4000 [00:58<31:33,  2.08it/s, loss=0.0222]
Resuming Navine AI Image:   1%|1         | 59/4000 [00:59<31:28,  2.09it/s, loss=0.0222]
Resuming Navine AI Image:   1%|1         | 59/4000 [00:59<31:28,  2.09it/s, loss=0.0339]
Resuming Navine AI Image:   2%|1         | 60/4000 [00:59<31:24,  2.09it/s, loss=0.0339]
Resuming Navine AI Image:   2%|1         | 60/4000 [00:59<31:24,  2.09it/s, loss=0.0141]
Resuming Navine AI Image:   2%|1         | 61/4000 [01:00<31:24,  2.09it/s, loss=0.0141]
Resuming Navine AI Image:   2%|1         | 61/4000 [01:00<31:24,  2.09it/s, loss=0.0314]
Resuming Navine AI Image:   2%|1         | 62/4000 [01:00<31:19,  2.10it/s, loss=0.0314]
Resuming Navine AI Image:   2%|1         | 62/4000 [01:00<31:19,  2.10it/s, loss=0.0091]
Resuming Navine AI Image:   2%|1         | 63/4000 [01:01<31:19,  2.09it/s, loss=0.0091]
Resuming Navine AI Image:   2%|1         | 63/4000 [01:01<31:19,  2.09it/s, loss=0.0139]
Resuming Navine AI Image:   2%|1         | 64/4000 [01:01<31:18,  2.09it/s, loss=0.0139]
Resuming Navine AI Image:   2%|1         | 64/4000 [01:01<31:18,  2.09it/s, loss=0.0119]
Resuming Navine AI Image:   2%|1         | 65/4000 [01:02<31:21,  2.09it/s, loss=0.0119]
Resuming Navine AI Image:   2%|1         | 65/4000 [01:02<31:21,  2.09it/s, loss=0.0266]
Resuming Navine AI Image:   2%|1         | 66/4000 [01:02<31:22,  2.09it/s, loss=0.0266]
Resuming Navine AI Image:   2%|1         | 66/4000 [01:02<31:22,  2.09it/s, loss=0.0069]
Resuming Navine AI Image:   2%|1         | 67/4000 [01:03<31:23,  2.09it/s, loss=0.0069]
Resuming Navine AI Image:   2%|1         | 67/4000 [01:03<31:23,  2.09it/s, loss=0.0142]
Resuming Navine AI Image:   2%|1         | 68/4000 [01:03<31:33,  2.08it/s, loss=0.0142]
Resuming Navine AI Image:   2%|1         | 68/4000 [01:03<31:33,  2.08it/s, loss=0.0166]
Resuming Navine AI Image:   2%|1         | 69/4000 [01:04<31:32,  2.08it/s, loss=0.0166]
Resuming Navine AI Image:   2%|1         | 69/4000 [01:04<31:32,  2.08it/s, loss=0.0072]
Resuming Navine AI Image:   2%|1         | 70/4000 [01:04<31:25,  2.08it/s, loss=0.0072]
Resuming Navine AI Image:   2%|1         | 70/4000 [01:04<31:25,  2.08it/s, loss=0.0017]
Resuming Navine AI Image:   2%|1         | 71/4000 [01:05<31:22,  2.09it/s, loss=0.0017]
Resuming Navine AI Image:   2%|1         | 71/4000 [01:05<31:22,  2.09it/s, loss=0.0077]
Resuming Navine AI Image:   2%|1         | 72/4000 [01:05<31:27,  2.08it/s, loss=0.0077]
Resuming Navine AI Image:   2%|1         | 72/4000 [01:05<31:27,  2.08it/s, loss=0.0362]
Resuming Navine AI Image:   2%|1         | 73/4000 [01:06<31:21,  2.09it/s, loss=0.0362]
Resuming Navine AI Image:   2%|1         | 73/4000 [01:06<31:21,  2.09it/s, loss=0.0073]
Resuming Navine AI Image:   2%|1         | 74/4000 [01:06<31:19,  2.09it/s, loss=0.0073]
Resuming Navine AI Image:   2%|1         | 74/4000 [01:06<31:19,  2.09it/s, loss=0.0061]
Resuming Navine AI Image:   2%|1         | 75/4000 [01:06<31:15,  2.09it/s, loss=0.0061]
Resuming Navine AI Image:   2%|1         | 75/4000 [01:07<31:15,  2.09it/s, loss=0.0079]
Resuming Navine AI Image:   2%|1         | 76/4000 [01:07<31:13,  2.09it/s, loss=0.0079]
Resuming Navine AI Image:   2%|1         | 76/4000 [01:07<31:13,  2.09it/s, loss=0.0258]
Resuming Navine AI Image:   2%|1         | 77/4000 [01:07<31:13,  2.09it/s, loss=0.0258]
Resuming Navine AI Image:   2%|1         | 77/4000 [01:07<31:13,  2.09it/s, loss=0.0049]
Resuming Navine AI Image:   2%|1         | 78/4000 [01:08<31:14,  2.09it/s, loss=0.0049]
Resuming Navine AI Image:   2%|1         | 78/4000 [01:08<31:14,  2.09it/s, loss=0.0210]
Resuming Navine AI Image:   2%|1         | 79/4000 [01:08<31:10,  2.10it/s, loss=0.0210]
Resuming Navine AI Image:   2%|1         | 79/4000 [01:08<31:10,  2.10it/s, loss=0.0067]
Resuming Navine AI Image:   2%|2         | 80/4000 [01:09<31:12,  2.09it/s, loss=0.0067]
Resuming Navine AI Image:   2%|2         | 80/4000 [01:09<31:12,  2.09it/s, loss=0.0125]
Resuming Navine AI Image:   2%|2         | 81/4000 [01:09<31:13,  2.09it/s, loss=0.0125]
Resuming Navine AI Image:   2%|2         | 81/4000 [01:09<31:13,  2.09it/s, loss=0.4196]
Resuming Navine AI Image:   2%|2         | 82/4000 [01:10<31:12,  2.09it/s, loss=0.4196]
Resuming Navine AI Image:   2%|2         | 82/4000 [01:10<31:12,  2.09it/s, loss=0.0065]
Resuming Navine AI Image:   2%|2         | 83/4000 [01:10<31:11,  2.09it/s, loss=0.0065]
Resuming Navine AI Image:   2%|2         | 83/4000 [01:10<31:11,  2.09it/s, loss=0.0330]
Resuming Navine AI Image:   2%|2         | 84/4000 [01:11<31:10,  2.09it/s, loss=0.0330]
Resuming Navine AI Image:   2%|2         | 84/4000 [01:11<31:10,  2.09it/s, loss=0.0476]
Resuming Navine AI Image:   2%|2         | 85/4000 [01:11<31:11,  2.09it/s, loss=0.0476]
Resuming Navine AI Image:   2%|2         | 85/4000 [01:11<31:11,  2.09it/s, loss=0.0109]
Resuming Navine AI Image:   2%|2         | 86/4000 [01:12<31:15,  2.09it/s, loss=0.0109]
Resuming Navine AI Image:   2%|2         | 86/4000 [01:12<31:15,  2.09it/s, loss=0.0056]
Resuming Navine AI Image:   2%|2         | 87/4000 [01:12<31:11,  2.09it/s, loss=0.0056]
Resuming Navine AI Image:   2%|2         | 87/4000 [01:12<31:11,  2.09it/s, loss=0.0062]
Resuming Navine AI Image:   2%|2         | 88/4000 [01:13<31:09,  2.09it/s, loss=0.0062]
Resuming Navine AI Image:   2%|2         | 88/4000 [01:13<31:09,  2.09it/s, loss=0.0070]
Resuming Navine AI Image:   2%|2         | 89/4000 [01:13<31:10,  2.09it/s, loss=0.0070]
Resuming Navine AI Image:   2%|2         | 89/4000 [01:13<31:10,  2.09it/s, loss=0.0893]
Resuming Navine AI Image:   2%|2         | 90/4000 [01:14<31:13,  2.09it/s, loss=0.0893]
Resuming Navine AI Image:   2%|2         | 90/4000 [01:14<31:13,  2.09it/s, loss=0.0180]
Resuming Navine AI Image:   2%|2         | 91/4000 [01:14<31:24,  2.07it/s, loss=0.0180]
Resuming Navine AI Image:   2%|2         | 91/4000 [01:14<31:24,  2.07it/s, loss=0.0291]
Resuming Navine AI Image:   2%|2         | 92/4000 [01:15<31:28,  2.07it/s, loss=0.0291]
Resuming Navine AI Image:   2%|2         | 92/4000 [01:15<31:28,  2.07it/s, loss=0.0249]
Resuming Navine AI Image:   2%|2         | 93/4000 [01:15<31:20,  2.08it/s, loss=0.0249]
Resuming Navine AI Image:   2%|2         | 93/4000 [01:15<31:20,  2.08it/s, loss=0.0108]
Resuming Navine AI Image:   2%|2         | 94/4000 [01:16<31:18,  2.08it/s, loss=0.0108]
Resuming Navine AI Image:   2%|2         | 94/4000 [01:16<31:18,  2.08it/s, loss=0.0439]
Resuming Navine AI Image:   2%|2         | 95/4000 [01:16<31:17,  2.08it/s, loss=0.0439]
Resuming Navine AI Image:   2%|2         | 95/4000 [01:16<31:17,  2.08it/s, loss=0.0622]
Resuming Navine AI Image:   2%|2         | 96/4000 [01:17<31:20,  2.08it/s, loss=0.0622]
Resuming Navine AI Image:   2%|2         | 96/4000 [01:17<31:20,  2.08it/s, loss=0.0075]
Resuming Navine AI Image:   2%|2         | 97/4000 [01:17<31:13,  2.08it/s, loss=0.0075]
Resuming Navine AI Image:   2%|2         | 97/4000 [01:17<31:13,  2.08it/s, loss=0.0484]
Resuming Navine AI Image:   2%|2         | 98/4000 [01:17<31:14,  2.08it/s, loss=0.0484]
Resuming Navine AI Image:   2%|2         | 98/4000 [01:18<31:14,  2.08it/s, loss=0.0073]
Resuming Navine AI Image:   2%|2         | 99/4000 [01:18<31:12,  2.08it/s, loss=0.0073]
Resuming Navine AI Image:   2%|2         | 99/4000 [01:18<31:12,  2.08it/s, loss=0.3319]
Resuming Navine AI Image:   2%|2         | 100/4000 [01:18<31:05,  2.09it/s, loss=0.3319]
Resuming Navine AI Image:   2%|2         | 100/4000 [01:18<31:05,  2.09it/s, loss=0.0063]
Resuming Navine AI Image:   3%|2         | 101/4000 [01:19<31:14,  2.08it/s, loss=0.0063]
Resuming Navine AI Image:   3%|2         | 101/4000 [01:19<31:14,  2.08it/s, loss=0.0241]
Resuming Navine AI Image:   3%|2         | 102/4000 [01:19<31:15,  2.08it/s, loss=0.0241]
Resuming Navine AI Image:   3%|2         | 102/4000 [01:19<31:15,  2.08it/s, loss=0.1879]
Resuming Navine AI Image:   3%|2         | 103/4000 [01:20<31:07,  2.09it/s, loss=0.1879]
Resuming Navine AI Image:   3%|2         | 103/4000 [01:20<31:07,  2.09it/s, loss=0.0456]
Resuming Navine AI Image:   3%|2         | 104/4000 [01:20<31:02,  2.09it/s, loss=0.0456]
Resuming Navine AI Image:   3%|2         | 104/4000 [01:20<31:02,  2.09it/s, loss=0.2752]
Resuming Navine AI Image:   3%|2         | 105/4000 [01:21<31:01,  2.09it/s, loss=0.2752]
Resuming Navine AI Image:   3%|2         | 105/4000 [01:21<31:01,  2.09it/s, loss=0.0122]
Resuming Navine AI Image:   3%|2         | 106/4000 [01:21<31:01,  2.09it/s, loss=0.0122]
Resuming Navine AI Image:   3%|2         | 106/4000 [01:21<31:01,  2.09it/s, loss=0.0079]
Resuming Navine AI Image:   3%|2         | 107/4000 [01:22<30:59,  2.09it/s, loss=0.0079]
Resuming Navine AI Image:   3%|2         | 107/4000 [01:22<30:59,  2.09it/s, loss=0.0413]
Resuming Navine AI Image:   3%|2         | 108/4000 [01:22<31:01,  2.09it/s, loss=0.0413]
Resuming Navine AI Image:   3%|2         | 108/4000 [01:22<31:01,  2.09it/s, loss=0.0689]
Resuming Navine AI Image:   3%|2         | 109/4000 [01:23<30:59,  2.09it/s, loss=0.0689]
Resuming Navine AI Image:   3%|2         | 109/4000 [01:23<30:59,  2.09it/s, loss=0.0085]
Resuming Navine AI Image:   3%|2         | 110/4000 [01:23<30:58,  2.09it/s, loss=0.0085]
Resuming Navine AI Image:   3%|2         | 110/4000 [01:23<30:58,  2.09it/s, loss=0.0331]
Resuming Navine AI Image:   3%|2         | 111/4000 [01:24<31:00,  2.09it/s, loss=0.0331]
Resuming Navine AI Image:   3%|2         | 111/4000 [01:24<31:00,  2.09it/s, loss=0.0123]
Resuming Navine AI Image:   3%|2         | 112/4000 [01:24<31:01,  2.09it/s, loss=0.0123]
Resuming Navine AI Image:   3%|2         | 112/4000 [01:24<31:01,  2.09it/s, loss=0.1064]
Resuming Navine AI Image:   3%|2         | 113/4000 [01:25<31:01,  2.09it/s, loss=0.1064]
Resuming Navine AI Image:   3%|2         | 113/4000 [01:25<31:01,  2.09it/s, loss=0.0122]
Resuming Navine AI Image:   3%|2         | 114/4000 [01:25<30:56,  2.09it/s, loss=0.0122]
Resuming Navine AI Image:   3%|2         | 114/4000 [01:25<30:56,  2.09it/s, loss=0.0085]
Resuming Navine AI Image:   3%|2         | 115/4000 [01:26<30:53,  2.10it/s, loss=0.0085]
Resuming Navine AI Image:   3%|2         | 115/4000 [01:26<30:53,  2.10it/s, loss=0.0090]
Resuming Navine AI Image:   3%|2         | 116/4000 [01:26<30:57,  2.09it/s, loss=0.0090]
Resuming Navine AI Image:   3%|2         | 116/4000 [01:26<30:57,  2.09it/s, loss=0.0359]
Resuming Navine AI Image:   3%|2         | 117/4000 [01:27<30:57,  2.09it/s, loss=0.0359]
Resuming Navine AI Image:   3%|2         | 117/4000 [01:27<30:57,  2.09it/s, loss=0.0257]
Resuming Navine AI Image:   3%|2         | 118/4000 [01:27<31:02,  2.08it/s, loss=0.0257]
Resuming Navine AI Image:   3%|2         | 118/4000 [01:27<31:02,  2.08it/s, loss=0.1220]
Resuming Navine AI Image:   3%|2         | 119/4000 [01:28<30:56,  2.09it/s, loss=0.1220]
Resuming Navine AI Image:   3%|2         | 119/4000 [01:28<30:56,  2.09it/s, loss=0.0115]
Resuming Navine AI Image:   3%|3         | 120/4000 [01:28<31:00,  2.09it/s, loss=0.0115]
Resuming Navine AI Image:   3%|3         | 120/4000 [01:28<31:00,  2.09it/s, loss=0.3243]
Resuming Navine AI Image:   3%|3         | 121/4000 [01:28<30:59,  2.09it/s, loss=0.3243]
Resuming Navine AI Image:   3%|3         | 121/4000 [01:29<30:59,  2.09it/s, loss=0.0945]
Resuming Navine AI Image:   3%|3         | 122/4000 [01:29<30:53,  2.09it/s, loss=0.0945]
Resuming Navine AI Image:   3%|3         | 122/4000 [01:29<30:53,  2.09it/s, loss=0.0219]
Resuming Navine AI Image:   3%|3         | 123/4000 [01:29<30:52,  2.09it/s, loss=0.0219]
Resuming Navine AI Image:   3%|3         | 123/4000 [01:29<30:52,  2.09it/s, loss=0.0304]
Resuming Navine AI Image:   3%|3         | 124/4000 [01:30<30:50,  2.09it/s, loss=0.0304]
Resuming Navine AI Image:   3%|3         | 124/4000 [01:30<30:50,  2.09it/s, loss=0.0245]
Resuming Navine AI Image:   3%|3         | 125/4000 [01:30<30:50,  2.09it/s, loss=0.0245]
Resuming Navine AI Image:   3%|3         | 125/4000 [01:30<30:50,  2.09it/s, loss=0.0120]
Resuming Navine AI Image:   3%|3         | 126/4000 [01:31<30:48,  2.10it/s, loss=0.0120]
Resuming Navine AI Image:   3%|3         | 126/4000 [01:31<30:48,  2.10it/s, loss=0.0453]
Resuming Navine AI Image:   3%|3         | 127/4000 [01:31<30:47,  2.10it/s, loss=0.0453]
Resuming Navine AI Image:   3%|3         | 127/4000 [01:31<30:47,  2.10it/s, loss=0.0037]
Resuming Navine AI Image:   3%|3         | 128/4000 [01:32<30:41,  2.10it/s, loss=0.0037]
Resuming Navine AI Image:   3%|3         | 128/4000 [01:32<30:41,  2.10it/s, loss=0.0232]
Resuming Navine AI Image:   3%|3         | 129/4000 [01:32<30:42,  2.10it/s, loss=0.0232]
Resuming Navine AI Image:   3%|3         | 129/4000 [01:32<30:42,  2.10it/s, loss=0.0079]
Resuming Navine AI Image:   3%|3         | 130/4000 [01:33<30:44,  2.10it/s, loss=0.0079]
Resuming Navine AI Image:   3%|3         | 130/4000 [01:33<30:44,  2.10it/s, loss=0.0180]
Resuming Navine AI Image:   3%|3         | 131/4000 [01:33<30:50,  2.09it/s, loss=0.0180]
Resuming Navine AI Image:   3%|3         | 131/4000 [01:33<30:50,  2.09it/s, loss=0.0058]
Resuming Navine AI Image:   3%|3         | 132/4000 [01:34<30:49,  2.09it/s, loss=0.0058]
Resuming Navine AI Image:   3%|3         | 132/4000 [01:34<30:49,  2.09it/s, loss=0.0868]
Resuming Navine AI Image:   3%|3         | 133/4000 [01:34<30:45,  2.10it/s, loss=0.0868]
Resuming Navine AI Image:   3%|3         | 133/4000 [01:34<30:45,  2.10it/s, loss=0.0277]
Resuming Navine AI Image:   3%|3         | 134/4000 [01:35<30:53,  2.09it/s, loss=0.0277]
Resuming Navine AI Image:   3%|3         | 134/4000 [01:35<30:53,  2.09it/s, loss=0.0103]
Resuming Navine AI Image:   3%|3         | 135/4000 [01:35<30:51,  2.09it/s, loss=0.0103]
Resuming Navine AI Image:   3%|3         | 135/4000 [01:35<30:51,  2.09it/s, loss=0.0161]
Resuming Navine AI Image:   3%|3         | 136/4000 [01:36<30:52,  2.09it/s, loss=0.0161]
Resuming Navine AI Image:   3%|3         | 136/4000 [01:36<30:52,  2.09it/s, loss=0.0223]
Resuming Navine AI Image:   3%|3         | 137/4000 [01:36<30:47,  2.09it/s, loss=0.0223]
Resuming Navine AI Image:   3%|3         | 137/4000 [01:36<30:47,  2.09it/s, loss=0.0094]
Resuming Navine AI Image:   3%|3         | 138/4000 [01:37<30:45,  2.09it/s, loss=0.0094]
Resuming Navine AI Image:   3%|3         | 138/4000 [01:37<30:45,  2.09it/s, loss=0.0136]
Resuming Navine AI Image:   3%|3         | 139/4000 [01:37<30:44,  2.09it/s, loss=0.0136]
Resuming Navine AI Image:   3%|3         | 139/4000 [01:37<30:44,  2.09it/s, loss=0.0598]
Resuming Navine AI Image:   4%|3         | 140/4000 [01:38<30:45,  2.09it/s, loss=0.0598]
Resuming Navine AI Image:   4%|3         | 140/4000 [01:38<30:45,  2.09it/s, loss=0.0065]
Resuming Navine AI Image:   4%|3         | 141/4000 [01:38<30:44,  2.09it/s, loss=0.0065]
Resuming Navine AI Image:   4%|3         | 141/4000 [01:38<30:44,  2.09it/s, loss=0.0086]
Resuming Navine AI Image:   4%|3         | 142/4000 [01:39<30:41,  2.09it/s, loss=0.0086]
Resuming Navine AI Image:   4%|3         | 142/4000 [01:39<30:41,  2.09it/s, loss=0.0169]
Resuming Navine AI Image:   4%|3         | 143/4000 [01:39<30:41,  2.09it/s, loss=0.0169]
Resuming Navine AI Image:   4%|3         | 143/4000 [01:39<30:41,  2.09it/s, loss=0.0175]
Resuming Navine AI Image:   4%|3         | 144/4000 [01:39<30:45,  2.09it/s, loss=0.0175]
Resuming Navine AI Image:   4%|3         | 144/4000 [01:40<30:45,  2.09it/s, loss=0.0136]
Resuming Navine AI Image:   4%|3         | 145/4000 [01:40<30:40,  2.09it/s, loss=0.0136]
Resuming Navine AI Image:   4%|3         | 145/4000 [01:40<30:40,  2.09it/s, loss=0.0157]
Resuming Navine AI Image:   4%|3         | 146/4000 [01:40<30:46,  2.09it/s, loss=0.0157]
Resuming Navine AI Image:   4%|3         | 146/4000 [01:40<30:46,  2.09it/s, loss=0.0106]
Resuming Navine AI Image:   4%|3         | 147/4000 [01:41<30:50,  2.08it/s, loss=0.0106]
Resuming Navine AI Image:   4%|3         | 147/4000 [01:41<30:50,  2.08it/s, loss=0.1313]
Resuming Navine AI Image:   4%|3         | 148/4000 [01:41<30:47,  2.09it/s, loss=0.1313]
Resuming Navine AI Image:   4%|3         | 148/4000 [01:41<30:47,  2.09it/s, loss=0.0165]
Resuming Navine AI Image:   4%|3         | 149/4000 [01:42<30:44,  2.09it/s, loss=0.0165]
Resuming Navine AI Image:   4%|3         | 149/4000 [01:42<30:44,  2.09it/s, loss=0.0143]
Resuming Navine AI Image:   4%|3         | 150/4000 [01:42<30:41,  2.09it/s, loss=0.0143]
Resuming Navine AI Image:   4%|3         | 150/4000 [01:42<30:41,  2.09it/s, loss=0.0826]
Resuming Navine AI Image:   4%|3         | 151/4000 [01:43<30:42,  2.09it/s, loss=0.0826]
Resuming Navine AI Image:   4%|3         | 151/4000 [01:43<30:42,  2.09it/s, loss=0.0127]
Resuming Navine AI Image:   4%|3         | 152/4000 [01:43<30:42,  2.09it/s, loss=0.0127]
Resuming Navine AI Image:   4%|3         | 152/4000 [01:43<30:42,  2.09it/s, loss=0.1543]
Resuming Navine AI Image:   4%|3         | 153/4000 [01:44<30:40,  2.09it/s, loss=0.1543]
Resuming Navine AI Image:   4%|3         | 153/4000 [01:44<30:40,  2.09it/s, loss=0.0396]
Resuming Navine AI Image:   4%|3         | 154/4000 [01:44<30:39,  2.09it/s, loss=0.0396]
Resuming Navine AI Image:   4%|3         | 154/4000 [01:44<30:39,  2.09it/s, loss=0.0053]
Resuming Navine AI Image:   4%|3         | 155/4000 [01:45<30:36,  2.09it/s, loss=0.0053]
Resuming Navine AI Image:   4%|3         | 155/4000 [01:45<30:36,  2.09it/s, loss=0.0067]
Resuming Navine AI Image:   4%|3         | 156/4000 [01:45<30:33,  2.10it/s, loss=0.0067]
Resuming Navine AI Image:   4%|3         | 156/4000 [01:45<30:33,  2.10it/s, loss=0.0345]
Resuming Navine AI Image:   4%|3         | 157/4000 [01:46<30:36,  2.09it/s, loss=0.0345]
Resuming Navine AI Image:   4%|3         | 157/4000 [01:46<30:36,  2.09it/s, loss=0.0121]
Resuming Navine AI Image:   4%|3         | 158/4000 [01:46<30:32,  2.10it/s, loss=0.0121]
Resuming Navine AI Image:   4%|3         | 158/4000 [01:46<30:32,  2.10it/s, loss=0.0439]
Resuming Navine AI Image:   4%|3         | 159/4000 [01:47<30:36,  2.09it/s, loss=0.0439]
Resuming Navine AI Image:   4%|3         | 159/4000 [01:47<30:36,  2.09it/s, loss=0.0185]
Resuming Navine AI Image:   4%|4         | 160/4000 [01:47<30:35,  2.09it/s, loss=0.0185]
Resuming Navine AI Image:   4%|4         | 160/4000 [01:47<30:35,  2.09it/s, loss=0.0129]
Resuming Navine AI Image:   4%|4         | 161/4000 [01:48<30:45,  2.08it/s, loss=0.0129]
Resuming Navine AI Image:   4%|4         | 161/4000 [01:48<30:45,  2.08it/s, loss=0.0095]
Resuming Navine AI Image:   4%|4         | 162/4000 [01:48<30:43,  2.08it/s, loss=0.0095]
Resuming Navine AI Image:   4%|4         | 162/4000 [01:48<30:43,  2.08it/s, loss=0.0075]
Resuming Navine AI Image:   4%|4         | 163/4000 [01:49<30:37,  2.09it/s, loss=0.0075]
Resuming Navine AI Image:   4%|4         | 163/4000 [01:49<30:37,  2.09it/s, loss=0.0226]
Resuming Navine AI Image:   4%|4         | 164/4000 [01:49<30:38,  2.09it/s, loss=0.0226]
Resuming Navine AI Image:   4%|4         | 164/4000 [01:49<30:38,  2.09it/s, loss=0.0093]
Resuming Navine AI Image:   4%|4         | 165/4000 [01:50<30:35,  2.09it/s, loss=0.0093]
Resuming Navine AI Image:   4%|4         | 165/4000 [01:50<30:35,  2.09it/s, loss=0.0533]
Resuming Navine AI Image:   4%|4         | 166/4000 [01:50<30:35,  2.09it/s, loss=0.0533]
Resuming Navine AI Image:   4%|4         | 166/4000 [01:50<30:35,  2.09it/s, loss=0.0077]
Resuming Navine AI Image:   4%|4         | 167/4000 [01:50<30:32,  2.09it/s, loss=0.0077]
Resuming Navine AI Image:   4%|4         | 167/4000 [01:51<30:32,  2.09it/s, loss=0.0132]
Resuming Navine AI Image:   4%|4         | 168/4000 [01:51<30:31,  2.09it/s, loss=0.0132]
Resuming Navine AI Image:   4%|4         | 168/4000 [01:51<30:31,  2.09it/s, loss=0.0074]
Resuming Navine AI Image:   4%|4         | 169/4000 [01:51<30:33,  2.09it/s, loss=0.0074]
Resuming Navine AI Image:   4%|4         | 169/4000 [01:51<30:33,  2.09it/s, loss=0.0041]
Resuming Navine AI Image:   4%|4         | 170/4000 [01:52<30:33,  2.09it/s, loss=0.0041]
Resuming Navine AI Image:   4%|4         | 170/4000 [01:52<30:33,  2.09it/s, loss=0.0121]
Resuming Navine AI Image:   4%|4         | 171/4000 [01:52<30:28,  2.09it/s, loss=0.0121]
Resuming Navine AI Image:   4%|4         | 171/4000 [01:52<30:28,  2.09it/s, loss=0.0293]
Resuming Navine AI Image:   4%|4         | 172/4000 [01:53<30:27,  2.09it/s, loss=0.0293]
Resuming Navine AI Image:   4%|4         | 172/4000 [01:53<30:27,  2.09it/s, loss=0.0061]
Resuming Navine AI Image:   4%|4         | 173/4000 [01:53<30:32,  2.09it/s, loss=0.0061]
Resuming Navine AI Image:   4%|4         | 173/4000 [01:53<30:32,  2.09it/s, loss=0.0100]
Resuming Navine AI Image:   4%|4         | 174/4000 [01:54<30:33,  2.09it/s, loss=0.0100]
Resuming Navine AI Image:   4%|4         | 174/4000 [01:54<30:33,  2.09it/s, loss=0.0289]
Resuming Navine AI Image:   4%|4         | 175/4000 [01:54<30:38,  2.08it/s, loss=0.0289]
Resuming Navine AI Image:   4%|4         | 175/4000 [01:54<30:38,  2.08it/s, loss=0.0124]
Resuming Navine AI Image:   4%|4         | 176/4000 [01:55<30:33,  2.09it/s, loss=0.0124]
Resuming Navine AI Image:   4%|4         | 176/4000 [01:55<30:33,  2.09it/s, loss=0.0007]
Resuming Navine AI Image:   4%|4         | 177/4000 [01:55<30:26,  2.09it/s, loss=0.0007]
Resuming Navine AI Image:   4%|4         | 177/4000 [01:55<30:26,  2.09it/s, loss=0.0028]
Resuming Navine AI Image:   4%|4         | 178/4000 [01:56<30:30,  2.09it/s, loss=0.0028]
Resuming Navine AI Image:   4%|4         | 178/4000 [01:56<30:30,  2.09it/s, loss=0.0164]
Resuming Navine AI Image:   4%|4         | 179/4000 [01:56<30:36,  2.08it/s, loss=0.0164]
Resuming Navine AI Image:   4%|4         | 179/4000 [01:56<30:36,  2.08it/s, loss=0.0171]
Resuming Navine AI Image:   4%|4         | 180/4000 [01:57<30:33,  2.08it/s, loss=0.0171]
Resuming Navine AI Image:   4%|4         | 180/4000 [01:57<30:33,  2.08it/s, loss=0.0104]
Resuming Navine AI Image:   5%|4         | 181/4000 [01:57<30:30,  2.09it/s, loss=0.0104]
Resuming Navine AI Image:   5%|4         | 181/4000 [01:57<30:30,  2.09it/s, loss=0.0085]
Resuming Navine AI Image:   5%|4         | 182/4000 [01:58<30:35,  2.08it/s, loss=0.0085]
Resuming Navine AI Image:   5%|4         | 182/4000 [01:58<30:35,  2.08it/s, loss=0.1264]
Resuming Navine AI Image:   5%|4         | 183/4000 [01:58<30:29,  2.09it/s, loss=0.1264]
Resuming Navine AI Image:   5%|4         | 183/4000 [01:58<30:29,  2.09it/s, loss=0.0093]
Resuming Navine AI Image:   5%|4         | 184/4000 [01:59<30:28,  2.09it/s, loss=0.0093]
Resuming Navine AI Image:   5%|4         | 184/4000 [01:59<30:28,  2.09it/s, loss=0.0054]
Resuming Navine AI Image:   5%|4         | 185/4000 [01:59<30:32,  2.08it/s, loss=0.0054]
Resuming Navine AI Image:   5%|4         | 185/4000 [01:59<30:32,  2.08it/s, loss=0.0088]
Resuming Navine AI Image:   5%|4         | 186/4000 [02:00<30:38,  2.07it/s, loss=0.0088]
Resuming Navine AI Image:   5%|4         | 186/4000 [02:00<30:38,  2.07it/s, loss=0.0237]
Resuming Navine AI Image:   5%|4         | 187/4000 [02:00<30:35,  2.08it/s, loss=0.0237]
Resuming Navine AI Image:   5%|4         | 187/4000 [02:00<30:35,  2.08it/s, loss=0.0169]
Resuming Navine AI Image:   5%|4         | 188/4000 [02:01<30:32,  2.08it/s, loss=0.0169]
Resuming Navine AI Image:   5%|4         | 188/4000 [02:01<30:32,  2.08it/s, loss=0.0122]
Resuming Navine AI Image:   5%|4         | 189/4000 [02:01<30:31,  2.08it/s, loss=0.0122]
Resuming Navine AI Image:   5%|4         | 189/4000 [02:01<30:31,  2.08it/s, loss=0.0248]
Resuming Navine AI Image:   5%|4         | 190/4000 [02:02<30:29,  2.08it/s, loss=0.0248]
Resuming Navine AI Image:   5%|4         | 190/4000 [02:02<30:29,  2.08it/s, loss=0.0228]
Resuming Navine AI Image:   5%|4         | 191/4000 [02:02<30:26,  2.09it/s, loss=0.0228]
Resuming Navine AI Image:   5%|4         | 191/4000 [02:02<30:26,  2.09it/s, loss=0.0035]
Resuming Navine AI Image:   5%|4         | 192/4000 [02:02<30:20,  2.09it/s, loss=0.0035]
Resuming Navine AI Image:   5%|4         | 192/4000 [02:03<30:20,  2.09it/s, loss=0.0019]
Resuming Navine AI Image:   5%|4         | 193/4000 [02:03<30:26,  2.08it/s, loss=0.0019]
Resuming Navine AI Image:   5%|4         | 193/4000 [02:03<30:26,  2.08it/s, loss=0.0056]
Resuming Navine AI Image:   5%|4         | 194/4000 [02:03<30:21,  2.09it/s, loss=0.0056]
Resuming Navine AI Image:   5%|4         | 194/4000 [02:03<30:21,  2.09it/s, loss=0.0351]
Resuming Navine AI Image:   5%|4         | 195/4000 [02:04<30:22,  2.09it/s, loss=0.0351]
Resuming Navine AI Image:   5%|4         | 195/4000 [02:04<30:22,  2.09it/s, loss=0.0301]
Resuming Navine AI Image:   5%|4         | 196/4000 [02:04<30:26,  2.08it/s, loss=0.0301]
Resuming Navine AI Image:   5%|4         | 196/4000 [02:04<30:26,  2.08it/s, loss=0.0135]
Resuming Navine AI Image:   5%|4         | 197/4000 [02:05<30:25,  2.08it/s, loss=0.0135]
Resuming Navine AI Image:   5%|4         | 197/4000 [02:05<30:25,  2.08it/s, loss=0.0165]
Resuming Navine AI Image:   5%|4         | 198/4000 [02:05<30:25,  2.08it/s, loss=0.0165]
Resuming Navine AI Image:   5%|4         | 198/4000 [02:05<30:25,  2.08it/s, loss=0.1159]
Resuming Navine AI Image:   5%|4         | 199/4000 [02:06<30:23,  2.08it/s, loss=0.1159]
Resuming Navine AI Image:   5%|4         | 199/4000 [02:06<30:23,  2.08it/s, loss=0.0220]
Resuming Navine AI Image:   5%|5         | 200/4000 [02:06<30:27,  2.08it/s, loss=0.0220]
Resuming Navine AI Image:   5%|5         | 200/4000 [02:06<30:27,  2.08it/s, loss=0.0075]
Resuming Navine AI Image:   5%|5         | 201/4000 [02:07<30:30,  2.08it/s, loss=0.0075]
Resuming Navine AI Image:   5%|5         | 201/4000 [02:07<30:30,  2.08it/s, loss=0.0336]
Resuming Navine AI Image:   5%|5         | 202/4000 [02:07<30:28,  2.08it/s, loss=0.0336]
Resuming Navine AI Image:   5%|5         | 202/4000 [02:07<30:28,  2.08it/s, loss=0.0082]
Resuming Navine AI Image:   5%|5         | 203/4000 [02:08<30:25,  2.08it/s, loss=0.0082]
Resuming Navine AI Image:   5%|5         | 203/4000 [02:08<30:25,  2.08it/s, loss=0.0264]
Resuming Navine AI Image:   5%|5         | 204/4000 [02:08<30:27,  2.08it/s, loss=0.0264]
Resuming Navine AI Image:   5%|5         | 204/4000 [02:08<30:27,  2.08it/s, loss=0.0060]
Resuming Navine AI Image:   5%|5         | 205/4000 [02:09<30:21,  2.08it/s, loss=0.0060]
Resuming Navine AI Image:   5%|5         | 205/4000 [02:09<30:21,  2.08it/s, loss=0.0060]
Resuming Navine AI Image:   5%|5         | 206/4000 [02:09<30:23,  2.08it/s, loss=0.0060]
Resuming Navine AI Image:   5%|5         | 206/4000 [02:09<30:23,  2.08it/s, loss=0.0304]
Resuming Navine AI Image:   5%|5         | 207/4000 [02:10<30:22,  2.08it/s, loss=0.0304]
Resuming Navine AI Image:   5%|5         | 207/4000 [02:10<30:22,  2.08it/s, loss=0.0056]
Resuming Navine AI Image:   5%|5         | 208/4000 [02:10<30:24,  2.08it/s, loss=0.0056]
Resuming Navine AI Image:   5%|5         | 208/4000 [02:10<30:24,  2.08it/s, loss=0.0146]
Resuming Navine AI Image:   5%|5         | 209/4000 [02:11<30:20,  2.08it/s, loss=0.0146]
Resuming Navine AI Image:   5%|5         | 209/4000 [02:11<30:20,  2.08it/s, loss=0.1537]
Resuming Navine AI Image:   5%|5         | 210/4000 [02:11<30:14,  2.09it/s, loss=0.1537]
Resuming Navine AI Image:   5%|5         | 210/4000 [02:11<30:14,  2.09it/s, loss=0.0324]
Resuming Navine AI Image:   5%|5         | 211/4000 [02:12<30:14,  2.09it/s, loss=0.0324]
Resuming Navine AI Image:   5%|5         | 211/4000 [02:12<30:14,  2.09it/s, loss=0.0079]
Resuming Navine AI Image:   5%|5         | 212/4000 [02:12<30:17,  2.08it/s, loss=0.0079]
Resuming Navine AI Image:   5%|5         | 212/4000 [02:12<30:17,  2.08it/s, loss=0.0099]
Resuming Navine AI Image:   5%|5         | 213/4000 [02:13<30:16,  2.08it/s, loss=0.0099]
Resuming Navine AI Image:   5%|5         | 213/4000 [02:13<30:16,  2.08it/s, loss=0.0244]
Resuming Navine AI Image:   5%|5         | 214/4000 [02:13<30:18,  2.08it/s, loss=0.0244]
Resuming Navine AI Image:   5%|5         | 214/4000 [02:13<30:18,  2.08it/s, loss=0.0049]
Resuming Navine AI Image:   5%|5         | 215/4000 [02:14<30:14,  2.09it/s, loss=0.0049]
Resuming Navine AI Image:   5%|5         | 215/4000 [02:14<30:14,  2.09it/s, loss=0.0050]
Resuming Navine AI Image:   5%|5         | 216/4000 [02:14<30:14,  2.09it/s, loss=0.0050]
Resuming Navine AI Image:   5%|5         | 216/4000 [02:14<30:14,  2.09it/s, loss=0.0103]
Resuming Navine AI Image:   5%|5         | 217/4000 [02:14<30:13,  2.09it/s, loss=0.0103]
Resuming Navine AI Image:   5%|5         | 217/4000 [02:15<30:13,  2.09it/s, loss=0.0201]
Resuming Navine AI Image:   5%|5         | 218/4000 [02:15<30:11,  2.09it/s, loss=0.0201]
Resuming Navine AI Image:   5%|5         | 218/4000 [02:15<30:11,  2.09it/s, loss=0.0197]
Resuming Navine AI Image:   5%|5         | 219/4000 [02:15<30:09,  2.09it/s, loss=0.0197]
Resuming Navine AI Image:   5%|5         | 219/4000 [02:15<30:09,  2.09it/s, loss=0.0104]
Resuming Navine AI Image:   6%|5         | 220/4000 [02:16<30:07,  2.09it/s, loss=0.0104]
Resuming Navine AI Image:   6%|5         | 220/4000 [02:16<30:07,  2.09it/s, loss=0.0079]
Resuming Navine AI Image:   6%|5         | 221/4000 [02:16<30:12,  2.08it/s, loss=0.0079]
Resuming Navine AI Image:   6%|5         | 221/4000 [02:16<30:12,  2.08it/s, loss=0.0152]
Resuming Navine AI Image:   6%|5         | 222/4000 [02:17<30:09,  2.09it/s, loss=0.0152]
Resuming Navine AI Image:   6%|5         | 222/4000 [02:17<30:09,  2.09it/s, loss=0.0110]
Resuming Navine AI Image:   6%|5         | 223/4000 [02:17<30:11,  2.09it/s, loss=0.0110]
Resuming Navine AI Image:   6%|5         | 223/4000 [02:17<30:11,  2.09it/s, loss=0.0115]
Resuming Navine AI Image:   6%|5         | 224/4000 [02:18<30:16,  2.08it/s, loss=0.0115]
Resuming Navine AI Image:   6%|5         | 224/4000 [02:18<30:16,  2.08it/s, loss=0.0076]
Resuming Navine AI Image:   6%|5         | 225/4000 [02:18<30:08,  2.09it/s, loss=0.0076]
Resuming Navine AI Image:   6%|5         | 225/4000 [02:18<30:08,  2.09it/s, loss=0.0036]
Resuming Navine AI Image:   6%|5         | 226/4000 [02:19<30:09,  2.09it/s, loss=0.0036]
Resuming Navine AI Image:   6%|5         | 226/4000 [02:19<30:09,  2.09it/s, loss=0.0036]
Resuming Navine AI Image:   6%|5         | 227/4000 [02:19<30:19,  2.07it/s, loss=0.0036]
Resuming Navine AI Image:   6%|5         | 227/4000 [02:19<30:19,  2.07it/s, loss=0.0029]
Resuming Navine AI Image:   6%|5         | 228/4000 [02:20<30:20,  2.07it/s, loss=0.0029]
Resuming Navine AI Image:   6%|5         | 228/4000 [02:20<30:20,  2.07it/s, loss=0.0025]
Resuming Navine AI Image:   6%|5         | 229/4000 [02:20<30:14,  2.08it/s, loss=0.0025]
Resuming Navine AI Image:   6%|5         | 229/4000 [02:20<30:14,  2.08it/s, loss=0.0321]
Resuming Navine AI Image:   6%|5         | 230/4000 [02:21<30:07,  2.09it/s, loss=0.0321]
Resuming Navine AI Image:   6%|5         | 230/4000 [02:21<30:07,  2.09it/s, loss=0.0064]
Resuming Navine AI Image:   6%|5         | 231/4000 [02:21<30:04,  2.09it/s, loss=0.0064]
Resuming Navine AI Image:   6%|5         | 231/4000 [02:21<30:04,  2.09it/s, loss=0.0130]
Resuming Navine AI Image:   6%|5         | 232/4000 [02:22<30:09,  2.08it/s, loss=0.0130]
Resuming Navine AI Image:   6%|5         | 232/4000 [02:22<30:09,  2.08it/s, loss=0.0059]
Resuming Navine AI Image:   6%|5         | 233/4000 [02:22<30:13,  2.08it/s, loss=0.0059]
Resuming Navine AI Image:   6%|5         | 233/4000 [02:22<30:13,  2.08it/s, loss=0.0071]
Resuming Navine AI Image:   6%|5         | 234/4000 [02:23<30:02,  2.09it/s, loss=0.0071]
Resuming Navine AI Image:   6%|5         | 234/4000 [02:23<30:02,  2.09it/s, loss=0.0034]
Resuming Navine AI Image:   6%|5         | 235/4000 [02:23<30:01,  2.09it/s, loss=0.0034]
Resuming Navine AI Image:   6%|5         | 235/4000 [02:23<30:01,  2.09it/s, loss=0.0055]
Resuming Navine AI Image:   6%|5         | 236/4000 [02:24<30:02,  2.09it/s, loss=0.0055]
Resuming Navine AI Image:   6%|5         | 236/4000 [02:24<30:02,  2.09it/s, loss=0.0057]
Resuming Navine AI Image:   6%|5         | 237/4000 [02:24<30:05,  2.08it/s, loss=0.0057]
Resuming Navine AI Image:   6%|5         | 237/4000 [02:24<30:05,  2.08it/s, loss=0.0035]
Resuming Navine AI Image:   6%|5         | 238/4000 [02:25<30:11,  2.08it/s, loss=0.0035]
Resuming Navine AI Image:   6%|5         | 238/4000 [02:25<30:11,  2.08it/s, loss=0.0191]
Resuming Navine AI Image:   6%|5         | 239/4000 [02:25<30:09,  2.08it/s, loss=0.0191]
Resuming Navine AI Image:   6%|5         | 239/4000 [02:25<30:09,  2.08it/s, loss=0.0207]
Resuming Navine AI Image:   6%|6         | 240/4000 [02:26<30:02,  2.09it/s, loss=0.0207]
Resuming Navine AI Image:   6%|6         | 240/4000 [02:26<30:02,  2.09it/s, loss=0.1664]
Resuming Navine AI Image:   6%|6         | 241/4000 [02:26<30:01,  2.09it/s, loss=0.1664]
Resuming Navine AI Image:   6%|6         | 241/4000 [02:26<30:01,  2.09it/s, loss=0.0046]
Resuming Navine AI Image:   6%|6         | 242/4000 [02:26<30:02,  2.09it/s, loss=0.0046]
Resuming Navine AI Image:   6%|6         | 242/4000 [02:27<30:02,  2.09it/s, loss=0.0039]
Resuming Navine AI Image:   6%|6         | 243/4000 [02:27<30:02,  2.08it/s, loss=0.0039]
Resuming Navine AI Image:   6%|6         | 243/4000 [02:27<30:02,  2.08it/s, loss=0.0490]
Resuming Navine AI Image:   6%|6         | 244/4000 [02:27<30:00,  2.09it/s, loss=0.0490]
Resuming Navine AI Image:   6%|6         | 244/4000 [02:27<30:00,  2.09it/s, loss=0.0054]
Resuming Navine AI Image:   6%|6         | 245/4000 [02:28<29:57,  2.09it/s, loss=0.0054]
Resuming Navine AI Image:   6%|6         | 245/4000 [02:28<29:57,  2.09it/s, loss=0.0064]
Resuming Navine AI Image:   6%|6         | 246/4000 [02:28<30:00,  2.09it/s, loss=0.0064]
Resuming Navine AI Image:   6%|6         | 246/4000 [02:28<30:00,  2.09it/s, loss=0.0067]
Resuming Navine AI Image:   6%|6         | 247/4000 [02:29<30:01,  2.08it/s, loss=0.0067]
Resuming Navine AI Image:   6%|6         | 247/4000 [02:29<30:01,  2.08it/s, loss=0.0100]
Resuming Navine AI Image:   6%|6         | 248/4000 [02:29<29:58,  2.09it/s, loss=0.0100]
Resuming Navine AI Image:   6%|6         | 248/4000 [02:29<29:58,  2.09it/s, loss=0.0179]
Resuming Navine AI Image:   6%|6         | 249/4000 [02:30<29:57,  2.09it/s, loss=0.0179]
Resuming Navine AI Image:   6%|6         | 249/4000 [02:30<29:57,  2.09it/s, loss=0.0280]
Resuming Navine AI Image:   6%|6         | 250/4000 [02:30<30:00,  2.08it/s, loss=0.0280]
Resuming Navine AI Image:   6%|6         | 250/4000 [02:30<30:00,  2.08it/s, loss=0.0037]
Resuming Navine AI Image:   6%|6         | 251/4000 [02:31<30:03,  2.08it/s, loss=0.0037]
Resuming Navine AI Image:   6%|6         | 251/4000 [02:31<30:03,  2.08it/s, loss=0.0045]
Resuming Navine AI Image:   6%|6         | 252/4000 [02:31<30:06,  2.07it/s, loss=0.0045]
Resuming Navine AI Image:   6%|6         | 252/4000 [02:31<30:06,  2.07it/s, loss=0.0085]
Resuming Navine AI Image:   6%|6         | 253/4000 [02:32<30:00,  2.08it/s, loss=0.0085]
Resuming Navine AI Image:   6%|6         | 253/4000 [02:32<30:00,  2.08it/s, loss=0.0497]
Resuming Navine AI Image:   6%|6         | 254/4000 [02:32<29:56,  2.09it/s, loss=0.0497]
Resuming Navine AI Image:   6%|6         | 254/4000 [02:32<29:56,  2.09it/s, loss=0.0099]
Resuming Navine AI Image:   6%|6         | 255/4000 [02:33<29:56,  2.08it/s, loss=0.0099]
Resuming Navine AI Image:   6%|6         | 255/4000 [02:33<29:56,  2.08it/s, loss=0.0034]
Resuming Navine AI Image:   6%|6         | 256/4000 [02:33<29:54,  2.09it/s, loss=0.0034]
Resuming Navine AI Image:   6%|6         | 256/4000 [02:33<29:54,  2.09it/s, loss=0.0068]
Resuming Navine AI Image:   6%|6         | 257/4000 [02:34<29:57,  2.08it/s, loss=0.0068]
Resuming Navine AI Image:   6%|6         | 257/4000 [02:34<29:57,  2.08it/s, loss=0.0069]
Resuming Navine AI Image:   6%|6         | 258/4000 [02:34<29:51,  2.09it/s, loss=0.0069]
Resuming Navine AI Image:   6%|6         | 258/4000 [02:34<29:51,  2.09it/s, loss=0.0050]
Resuming Navine AI Image:   6%|6         | 259/4000 [02:35<29:56,  2.08it/s, loss=0.0050]
Resuming Navine AI Image:   6%|6         | 259/4000 [02:35<29:56,  2.08it/s, loss=0.0010]
Resuming Navine AI Image:   6%|6         | 260/4000 [02:35<29:59,  2.08it/s, loss=0.0010]
Resuming Navine AI Image:   6%|6         | 260/4000 [02:35<29:59,  2.08it/s, loss=0.0175]
Resuming Navine AI Image:   7%|6         | 261/4000 [02:36<30:02,  2.07it/s, loss=0.0175]
Resuming Navine AI Image:   7%|6         | 261/4000 [02:36<30:02,  2.07it/s, loss=0.0047]
Resuming Navine AI Image:   7%|6         | 262/4000 [02:36<29:56,  2.08it/s, loss=0.0047]
Resuming Navine AI Image:   7%|6         | 262/4000 [02:36<29:56,  2.08it/s, loss=0.0074]
Resuming Navine AI Image:   7%|6         | 263/4000 [02:37<29:56,  2.08it/s, loss=0.0074]
Resuming Navine AI Image:   7%|6         | 263/4000 [02:37<29:56,  2.08it/s, loss=0.0084]
Resuming Navine AI Image:   7%|6         | 264/4000 [02:37<29:56,  2.08it/s, loss=0.0084]
Resuming Navine AI Image:   7%|6         | 264/4000 [02:37<29:56,  2.08it/s, loss=0.0037]
Resuming Navine AI Image:   7%|6         | 265/4000 [02:38<29:55,  2.08it/s, loss=0.0037]
Resuming Navine AI Image:   7%|6         | 265/4000 [02:38<29:55,  2.08it/s, loss=0.0070]
Resuming Navine AI Image:   7%|6         | 266/4000 [02:38<29:58,  2.08it/s, loss=0.0070]
Resuming Navine AI Image:   7%|6         | 266/4000 [02:38<29:58,  2.08it/s, loss=0.0099]
Resuming Navine AI Image:   7%|6         | 267/4000 [02:38<29:55,  2.08it/s, loss=0.0099]
Resuming Navine AI Image:   7%|6         | 267/4000 [02:39<29:55,  2.08it/s, loss=0.0094]
Resuming Navine AI Image:   7%|6         | 268/4000 [02:39<29:50,  2.08it/s, loss=0.0094]
Resuming Navine AI Image:   7%|6         | 268/4000 [02:39<29:50,  2.08it/s, loss=0.0084]
Resuming Navine AI Image:   7%|6         | 269/4000 [02:39<29:47,  2.09it/s, loss=0.0084]
Resuming Navine AI Image:   7%|6         | 269/4000 [02:39<29:47,  2.09it/s, loss=0.0030]
Resuming Navine AI Image:   7%|6         | 270/4000 [02:40<29:43,  2.09it/s, loss=0.0030]
Resuming Navine AI Image:   7%|6         | 270/4000 [02:40<29:43,  2.09it/s, loss=0.0013]
Resuming Navine AI Image:   7%|6         | 271/4000 [02:40<29:49,  2.08it/s, loss=0.0013]
Resuming Navine AI Image:   7%|6         | 271/4000 [02:40<29:49,  2.08it/s, loss=0.0074]
Resuming Navine AI Image:   7%|6         | 272/4000 [02:41<29:48,  2.08it/s, loss=0.0074]
Resuming Navine AI Image:   7%|6         | 272/4000 [02:41<29:48,  2.08it/s, loss=0.0035]
Resuming Navine AI Image:   7%|6         | 273/4000 [02:41<29:48,  2.08it/s, loss=0.0035]
Resuming Navine AI Image:   7%|6         | 273/4000 [02:41<29:48,  2.08it/s, loss=0.0040]
Resuming Navine AI Image:   7%|6         | 274/4000 [02:42<29:47,  2.08it/s, loss=0.0040]
Resuming Navine AI Image:   7%|6         | 274/4000 [02:42<29:47,  2.08it/s, loss=0.0159]
Resuming Navine AI Image:   7%|6         | 275/4000 [02:42<29:43,  2.09it/s, loss=0.0159]
Resuming Navine AI Image:   7%|6         | 275/4000 [02:42<29:43,  2.09it/s, loss=0.0050]
Resuming Navine AI Image:   7%|6         | 276/4000 [02:43<29:44,  2.09it/s, loss=0.0050]
Resuming Navine AI Image:   7%|6         | 276/4000 [02:43<29:44,  2.09it/s, loss=0.0046]
Resuming Navine AI Image:   7%|6         | 277/4000 [02:43<29:47,  2.08it/s, loss=0.0046]
Resuming Navine AI Image:   7%|6         | 277/4000 [02:43<29:47,  2.08it/s, loss=0.0031]
Resuming Navine AI Image:   7%|6         | 278/4000 [02:44<29:45,  2.08it/s, loss=0.0031]
Resuming Navine AI Image:   7%|6         | 278/4000 [02:44<29:45,  2.08it/s, loss=0.0041]
Resuming Navine AI Image:   7%|6         | 279/4000 [02:44<29:44,  2.08it/s, loss=0.0041]
Resuming Navine AI Image:   7%|6         | 279/4000 [02:44<29:44,  2.08it/s, loss=0.0035]
Resuming Navine AI Image:   7%|7         | 280/4000 [02:45<29:42,  2.09it/s, loss=0.0035]
Resuming Navine AI Image:   7%|7         | 280/4000 [02:45<29:42,  2.09it/s, loss=0.0028]
Resuming Navine AI Image:   7%|7         | 281/4000 [02:45<29:46,  2.08it/s, loss=0.0028]
Resuming Navine AI Image:   7%|7         | 281/4000 [02:45<29:46,  2.08it/s, loss=0.0404]
Resuming Navine AI Image:   7%|7         | 282/4000 [02:46<29:44,  2.08it/s, loss=0.0404]
Resuming Navine AI Image:   7%|7         | 282/4000 [02:46<29:44,  2.08it/s, loss=0.0074]
Resuming Navine AI Image:   7%|7         | 283/4000 [02:46<29:41,  2.09it/s, loss=0.0074]
Resuming Navine AI Image:   7%|7         | 283/4000 [02:46<29:41,  2.09it/s, loss=0.0063]
Resuming Navine AI Image:   7%|7         | 284/4000 [02:47<29:49,  2.08it/s, loss=0.0063]
Resuming Navine AI Image:   7%|7         | 284/4000 [02:47<29:49,  2.08it/s, loss=0.0254]
Resuming Navine AI Image:   7%|7         | 285/4000 [02:47<29:45,  2.08it/s, loss=0.0254]
Resuming Navine AI Image:   7%|7         | 285/4000 [02:47<29:45,  2.08it/s, loss=0.1831]
Resuming Navine AI Image:   7%|7         | 286/4000 [02:48<29:47,  2.08it/s, loss=0.1831]
Resuming Navine AI Image:   7%|7         | 286/4000 [02:48<29:47,  2.08it/s, loss=0.0124]
Resuming Navine AI Image:   7%|7         | 287/4000 [02:48<29:41,  2.08it/s, loss=0.0124]
Resuming Navine AI Image:   7%|7         | 287/4000 [02:48<29:41,  2.08it/s, loss=0.1899]
Resuming Navine AI Image:   7%|7         | 288/4000 [02:49<29:39,  2.09it/s, loss=0.1899]
Resuming Navine AI Image:   7%|7         | 288/4000 [02:49<29:39,  2.09it/s, loss=0.0227]
Resuming Navine AI Image:   7%|7         | 289/4000 [02:49<29:37,  2.09it/s, loss=0.0227]
Resuming Navine AI Image:   7%|7         | 289/4000 [02:49<29:37,  2.09it/s, loss=0.0028]
Resuming Navine AI Image:   7%|7         | 290/4000 [02:50<29:41,  2.08it/s, loss=0.0028]
Resuming Navine AI Image:   7%|7         | 290/4000 [02:50<29:41,  2.08it/s, loss=0.0104]
Resuming Navine AI Image:   7%|7         | 291/4000 [02:50<29:42,  2.08it/s, loss=0.0104]
Resuming Navine AI Image:   7%|7         | 291/4000 [02:50<29:42,  2.08it/s, loss=0.0091]
Resuming Navine AI Image:   7%|7         | 292/4000 [02:50<29:42,  2.08it/s, loss=0.0091]
Resuming Navine AI Image:   7%|7         | 292/4000 [02:51<29:42,  2.08it/s, loss=0.0151]
Resuming Navine AI Image:   7%|7         | 293/4000 [02:51<29:40,  2.08it/s, loss=0.0151]
Resuming Navine AI Image:   7%|7         | 293/4000 [02:51<29:40,  2.08it/s, loss=0.0585]
Resuming Navine AI Image:   7%|7         | 294/4000 [02:51<29:39,  2.08it/s, loss=0.0585]
Resuming Navine AI Image:   7%|7         | 294/4000 [02:51<29:39,  2.08it/s, loss=0.0104]
Resuming Navine AI Image:   7%|7         | 295/4000 [02:52<29:36,  2.09it/s, loss=0.0104]
Resuming Navine AI Image:   7%|7         | 295/4000 [02:52<29:36,  2.09it/s, loss=0.0358]
Resuming Navine AI Image:   7%|7         | 296/4000 [02:52<29:38,  2.08it/s, loss=0.0358]
Resuming Navine AI Image:   7%|7         | 296/4000 [02:52<29:38,  2.08it/s, loss=0.0247]
Resuming Navine AI Image:   7%|7         | 297/4000 [02:53<29:35,  2.09it/s, loss=0.0247]
Resuming Navine AI Image:   7%|7         | 297/4000 [02:53<29:35,  2.09it/s, loss=0.0945]
Resuming Navine AI Image:   7%|7         | 298/4000 [02:53<29:38,  2.08it/s, loss=0.0945]
Resuming Navine AI Image:   7%|7         | 298/4000 [02:53<29:38,  2.08it/s, loss=0.0143]
Resuming Navine AI Image:   7%|7         | 299/4000 [02:54<29:34,  2.09it/s, loss=0.0143]
Resuming Navine AI Image:   7%|7         | 299/4000 [02:54<29:34,  2.09it/s, loss=0.1411]
Resuming Navine AI Image:   8%|7         | 300/4000 [02:54<29:38,  2.08it/s, loss=0.1411]
Resuming Navine AI Image:   8%|7         | 300/4000 [02:54<29:38,  2.08it/s, loss=0.0066]
Resuming Navine AI Image:   8%|7         | 301/4000 [02:55<29:37,  2.08it/s, loss=0.0066]
Resuming Navine AI Image:   8%|7         | 301/4000 [02:55<29:37,  2.08it/s, loss=0.0063]
Resuming Navine AI Image:   8%|7         | 302/4000 [02:55<29:34,  2.08it/s, loss=0.0063]
Resuming Navine AI Image:   8%|7         | 302/4000 [02:55<29:34,  2.08it/s, loss=0.0104]
Resuming Navine AI Image:   8%|7         | 303/4000 [02:56<29:34,  2.08it/s, loss=0.0104]
Resuming Navine AI Image:   8%|7         | 303/4000 [02:56<29:34,  2.08it/s, loss=0.0123]
Resuming Navine AI Image:   8%|7         | 304/4000 [02:56<29:35,  2.08it/s, loss=0.0123]
Resuming Navine AI Image:   8%|7         | 304/4000 [02:56<29:35,  2.08it/s, loss=0.0100]
Resuming Navine AI Image:   8%|7         | 305/4000 [02:57<29:36,  2.08it/s, loss=0.0100]
Resuming Navine AI Image:   8%|7         | 305/4000 [02:57<29:36,  2.08it/s, loss=0.0755]
Resuming Navine AI Image:   8%|7         | 306/4000 [02:57<29:40,  2.07it/s, loss=0.0755]
Resuming Navine AI Image:   8%|7         | 306/4000 [02:57<29:40,  2.07it/s, loss=0.0780]
Resuming Navine AI Image:   8%|7         | 307/4000 [02:58<29:39,  2.08it/s, loss=0.0780]
Resuming Navine AI Image:   8%|7         | 307/4000 [02:58<29:39,  2.08it/s, loss=0.0171]
Resuming Navine AI Image:   8%|7         | 308/4000 [02:58<29:35,  2.08it/s, loss=0.0171]
Resuming Navine AI Image:   8%|7         | 308/4000 [02:58<29:35,  2.08it/s, loss=0.0013]
Resuming Navine AI Image:   8%|7         | 309/4000 [02:59<29:37,  2.08it/s, loss=0.0013]
Resuming Navine AI Image:   8%|7         | 309/4000 [02:59<29:37,  2.08it/s, loss=0.0096]
Resuming Navine AI Image:   8%|7         | 310/4000 [02:59<29:37,  2.08it/s, loss=0.0096]
Resuming Navine AI Image:   8%|7         | 310/4000 [02:59<29:37,  2.08it/s, loss=0.0053]
Resuming Navine AI Image:   8%|7         | 311/4000 [03:00<29:34,  2.08it/s, loss=0.0053]
Resuming Navine AI Image:   8%|7         | 311/4000 [03:00<29:34,  2.08it/s, loss=0.0152]
Resuming Navine AI Image:   8%|7         | 312/4000 [03:00<29:32,  2.08it/s, loss=0.0152]
Resuming Navine AI Image:   8%|7         | 312/4000 [03:00<29:32,  2.08it/s, loss=0.0104]
Resuming Navine AI Image:   8%|7         | 313/4000 [03:01<29:30,  2.08it/s, loss=0.0104]
Resuming Navine AI Image:   8%|7         | 313/4000 [03:01<29:30,  2.08it/s, loss=0.0064]
Resuming Navine AI Image:   8%|7         | 314/4000 [03:01<29:24,  2.09it/s, loss=0.0064]
Resuming Navine AI Image:   8%|7         | 314/4000 [03:01<29:24,  2.09it/s, loss=0.0086]
Resuming Navine AI Image:   8%|7         | 315/4000 [03:02<29:25,  2.09it/s, loss=0.0086]
Resuming Navine AI Image:   8%|7         | 315/4000 [03:02<29:25,  2.09it/s, loss=0.0078]
Resuming Navine AI Image:   8%|7         | 316/4000 [03:02<29:27,  2.08it/s, loss=0.0078]
Resuming Navine AI Image:   8%|7         | 316/4000 [03:02<29:27,  2.08it/s, loss=0.0184]
Resuming Navine AI Image:   8%|7         | 317/4000 [03:02<29:32,  2.08it/s, loss=0.0184]
Resuming Navine AI Image:   8%|7         | 317/4000 [03:03<29:32,  2.08it/s, loss=0.0536]
Resuming Navine AI Image:   8%|7         | 318/4000 [03:03<29:28,  2.08it/s, loss=0.0536]
Resuming Navine AI Image:   8%|7         | 318/4000 [03:03<29:28,  2.08it/s, loss=0.0782]
Resuming Navine AI Image:   8%|7         | 319/4000 [03:03<29:21,  2.09it/s, loss=0.0782]
Resuming Navine AI Image:   8%|7         | 319/4000 [03:03<29:21,  2.09it/s, loss=0.0042]
Resuming Navine AI Image:   8%|8         | 320/4000 [03:04<29:18,  2.09it/s, loss=0.0042]
Resuming Navine AI Image:   8%|8         | 320/4000 [03:04<29:18,  2.09it/s, loss=0.0092]
Resuming Navine AI Image:   8%|8         | 321/4000 [03:04<29:22,  2.09it/s, loss=0.0092]
Resuming Navine AI Image:   8%|8         | 321/4000 [03:04<29:22,  2.09it/s, loss=0.0096]
Resuming Navine AI Image:   8%|8         | 322/4000 [03:05<29:23,  2.09it/s, loss=0.0096]
Resuming Navine AI Image:   8%|8         | 322/4000 [03:05<29:23,  2.09it/s, loss=0.0180]
Resuming Navine AI Image:   8%|8         | 323/4000 [03:05<29:23,  2.09it/s, loss=0.0180]
Resuming Navine AI Image:   8%|8         | 323/4000 [03:05<29:23,  2.09it/s, loss=0.0167]
Resuming Navine AI Image:   8%|8         | 324/4000 [03:06<29:26,  2.08it/s, loss=0.0167]
Resuming Navine AI Image:   8%|8         | 324/4000 [03:06<29:26,  2.08it/s, loss=0.0073]
Resuming Navine AI Image:   8%|8         | 325/4000 [03:06<29:33,  2.07it/s, loss=0.0073]
Resuming Navine AI Image:   8%|8         | 325/4000 [03:06<29:33,  2.07it/s, loss=0.0056]
Resuming Navine AI Image:   8%|8         | 326/4000 [03:07<29:39,  2.06it/s, loss=0.0056]
Resuming Navine AI Image:   8%|8         | 326/4000 [03:07<29:39,  2.06it/s, loss=0.2279]
Resuming Navine AI Image:   8%|8         | 327/4000 [03:07<29:39,  2.06it/s, loss=0.2279]
Resuming Navine AI Image:   8%|8         | 327/4000 [03:07<29:39,  2.06it/s, loss=0.0347]
Resuming Navine AI Image:   8%|8         | 328/4000 [03:08<29:36,  2.07it/s, loss=0.0347]
Resuming Navine AI Image:   8%|8         | 328/4000 [03:08<29:36,  2.07it/s, loss=0.0069]
Resuming Navine AI Image:   8%|8         | 329/4000 [03:08<29:35,  2.07it/s, loss=0.0069]
Resuming Navine AI Image:   8%|8         | 329/4000 [03:08<29:35,  2.07it/s, loss=0.0215]
Resuming Navine AI Image:   8%|8         | 330/4000 [03:09<29:31,  2.07it/s, loss=0.0215]
Resuming Navine AI Image:   8%|8         | 330/4000 [03:09<29:31,  2.07it/s, loss=0.0087]
Resuming Navine AI Image:   8%|8         | 331/4000 [03:09<29:27,  2.08it/s, loss=0.0087]
Resuming Navine AI Image:   8%|8         | 331/4000 [03:09<29:27,  2.08it/s, loss=0.0456]
Resuming Navine AI Image:   8%|8         | 332/4000 [03:10<29:24,  2.08it/s, loss=0.0456]
Resuming Navine AI Image:   8%|8         | 332/4000 [03:10<29:24,  2.08it/s, loss=0.0216]
Resuming Navine AI Image:   8%|8         | 333/4000 [03:10<29:25,  2.08it/s, loss=0.0216]
Resuming Navine AI Image:   8%|8         | 333/4000 [03:10<29:25,  2.08it/s, loss=0.0122]
Resuming Navine AI Image:   8%|8         | 334/4000 [03:11<29:30,  2.07it/s, loss=0.0122]
Resuming Navine AI Image:   8%|8         | 334/4000 [03:11<29:30,  2.07it/s, loss=0.1489]
Resuming Navine AI Image:   8%|8         | 335/4000 [03:11<29:26,  2.08it/s, loss=0.1489]
Resuming Navine AI Image:   8%|8         | 335/4000 [03:11<29:26,  2.08it/s, loss=0.0084]
Resuming Navine AI Image:   8%|8         | 336/4000 [03:12<29:23,  2.08it/s, loss=0.0084]
Resuming Navine AI Image:   8%|8         | 336/4000 [03:12<29:23,  2.08it/s, loss=0.0044]
Resuming Navine AI Image:   8%|8         | 337/4000 [03:12<29:24,  2.08it/s, loss=0.0044]
Resuming Navine AI Image:   8%|8         | 337/4000 [03:12<29:24,  2.08it/s, loss=0.0405]
Resuming Navine AI Image:   8%|8         | 338/4000 [03:13<29:23,  2.08it/s, loss=0.0405]
Resuming Navine AI Image:   8%|8         | 338/4000 [03:13<29:23,  2.08it/s, loss=0.0101]
Resuming Navine AI Image:   8%|8         | 339/4000 [03:13<29:22,  2.08it/s, loss=0.0101]
Resuming Navine AI Image:   8%|8         | 339/4000 [03:13<29:22,  2.08it/s, loss=0.0040]
Resuming Navine AI Image:   8%|8         | 340/4000 [03:14<29:20,  2.08it/s, loss=0.0040]
Resuming Navine AI Image:   8%|8         | 340/4000 [03:14<29:20,  2.08it/s, loss=0.0073]
Resuming Navine AI Image:   9%|8         | 341/4000 [03:14<29:21,  2.08it/s, loss=0.0073]
Resuming Navine AI Image:   9%|8         | 341/4000 [03:14<29:21,  2.08it/s, loss=0.0052]
Resuming Navine AI Image:   9%|8         | 342/4000 [03:15<29:17,  2.08it/s, loss=0.0052]
Resuming Navine AI Image:   9%|8         | 342/4000 [03:15<29:17,  2.08it/s, loss=0.0051]
Resuming Navine AI Image:   9%|8         | 343/4000 [03:15<29:16,  2.08it/s, loss=0.0051]
Resuming Navine AI Image:   9%|8         | 343/4000 [03:15<29:16,  2.08it/s, loss=0.0041]
Resuming Navine AI Image:   9%|8         | 344/4000 [03:15<29:10,  2.09it/s, loss=0.0041]
Resuming Navine AI Image:   9%|8         | 344/4000 [03:16<29:10,  2.09it/s, loss=0.0048]
Resuming Navine AI Image:   9%|8         | 345/4000 [03:16<29:08,  2.09it/s, loss=0.0048]
Resuming Navine AI Image:   9%|8         | 345/4000 [03:16<29:08,  2.09it/s, loss=0.0125]
Resuming Navine AI Image:   9%|8         | 346/4000 [03:16<29:14,  2.08it/s, loss=0.0125]
Resuming Navine AI Image:   9%|8         | 346/4000 [03:16<29:14,  2.08it/s, loss=0.0150]
Resuming Navine AI Image:   9%|8         | 347/4000 [03:17<29:15,  2.08it/s, loss=0.0150]
