Navine train device: cuda | mode=hybrid dtype=torch.float16 | cuda_available=True name=NVIDIA GeForce RTX 4060 Laptop GPU vram_gb=8.0 | cpu_threads=21 dataloader={'num_workers': 0, 'pin_memory': True}
ImageFolderDataset unique=62 effective=368
C:\Users\hitbo\Downloads\Navine AI\navine\image\model.py:260: UserWarning: enable_nested_tensor is True, but self.use_nested_tensor is False because encoder_layer.norm_first was True
  self.encoder = nn.TransformerEncoder(layer, num_layers=num_layers)
Navine AI Image Model | Parameters: 138,814,413 | Device: cuda
Training samples: 368 | Steps: 5000
Hybrid compute | CPU threads: 21 | DataLoader: {'num_workers': 0, 'pin_memory': True}
Navine AI: refreshed noise schedule T=200 abar_T=6.07172e-08
Navine AI: EMA disabled for this run

Resuming Navine AI Image:   0%|          | 0/5000 [00:00<?, ?it/s]
Resuming Navine AI Image:   0%|          | 1/5000 [00:45<63:46:32, 45.93s/it]
Resuming Navine AI Image:   0%|          | 1/5000 [00:45<63:46:32, 45.93s/it, loss=0.0651]
Resuming Navine AI Image:   0%|          | 2/5000 [00:56<34:34:58, 24.91s/it, loss=0.0651]
Resuming Navine AI Image:   0%|          | 2/5000 [00:56<34:34:58, 24.91s/it, loss=0.0087]
Resuming Navine AI Image:   0%|          | 3/5000 [01:13<29:36:23, 21.33s/it, loss=0.0087]
Resuming Navine AI Image:   0%|          | 3/5000 [01:13<29:36:23, 21.33s/it, loss=0.1890]
Resuming Navine AI Image:   0%|          | 4/5000 [01:27<25:55:42, 18.68s/it, loss=0.1890]
Resuming Navine AI Image:   0%|          | 4/5000 [01:27<25:55:42, 18.68s/it, loss=0.0733]
Resuming Navine AI Image:   0%|          | 5/5000 [01:41<23:32:52, 16.97s/it, loss=0.0733]
Resuming Navine AI Image:   0%|          | 5/5000 [01:41<23:32:52, 16.97s/it, loss=0.0556]
Resuming Navine AI Image:   0%|          | 6/5000 [01:54<21:41:58, 15.64s/it, loss=0.0556]
Resuming Navine AI Image:   0%|          | 6/5000 [01:54<21:41:58, 15.64s/it, loss=0.0243]
Resuming Navine AI Image:   0%|          | 7/5000 [02:08<20:42:53, 14.94s/it, loss=0.0243]
Resuming Navine AI Image:   0%|          | 7/5000 [02:08<20:42:53, 14.94s/it, loss=0.0489]
Resuming Navine AI Image:   0%|          | 8/5000 [02:22<20:21:11, 14.68s/it, loss=0.0489]
Resuming Navine AI Image:   0%|          | 8/5000 [02:22<20:21:11, 14.68s/it, loss=0.0327]
Resuming Navine AI Image:   0%|          | 9/5000 [02:37<20:31:05, 14.80s/it, loss=0.0327]
Resuming Navine AI Image:   0%|          | 9/5000 [02:37<20:31:05, 14.80s/it, loss=0.0390]
Resuming Navine AI Image:   0%|          | 10/5000 [02:51<20:01:51, 14.45s/it, loss=0.0390]
Resuming Navine AI Image:   0%|          | 10/5000 [02:51<20:01:51, 14.45s/it, loss=0.0245]
Resuming Navine AI Image:   0%|          | 11/5000 [03:12<23:02:31, 16.63s/it, loss=0.0245]
Resuming Navine AI Image:   0%|          | 11/5000 [03:12<23:02:31, 16.63s/it, loss=0.0250]
Resuming Navine AI Image:   0%|          | 12/5000 [03:30<23:37:34, 17.05s/it, loss=0.0250]
Resuming Navine AI Image:   0%|          | 12/5000 [03:30<23:37:34, 17.05s/it, loss=0.0243]
Resuming Navine AI Image:   0%|          | 13/5000 [03:48<23:50:58, 17.22s/it, loss=0.0243]
Resuming Navine AI Image:   0%|          | 13/5000 [03:48<23:50:58, 17.22s/it, loss=0.0262]
Resuming Navine AI Image:   0%|          | 14/5000 [04:05<23:54:20, 17.26s/it, loss=0.0262]
Resuming Navine AI Image:   0%|          | 14/5000 [04:05<23:54:20, 17.26s/it, loss=0.0211]
Resuming Navine AI Image:   0%|          | 15/5000 [04:17<21:43:56, 15.69s/it, loss=0.0211]
Resuming Navine AI Image:   0%|          | 15/5000 [04:17<21:43:56, 15.69s/it, loss=0.0347]
Resuming Navine AI Image:   0%|          | 16/5000 [04:31<20:53:16, 15.09s/it, loss=0.0347]
Resuming Navine AI Image:   0%|          | 16/5000 [04:31<20:53:16, 15.09s/it, loss=0.0228]
Resuming Navine AI Image:   0%|          | 17/5000 [04:51<23:06:46, 16.70s/it, loss=0.0228]
Resuming Navine AI Image:   0%|          | 17/5000 [04:51<23:06:46, 16.70s/it, loss=0.0712]
Resuming Navine AI Image:   0%|          | 18/5000 [05:09<23:27:01, 16.95s/it, loss=0.0712]
Resuming Navine AI Image:   0%|          | 18/5000 [05:09<23:27:01, 16.95s/it, loss=0.0135]
Resuming Navine AI Image:   0%|          | 19/5000 [05:27<24:07:23, 17.43s/it, loss=0.0135]
Resuming Navine AI Image:   0%|          | 19/5000 [05:28<24:07:23, 17.43s/it, loss=0.0286]
Resuming Navine AI Image:   0%|          | 20/5000 [05:43<23:28:06, 16.97s/it, loss=0.0286]
Resuming Navine AI Image:   0%|          | 20/5000 [05:43<23:28:06, 16.97s/it, loss=0.0293]
Resuming Navine AI Image:   0%|          | 21/5000 [05:57<22:04:28, 15.96s/it, loss=0.0293]
Resuming Navine AI Image:   0%|          | 21/5000 [05:57<22:04:28, 15.96s/it, loss=0.0210]
Resuming Navine AI Image:   0%|          | 22/5000 [06:10<20:45:45, 15.02s/it, loss=0.0210]
Resuming Navine AI Image:   0%|          | 22/5000 [06:10<20:45:45, 15.02s/it, loss=0.0139]
Resuming Navine AI Image:   0%|          | 23/5000 [06:24<20:23:58, 14.76s/it, loss=0.0139]
Resuming Navine AI Image:   0%|          | 23/5000 [06:24<20:23:58, 14.76s/it, loss=0.0110]
Resuming Navine AI Image:   0%|          | 24/5000 [06:47<23:39:13, 17.11s/it, loss=0.0110]
Resuming Navine AI Image:   0%|          | 24/5000 [06:47<23:39:13, 17.11s/it, loss=0.0109]
Resuming Navine AI Image:   0%|          | 25/5000 [07:03<23:15:16, 16.83s/it, loss=0.0109]
Resuming Navine AI Image:   0%|          | 25/5000 [07:03<23:15:16, 16.83s/it, loss=0.0092]
Resuming Navine AI Image:   1%|          | 26/5000 [07:17<22:04:46, 15.98s/it, loss=0.0092]
Resuming Navine AI Image:   1%|          | 26/5000 [07:17<22:04:46, 15.98s/it, loss=0.0326]
Resuming Navine AI Image:   1%|          | 27/5000 [07:27<19:44:42, 14.29s/it, loss=0.0326]
Resuming Navine AI Image:   1%|          | 27/5000 [07:27<19:44:42, 14.29s/it, loss=0.0131]
Resuming Navine AI Image:   1%|          | 28/5000 [07:42<19:47:54, 14.34s/it, loss=0.0131]
Resuming Navine AI Image:   1%|          | 28/5000 [07:42<19:47:54, 14.34s/it, loss=0.0267]
Resuming Navine AI Image:   1%|          | 29/5000 [08:02<22:13:28, 16.10s/it, loss=0.0267]
Resuming Navine AI Image:   1%|          | 29/5000 [08:02<22:13:28, 16.10s/it, loss=0.0102]
Resuming Navine AI Image:   1%|          | 30/5000 [08:22<24:09:01, 17.49s/it, loss=0.0102]
Resuming Navine AI Image:   1%|          | 30/5000 [08:23<24:09:01, 17.49s/it, loss=0.0163]
Resuming Navine AI Image:   1%|          | 31/5000 [08:34<21:43:24, 15.74s/it, loss=0.0163]
Resuming Navine AI Image:   1%|          | 31/5000 [08:34<21:43:24, 15.74s/it, loss=0.0115]
Resuming Navine AI Image:   1%|          | 32/5000 [08:45<19:53:28, 14.41s/it, loss=0.0115]
Resuming Navine AI Image:   1%|          | 32/5000 [08:45<19:53:28, 14.41s/it, loss=0.0087]
Resuming Navine AI Image:   1%|          | 33/5000 [09:00<19:58:57, 14.48s/it, loss=0.0087]
Resuming Navine AI Image:   1%|          | 33/5000 [09:00<19:58:57, 14.48s/it, loss=0.1644]
Resuming Navine AI Image:   1%|          | 34/5000 [09:15<20:07:18, 14.59s/it, loss=0.1644]
Resuming Navine AI Image:   1%|          | 34/5000 [09:15<20:07:18, 14.59s/it, loss=0.0128]
Resuming Navine AI Image:   1%|          | 35/5000 [09:35<22:13:20, 16.11s/it, loss=0.0128]
Resuming Navine AI Image:   1%|          | 35/5000 [09:35<22:13:20, 16.11s/it, loss=0.0121]
Resuming Navine AI Image:   1%|          | 36/5000 [09:50<22:04:07, 16.00s/it, loss=0.0121]
Resuming Navine AI Image:   1%|          | 36/5000 [09:50<22:04:07, 16.00s/it, loss=0.0841]
Resuming Navine AI Image:   1%|          | 37/5000 [10:07<22:31:51, 16.34s/it, loss=0.0841]
Resuming Navine AI Image:   1%|          | 37/5000 [10:08<22:31:51, 16.34s/it, loss=0.0112]
Resuming Navine AI Image:   1%|          | 38/5000 [10:27<24:01:28, 17.43s/it, loss=0.0112]
Resuming Navine AI Image:   1%|          | 38/5000 [10:27<24:01:28, 17.43s/it, loss=0.0571]
Resuming Navine AI Image:   1%|          | 39/5000 [10:39<21:28:40, 15.59s/it, loss=0.0571]
Resuming Navine AI Image:   1%|          | 39/5000 [10:39<21:28:40, 15.59s/it, loss=0.0193]
Resuming Navine AI Image:   1%|          | 40/5000 [10:52<20:39:50, 15.00s/it, loss=0.0193]
Resuming Navine AI Image:   1%|          | 40/5000 [10:52<20:39:50, 15.00s/it, loss=0.0268]
Resuming Navine AI Image:   1%|          | 41/5000 [11:05<19:43:37, 14.32s/it, loss=0.0268]
Resuming Navine AI Image:   1%|          | 41/5000 [11:05<19:43:37, 14.32s/it, loss=0.1286]
Resuming Navine AI Image:   1%|          | 42/5000 [11:19<19:36:10, 14.23s/it, loss=0.1286]
Resuming Navine AI Image:   1%|          | 42/5000 [11:19<19:36:10, 14.23s/it, loss=0.0189]
Resuming Navine AI Image:   1%|          | 43/5000 [11:33<19:35:23, 14.23s/it, loss=0.0189]
Resuming Navine AI Image:   1%|          | 43/5000 [11:33<19:35:23, 14.23s/it, loss=0.0249]
Resuming Navine AI Image:   1%|          | 44/5000 [11:53<21:48:49, 15.85s/it, loss=0.0249]
Resuming Navine AI Image:   1%|          | 44/5000 [11:53<21:48:49, 15.85s/it, loss=0.0384]
Resuming Navine AI Image:   1%|          | 45/5000 [12:16<24:35:14, 17.86s/it, loss=0.0384]
Resuming Navine AI Image:   1%|          | 45/5000 [12:16<24:35:14, 17.86s/it, loss=0.0141]
Resuming Navine AI Image:   1%|          | 46/5000 [12:34<24:42:55, 17.96s/it, loss=0.0141]
Resuming Navine AI Image:   1%|          | 46/5000 [12:34<24:42:55, 17.96s/it, loss=0.0534]
Resuming Navine AI Image:   1%|          | 47/5000 [12:46<22:19:30, 16.23s/it, loss=0.0534]
Resuming Navine AI Image:   1%|          | 47/5000 [12:46<22:19:30, 16.23s/it, loss=0.0110]
Resuming Navine AI Image:   1%|          | 48/5000 [12:59<20:57:27, 15.24s/it, loss=0.0110]
Resuming Navine AI Image:   1%|          | 48/5000 [12:59<20:57:27, 15.24s/it, loss=0.0066]
Resuming Navine AI Image:   1%|          | 49/5000 [13:15<21:11:52, 15.41s/it, loss=0.0066]
Resuming Navine AI Image:   1%|          | 49/5000 [13:15<21:11:52, 15.41s/it, loss=0.0078]
Resuming Navine AI Image:   1%|1         | 50/5000 [13:29<20:46:53, 15.11s/it, loss=0.0078]
Resuming Navine AI Image:   1%|1         | 50/5000 [13:29<20:46:53, 15.11s/it, loss=0.0097]
Resuming Navine AI Image:   1%|1         | 51/5000 [13:44<20:35:50, 14.98s/it, loss=0.0097]
Resuming Navine AI Image:   1%|1         | 51/5000 [13:44<20:35:50, 14.98s/it, loss=0.0146]
Resuming Navine AI Image:   1%|1         | 52/5000 [13:58<20:10:27, 14.68s/it, loss=0.0146]
Resuming Navine AI Image:   1%|1         | 52/5000 [13:58<20:10:27, 14.68s/it, loss=0.0070]
Resuming Navine AI Image:   1%|1         | 53/5000 [14:12<20:12:27, 14.71s/it, loss=0.0070]
Resuming Navine AI Image:   1%|1         | 53/5000 [14:13<20:12:27, 14.71s/it, loss=0.0180]
Resuming Navine AI Image:   1%|1         | 54/5000 [14:26<19:52:12, 14.46s/it, loss=0.0180]
Resuming Navine AI Image:   1%|1         | 54/5000 [14:26<19:52:12, 14.46s/it, loss=0.0230]
Resuming Navine AI Image:   1%|1         | 55/5000 [14:44<21:17:26, 15.50s/it, loss=0.0230]
Resuming Navine AI Image:   1%|1         | 55/5000 [14:44<21:17:26, 15.50s/it, loss=0.0071]
Resuming Navine AI Image:   1%|1         | 56/5000 [15:05<23:32:59, 17.15s/it, loss=0.0071]
Resuming Navine AI Image:   1%|1         | 56/5000 [15:05<23:32:59, 17.15s/it, loss=0.0090]
Resuming Navine AI Image:   1%|1         | 57/5000 [15:20<22:36:03, 16.46s/it, loss=0.0090]
Resuming Navine AI Image:   1%|1         | 57/5000 [15:20<22:36:03, 16.46s/it, loss=0.0056]
Resuming Navine AI Image:   1%|1         | 58/5000 [15:31<20:20:50, 14.82s/it, loss=0.0056]
Resuming Navine AI Image:   1%|1         | 58/5000 [15:31<20:20:50, 14.82s/it, loss=0.0203]
Resuming Navine AI Image:   1%|1         | 59/5000 [15:49<21:29:40, 15.66s/it, loss=0.0203]
Resuming Navine AI Image:   1%|1         | 59/5000 [15:49<21:29:40, 15.66s/it, loss=0.1111]
Resuming Navine AI Image:   1%|1         | 60/5000 [16:03<20:55:52, 15.25s/it, loss=0.1111]
Resuming Navine AI Image:   1%|1         | 60/5000 [16:03<20:55:52, 15.25s/it, loss=0.0100]
Resuming Navine AI Image:   1%|1         | 61/5000 [16:21<22:14:10, 16.21s/it, loss=0.0100]
