C:\Users\hitbo\Downloads\Navine AI\navine\server.py:125: DeprecationWarning: 
        on_event is deprecated, use lifespan event handlers instead.

        Read more about it in the
        [FastAPI docs for Lifespan Events](https://fastapi.tiangolo.com/advanced/events/).
        
  @app.on_event("startup")
INFO:     Started server process [23940]
INFO:     Waiting for application startup.
INFO:     Application startup complete.
INFO:     Uvicorn running on http://127.0.0.1:8765 (Press CTRL+C to quit)
Navine online adapt (chat):   0%|          | 0/20 [00:00<?, ?it/s]Navine online adapt (chat):   5%|5         | 1/20 [03:27<1:05:33, 207.05s/it]Navine online adapt (chat):   5%|5         | 1/20 [03:27<1:05:33, 207.05s/it, loss=7.9931, lr=1.00e-07]low VRAM free=0.00GB; using 12 image steps
Navine online adapt (chat):   5%|5         | 1/20 [03:56<1:14:59, 236.81s/it, loss=7.9931, lr=1.00e-07]
C:\Users\hitbo\Downloads\Navine AI\navine\image\model.py:272: UserWarning: enable_nested_tensor is True, but self.use_nested_tensor is False because encoder_layer.norm_first was True
  self.encoder = nn.TransformerEncoder(layer, num_layers=num_layers)
image sample failed (latest_good.pt): CUDA error: unknown error
Search for `cudaErrorUnknown' in https://docs.nvidia.com/cuda/cuda-runtime-api/group__CUDART__TYPES.html for more information.
CUDA kernel errors might be asynchronously reported at some other API call, so the stacktrace below might be incorrect.
For debugging consider passing CUDA_LAUNCH_BLOCKING=1
Compile with `TORCH_USE_CUDA_DSA` to enable device-side assertions.

image sample failed (latest_post_mix.pt): CUDA error: unknown error
Search for `cudaErrorUnknown' in https://docs.nvidia.com/cuda/cuda-runtime-api/group__CUDART__TYPES.html for more information.
CUDA kernel errors might be asynchronously reported at some other API call, so the stacktrace below might be incorrect.
For debugging consider passing CUDA_LAUNCH_BLOCKING=1
Compile with `TORCH_USE_CUDA_DSA` to enable device-side assertions.

image sample failed (latest_mix3500.pt): CUDA error: unknown error
Search for `cudaErrorUnknown' in https://docs.nvidia.com/cuda/cuda-runtime-api/group__CUDART__TYPES.html for more information.
CUDA kernel errors might be asynchronously reported at some other API call, so the stacktrace below might be incorrect.
For debugging consider passing CUDA_LAUNCH_BLOCKING=1
Compile with `TORCH_USE_CUDA_DSA` to enable device-side assertions.

image sample failed (latest_pre_mix.pt): CUDA error: unknown error
Search for `cudaErrorUnknown' in https://docs.nvidia.com/cuda/cuda-runtime-api/group__CUDART__TYPES.html for more information.
CUDA kernel errors might be asynchronously reported at some other API call, so the stacktrace below might be incorrect.
For debugging consider passing CUDA_LAUNCH_BLOCKING=1
Compile with `TORCH_USE_CUDA_DSA` to enable device-side assertions.

