Navine train device: cuda | mode=hybrid dtype=torch.float16 | cuda_available=True name=NVIDIA GeForce RTX 4060 Laptop GPU vram_gb=8.0 | cpu_threads=21 dataloader={'num_workers': 0, 'pin_memory': True}
VideoFrameDataset unique=1152 effective=6430
Navine AI Video Model | Parameters: 25,808,723 | Device: cuda
Training sequences: 6430 | frame_size=256 | Steps: 1000
Hybrid compute | CPU threads: 21 | DataLoader: {'num_workers': 0, 'pin_memory': True}

Fine-tuning Navine AI Video:   0%|          | 0/1000 [00:00<?, ?it/s]
Fine-tuning Navine AI Video:   0%|          | 1/1000 [00:01<29:35,  1.78s/it]
Fine-tuning Navine AI Video:   0%|          | 1/1000 [00:01<29:35,  1.78s/it, loss=0.2774]
Fine-tuning Navine AI Video:   0%|          | 2/1000 [00:03<24:16,  1.46s/it, loss=0.2774]
Fine-tuning Navine AI Video:   0%|          | 2/1000 [00:03<24:16,  1.46s/it, loss=0.4417]
Fine-tuning Navine AI Video:   0%|          | 3/1000 [00:03<14:39,  1.13it/s, loss=0.4417]
Fine-tuning Navine AI Video:   0%|          | 3/1000 [00:03<14:39,  1.13it/s, loss=0.3404]
Fine-tuning Navine AI Video:   0%|          | 4/1000 [00:03<10:00,  1.66it/s, loss=0.3404]
Fine-tuning Navine AI Video:   0%|          | 4/1000 [00:03<10:00,  1.66it/s, loss=0.2883]
Fine-tuning Navine AI Video:   0%|          | 5/1000 [00:03<08:23,  1.97it/s, loss=0.2883]
Fine-tuning Navine AI Video:   0%|          | 5/1000 [00:03<08:23,  1.97it/s, loss=0.3107]
Fine-tuning Navine AI Video:   1%|          | 6/1000 [00:04<08:00,  2.07it/s, loss=0.3107]
Fine-tuning Navine AI Video:   1%|          | 6/1000 [00:04<08:00,  2.07it/s, loss=0.3630]
Fine-tuning Navine AI Video:   1%|          | 7/1000 [00:04<06:59,  2.37it/s, loss=0.3630]
Fine-tuning Navine AI Video:   1%|          | 7/1000 [00:04<06:59,  2.37it/s, loss=0.6187]
Fine-tuning Navine AI Video:   1%|          | 8/1000 [00:04<06:40,  2.48it/s, loss=0.6187]
Fine-tuning Navine AI Video:   1%|          | 8/1000 [00:04<06:40,  2.48it/s, loss=0.3810]
Fine-tuning Navine AI Video:   1%|          | 9/1000 [00:04<05:28,  3.01it/s, loss=0.3810]
Fine-tuning Navine AI Video:   1%|          | 9/1000 [00:05<05:28,  3.01it/s, loss=0.2925]
Fine-tuning Navine AI Video:   1%|1         | 10/1000 [00:05<05:08,  3.21it/s, loss=0.2925]
Fine-tuning Navine AI Video:   1%|1         | 10/1000 [00:05<05:08,  3.21it/s, loss=0.2597]
Fine-tuning Navine AI Video:   1%|1         | 11/1000 [00:05<04:25,  3.73it/s, loss=0.2597]
Fine-tuning Navine AI Video:   1%|1         | 11/1000 [00:05<04:25,  3.73it/s, loss=0.6317]
Fine-tuning Navine AI Video:   1%|1         | 12/1000 [00:05<04:47,  3.44it/s, loss=0.6317]
Fine-tuning Navine AI Video:   1%|1         | 12/1000 [00:05<04:47,  3.44it/s, loss=0.3026]
Fine-tuning Navine AI Video:   1%|1         | 13/1000 [00:06<04:56,  3.33it/s, loss=0.3026]
Fine-tuning Navine AI Video:   1%|1         | 13/1000 [00:06<04:56,  3.33it/s, loss=0.2718]
Fine-tuning Navine AI Video:   1%|1         | 14/1000 [00:06<04:47,  3.43it/s, loss=0.2718]
Fine-tuning Navine AI Video:   1%|1         | 14/1000 [00:06<04:47,  3.43it/s, loss=0.3489]
Fine-tuning Navine AI Video:   2%|1         | 15/1000 [00:06<04:15,  3.85it/s, loss=0.3489]
Fine-tuning Navine AI Video:   2%|1         | 15/1000 [00:06<04:15,  3.85it/s, loss=0.2569]
Fine-tuning Navine AI Video:   2%|1         | 16/1000 [00:06<04:13,  3.87it/s, loss=0.2569]
Fine-tuning Navine AI Video:   2%|1         | 16/1000 [00:06<04:13,  3.87it/s, loss=0.6023]
Fine-tuning Navine AI Video:   2%|1         | 17/1000 [00:06<03:52,  4.23it/s, loss=0.6023]
Fine-tuning Navine AI Video:   2%|1         | 17/1000 [00:06<03:52,  4.23it/s, loss=0.2141]
Fine-tuning Navine AI Video:   2%|1         | 18/1000 [00:07<03:39,  4.48it/s, loss=0.2141]
Fine-tuning Navine AI Video:   2%|1         | 18/1000 [00:07<03:39,  4.48it/s, loss=0.2692]
Fine-tuning Navine AI Video:   2%|1         | 19/1000 [00:07<03:40,  4.45it/s, loss=0.2692]
Fine-tuning Navine AI Video:   2%|1         | 19/1000 [00:07<03:40,  4.45it/s, loss=0.3994]
Fine-tuning Navine AI Video:   2%|2         | 20/1000 [00:07<03:16,  4.98it/s, loss=0.3994]
Fine-tuning Navine AI Video:   2%|2         | 20/1000 [00:07<03:16,  4.98it/s, loss=0.2877]
Fine-tuning Navine AI Video:   2%|2         | 21/1000 [00:07<03:07,  5.21it/s, loss=0.2877]
Fine-tuning Navine AI Video:   2%|2         | 21/1000 [00:07<03:07,  5.21it/s, loss=0.2567]
Fine-tuning Navine AI Video:   2%|2         | 22/1000 [00:08<04:05,  3.98it/s, loss=0.2567]
Fine-tuning Navine AI Video:   2%|2         | 22/1000 [00:08<04:05,  3.98it/s, loss=0.3432]
Fine-tuning Navine AI Video:   2%|2         | 23/1000 [00:09<08:17,  1.96it/s, loss=0.3432]
Fine-tuning Navine AI Video:   2%|2         | 23/1000 [00:09<08:17,  1.96it/s, loss=0.3738]
Fine-tuning Navine AI Video:   2%|2         | 24/1000 [00:09<06:37,  2.45it/s, loss=0.3738]
Fine-tuning Navine AI Video:   2%|2         | 24/1000 [00:09<06:37,  2.45it/s, loss=0.2785]
Fine-tuning Navine AI Video:   2%|2         | 25/1000 [00:09<06:08,  2.64it/s, loss=0.2785]
Fine-tuning Navine AI Video:   2%|2         | 25/1000 [00:09<06:08,  2.64it/s, loss=0.1411]
Fine-tuning Navine AI Video:   3%|2         | 26/1000 [00:09<05:06,  3.17it/s, loss=0.1411]
Fine-tuning Navine AI Video:   3%|2         | 26/1000 [00:09<05:06,  3.17it/s, loss=0.2819]
Fine-tuning Navine AI Video:   3%|2         | 27/1000 [00:10<04:16,  3.79it/s, loss=0.2819]
Fine-tuning Navine AI Video:   3%|2         | 27/1000 [00:10<04:16,  3.79it/s, loss=0.2425]
Fine-tuning Navine AI Video:   3%|2         | 28/1000 [00:10<04:19,  3.75it/s, loss=0.2425]
Fine-tuning Navine AI Video:   3%|2         | 28/1000 [00:10<04:19,  3.75it/s, loss=0.1418]
Fine-tuning Navine AI Video:   3%|2         | 29/1000 [00:10<03:47,  4.26it/s, loss=0.1418]
Fine-tuning Navine AI Video:   3%|2         | 29/1000 [00:10<03:47,  4.26it/s, loss=0.2455]
Fine-tuning Navine AI Video:   3%|3         | 30/1000 [00:11<07:53,  2.05it/s, loss=0.2455]
Fine-tuning Navine AI Video:   3%|3         | 30/1000 [00:11<07:53,  2.05it/s, loss=0.4006]
Fine-tuning Navine AI Video:   3%|3         | 31/1000 [00:11<06:20,  2.54it/s, loss=0.4006]
Fine-tuning Navine AI Video:   3%|3         | 31/1000 [00:11<06:20,  2.54it/s, loss=0.2919]
Fine-tuning Navine AI Video:   3%|3         | 32/1000 [00:11<05:20,  3.02it/s, loss=0.2919]
Fine-tuning Navine AI Video:   3%|3         | 32/1000 [00:11<05:20,  3.02it/s, loss=0.2782]
Fine-tuning Navine AI Video:   3%|3         | 33/1000 [00:12<05:08,  3.14it/s, loss=0.2782]
Fine-tuning Navine AI Video:   3%|3         | 33/1000 [00:12<05:08,  3.14it/s, loss=0.2958]
Fine-tuning Navine AI Video:   3%|3         | 34/1000 [00:12<04:42,  3.42it/s, loss=0.2958]
Fine-tuning Navine AI Video:   3%|3         | 34/1000 [00:12<04:42,  3.42it/s, loss=0.4254]
Fine-tuning Navine AI Video:   4%|3         | 35/1000 [00:12<04:01,  3.99it/s, loss=0.4254]
Fine-tuning Navine AI Video:   4%|3         | 35/1000 [00:12<04:01,  3.99it/s, loss=0.2833]
Fine-tuning Navine AI Video:   4%|3         | 36/1000 [00:12<04:19,  3.72it/s, loss=0.2833]
Fine-tuning Navine AI Video:   4%|3         | 36/1000 [00:12<04:19,  3.72it/s, loss=0.1417]
Fine-tuning Navine AI Video:   4%|3         | 37/1000 [00:14<09:40,  1.66it/s, loss=0.1417]
Fine-tuning Navine AI Video:   4%|3         | 37/1000 [00:14<09:40,  1.66it/s, loss=0.3998]
Fine-tuning Navine AI Video:   4%|3         | 38/1000 [00:15<10:53,  1.47it/s, loss=0.3998]
Fine-tuning Navine AI Video:   4%|3         | 38/1000 [00:15<10:53,  1.47it/s, loss=0.3667]
Fine-tuning Navine AI Video:   4%|3         | 39/1000 [00:15<08:27,  1.89it/s, loss=0.3667]
Fine-tuning Navine AI Video:   4%|3         | 39/1000 [00:15<08:27,  1.89it/s, loss=0.2641]
Fine-tuning Navine AI Video:   4%|4         | 40/1000 [00:15<07:20,  2.18it/s, loss=0.2641]
Fine-tuning Navine AI Video:   4%|4         | 40/1000 [00:15<07:20,  2.18it/s, loss=0.2759]
Fine-tuning Navine AI Video:   4%|4         | 41/1000 [00:15<05:51,  2.73it/s, loss=0.2759]
Fine-tuning Navine AI Video:   4%|4         | 41/1000 [00:15<05:51,  2.73it/s, loss=0.2832]
Fine-tuning Navine AI Video:   4%|4         | 42/1000 [00:16<06:32,  2.44it/s, loss=0.2832]
Fine-tuning Navine AI Video:   4%|4         | 42/1000 [00:16<06:32,  2.44it/s, loss=0.3415]
Fine-tuning Navine AI Video:   4%|4         | 43/1000 [00:16<07:49,  2.04it/s, loss=0.3415]
Fine-tuning Navine AI Video:   4%|4         | 43/1000 [00:16<07:49,  2.04it/s, loss=0.3831]
Fine-tuning Navine AI Video:   4%|4         | 44/1000 [00:17<06:37,  2.41it/s, loss=0.3831]
Fine-tuning Navine AI Video:   4%|4         | 44/1000 [00:17<06:37,  2.41it/s, loss=0.2864]
Fine-tuning Navine AI Video:   4%|4         | 45/1000 [00:17<05:23,  2.95it/s, loss=0.2864]
Fine-tuning Navine AI Video:   4%|4         | 45/1000 [00:17<05:23,  2.95it/s, loss=0.2883]
Fine-tuning Navine AI Video:   5%|4         | 46/1000 [00:17<05:26,  2.93it/s, loss=0.2883]
Fine-tuning Navine AI Video:   5%|4         | 46/1000 [00:17<05:26,  2.93it/s, loss=0.3215]
Fine-tuning Navine AI Video:   5%|4         | 47/1000 [00:17<04:38,  3.42it/s, loss=0.3215]
Fine-tuning Navine AI Video:   5%|4         | 47/1000 [00:17<04:38,  3.42it/s, loss=0.2527]
Fine-tuning Navine AI Video:   5%|4         | 48/1000 [00:18<04:09,  3.81it/s, loss=0.2527]
Fine-tuning Navine AI Video:   5%|4         | 48/1000 [00:18<04:09,  3.81it/s, loss=0.5495]
Fine-tuning Navine AI Video:   5%|4         | 49/1000 [00:18<03:43,  4.25it/s, loss=0.5495]
Fine-tuning Navine AI Video:   5%|4         | 49/1000 [00:18<03:43,  4.25it/s, loss=0.6412]
Fine-tuning Navine AI Video:   5%|5         | 50/1000 [00:18<03:18,  4.78it/s, loss=0.6412]
Fine-tuning Navine AI Video:   5%|5         | 50/1000 [00:18<03:18,  4.78it/s, loss=0.3029]
Fine-tuning Navine AI Video:   5%|5         | 51/1000 [00:18<03:06,  5.10it/s, loss=0.3029]
Fine-tuning Navine AI Video:   5%|5         | 51/1000 [00:18<03:06,  5.10it/s, loss=0.3303]
Fine-tuning Navine AI Video:   5%|5         | 52/1000 [00:18<04:06,  3.85it/s, loss=0.3303]
Fine-tuning Navine AI Video:   5%|5         | 52/1000 [00:18<04:06,  3.85it/s, loss=0.3764]
Fine-tuning Navine AI Video:   5%|5         | 53/1000 [00:19<07:04,  2.23it/s, loss=0.3764]
Fine-tuning Navine AI Video:   5%|5         | 53/1000 [00:19<07:04,  2.23it/s, loss=0.4005]
Fine-tuning Navine AI Video:   5%|5         | 54/1000 [00:19<05:39,  2.79it/s, loss=0.4005]
Fine-tuning Navine AI Video:   5%|5         | 54/1000 [00:19<05:39,  2.79it/s, loss=0.3261]
Fine-tuning Navine AI Video:   6%|5         | 55/1000 [00:20<06:15,  2.52it/s, loss=0.3261]
Fine-tuning Navine AI Video:   6%|5         | 55/1000 [00:20<06:15,  2.52it/s, loss=0.3435]
Fine-tuning Navine AI Video:   6%|5         | 56/1000 [00:20<05:06,  3.08it/s, loss=0.3435]
Fine-tuning Navine AI Video:   6%|5         | 56/1000 [00:20<05:06,  3.08it/s, loss=0.3514]
Fine-tuning Navine AI Video:   6%|5         | 57/1000 [00:20<04:25,  3.55it/s, loss=0.3514]
Fine-tuning Navine AI Video:   6%|5         | 57/1000 [00:20<04:25,  3.55it/s, loss=0.2580]
Fine-tuning Navine AI Video:   6%|5         | 58/1000 [00:21<04:15,  3.69it/s, loss=0.2580]
Fine-tuning Navine AI Video:   6%|5         | 58/1000 [00:21<04:15,  3.69it/s, loss=0.3083]
Fine-tuning Navine AI Video:   6%|5         | 59/1000 [00:21<03:43,  4.22it/s, loss=0.3083]
Fine-tuning Navine AI Video:   6%|5         | 59/1000 [00:21<03:43,  4.22it/s, loss=0.2120]
Fine-tuning Navine AI Video:   6%|6         | 60/1000 [00:21<03:21,  4.67it/s, loss=0.2120]
Fine-tuning Navine AI Video:   6%|6         | 60/1000 [00:21<03:21,  4.67it/s, loss=0.2734]
Fine-tuning Navine AI Video:   6%|6         | 61/1000 [00:21<03:07,  5.00it/s, loss=0.2734]
Fine-tuning Navine AI Video:   6%|6         | 61/1000 [00:21<03:07,  5.00it/s, loss=0.3036]
Fine-tuning Navine AI Video:   6%|6         | 62/1000 [00:21<03:45,  4.17it/s, loss=0.3036]
Fine-tuning Navine AI Video:   6%|6         | 62/1000 [00:21<03:45,  4.17it/s, loss=0.2702]
Fine-tuning Navine AI Video:   6%|6         | 63/1000 [00:22<03:28,  4.50it/s, loss=0.2702]
Fine-tuning Navine AI Video:   6%|6         | 63/1000 [00:22<03:28,  4.50it/s, loss=0.1934]
Fine-tuning Navine AI Video:   6%|6         | 64/1000 [00:22<03:21,  4.66it/s, loss=0.1934]
Fine-tuning Navine AI Video:   6%|6         | 64/1000 [00:22<03:21,  4.66it/s, loss=0.2592]
Fine-tuning Navine AI Video:   6%|6         | 65/1000 [00:22<03:31,  4.42it/s, loss=0.2592]
Fine-tuning Navine AI Video:   6%|6         | 65/1000 [00:22<03:31,  4.42it/s, loss=0.2833]
Fine-tuning Navine AI Video:   7%|6         | 66/1000 [00:22<04:10,  3.73it/s, loss=0.2833]
Fine-tuning Navine AI Video:   7%|6         | 66/1000 [00:22<04:10,  3.73it/s, loss=0.1352]
Fine-tuning Navine AI Video:   7%|6         | 67/1000 [00:23<04:20,  3.58it/s, loss=0.1352]
Fine-tuning Navine AI Video:   7%|6         | 67/1000 [00:23<04:20,  3.58it/s, loss=0.2698]
Fine-tuning Navine AI Video:   7%|6         | 68/1000 [00:23<03:40,  4.22it/s, loss=0.2698]
Fine-tuning Navine AI Video:   7%|6         | 68/1000 [00:23<03:40,  4.22it/s, loss=0.3090]
Fine-tuning Navine AI Video:   7%|6         | 69/1000 [00:23<03:19,  4.66it/s, loss=0.3090]
Fine-tuning Navine AI Video:   7%|6         | 69/1000 [00:23<03:19,  4.66it/s, loss=0.2749]
Fine-tuning Navine AI Video:   7%|7         | 70/1000 [00:23<03:28,  4.45it/s, loss=0.2749]
Fine-tuning Navine AI Video:   7%|7         | 70/1000 [00:23<03:28,  4.45it/s, loss=0.2819]
Fine-tuning Navine AI Video:   7%|7         | 71/1000 [00:23<03:11,  4.84it/s, loss=0.2819]
Fine-tuning Navine AI Video:   7%|7         | 71/1000 [00:23<03:11,  4.84it/s, loss=0.2044]
Fine-tuning Navine AI Video:   7%|7         | 72/1000 [00:24<02:51,  5.40it/s, loss=0.2044]
Fine-tuning Navine AI Video:   7%|7         | 72/1000 [00:24<02:51,  5.40it/s, loss=0.2620]
Fine-tuning Navine AI Video:   7%|7         | 73/1000 [00:24<03:34,  4.33it/s, loss=0.2620]
Fine-tuning Navine AI Video:   7%|7         | 73/1000 [00:24<03:34,  4.33it/s, loss=0.3320]
Fine-tuning Navine AI Video:   7%|7         | 74/1000 [00:24<03:12,  4.81it/s, loss=0.3320]
Fine-tuning Navine AI Video:   7%|7         | 74/1000 [00:24<03:12,  4.81it/s, loss=0.2910]
Fine-tuning Navine AI Video:   8%|7         | 75/1000 [00:24<03:40,  4.20it/s, loss=0.2910]
Fine-tuning Navine AI Video:   8%|7         | 75/1000 [00:24<03:40,  4.20it/s, loss=0.1149]
Fine-tuning Navine AI Video:   8%|7         | 76/1000 [00:24<03:17,  4.69it/s, loss=0.1149]
Fine-tuning Navine AI Video:   8%|7         | 76/1000 [00:24<03:17,  4.69it/s, loss=0.2884]
Fine-tuning Navine AI Video:   8%|7         | 77/1000 [00:25<03:05,  4.99it/s, loss=0.2884]
Fine-tuning Navine AI Video:   8%|7         | 77/1000 [00:25<03:05,  4.99it/s, loss=0.6454]
Fine-tuning Navine AI Video:   8%|7         | 78/1000 [00:25<03:00,  5.12it/s, loss=0.6454]
Fine-tuning Navine AI Video:   8%|7         | 78/1000 [00:25<03:00,  5.12it/s, loss=0.2651]
Fine-tuning Navine AI Video:   8%|7         | 79/1000 [00:25<03:10,  4.84it/s, loss=0.2651]
Fine-tuning Navine AI Video:   8%|7         | 79/1000 [00:25<03:10,  4.84it/s, loss=0.4414]
Fine-tuning Navine AI Video:   8%|8         | 80/1000 [00:25<02:49,  5.42it/s, loss=0.4414]
Fine-tuning Navine AI Video:   8%|8         | 80/1000 [00:25<02:49,  5.42it/s, loss=0.2673]
Fine-tuning Navine AI Video:   8%|8         | 81/1000 [00:26<06:56,  2.21it/s, loss=0.2673]
Fine-tuning Navine AI Video:   8%|8         | 81/1000 [00:26<06:56,  2.21it/s, loss=0.4001]
Fine-tuning Navine AI Video:   8%|8         | 82/1000 [00:27<06:16,  2.44it/s, loss=0.4001]
Fine-tuning Navine AI Video:   8%|8         | 82/1000 [00:27<06:16,  2.44it/s, loss=0.1391]
Fine-tuning Navine AI Video:   8%|8         | 83/1000 [00:27<05:50,  2.62it/s, loss=0.1391]
Fine-tuning Navine AI Video:   8%|8         | 83/1000 [00:27<05:50,  2.62it/s, loss=0.3227]
Fine-tuning Navine AI Video:   8%|8         | 84/1000 [00:27<04:57,  3.08it/s, loss=0.3227]
Fine-tuning Navine AI Video:   8%|8         | 84/1000 [00:27<04:57,  3.08it/s, loss=0.3110]
Fine-tuning Navine AI Video:   8%|8         | 85/1000 [00:27<04:54,  3.10it/s, loss=0.3110]
Fine-tuning Navine AI Video:   8%|8         | 85/1000 [00:27<04:54,  3.10it/s, loss=0.1394]
Fine-tuning Navine AI Video:   9%|8         | 86/1000 [00:28<05:16,  2.89it/s, loss=0.1394]
Fine-tuning Navine AI Video:   9%|8         | 86/1000 [00:28<05:16,  2.89it/s, loss=0.3023]
Fine-tuning Navine AI Video:   9%|8         | 87/1000 [00:28<04:25,  3.44it/s, loss=0.3023]
Fine-tuning Navine AI Video:   9%|8         | 87/1000 [00:28<04:25,  3.44it/s, loss=0.2727]
Fine-tuning Navine AI Video:   9%|8         | 88/1000 [00:28<03:55,  3.88it/s, loss=0.2727]
Fine-tuning Navine AI Video:   9%|8         | 88/1000 [00:28<03:55,  3.88it/s, loss=0.5665]
Fine-tuning Navine AI Video:   9%|8         | 89/1000 [00:28<03:32,  4.29it/s, loss=0.5665]
Fine-tuning Navine AI Video:   9%|8         | 89/1000 [00:28<03:32,  4.29it/s, loss=0.2744]
Fine-tuning Navine AI Video:   9%|9         | 90/1000 [00:29<03:46,  4.01it/s, loss=0.2744]
Fine-tuning Navine AI Video:   9%|9         | 90/1000 [00:29<03:46,  4.01it/s, loss=0.5680]
Fine-tuning Navine AI Video:   9%|9         | 91/1000 [00:29<04:06,  3.68it/s, loss=0.5680]
Fine-tuning Navine AI Video:   9%|9         | 91/1000 [00:29<04:06,  3.68it/s, loss=0.3463]
Fine-tuning Navine AI Video:   9%|9         | 92/1000 [00:29<03:32,  4.27it/s, loss=0.3463]
Fine-tuning Navine AI Video:   9%|9         | 92/1000 [00:29<03:32,  4.27it/s, loss=0.1871]
Fine-tuning Navine AI Video:   9%|9         | 93/1000 [00:29<03:07,  4.83it/s, loss=0.1871]
Fine-tuning Navine AI Video:   9%|9         | 93/1000 [00:29<03:07,  4.83it/s, loss=0.1990]
Fine-tuning Navine AI Video:   9%|9         | 94/1000 [00:29<02:47,  5.39it/s, loss=0.1990]
Fine-tuning Navine AI Video:   9%|9         | 94/1000 [00:29<02:47,  5.39it/s, loss=0.2769]
Fine-tuning Navine AI Video:  10%|9         | 95/1000 [00:30<02:42,  5.58it/s, loss=0.2769]
Fine-tuning Navine AI Video:  10%|9         | 95/1000 [00:30<02:42,  5.58it/s, loss=0.2755]
Fine-tuning Navine AI Video:  10%|9         | 96/1000 [00:30<02:35,  5.81it/s, loss=0.2755]
Fine-tuning Navine AI Video:  10%|9         | 96/1000 [00:30<02:35,  5.81it/s, loss=0.6839]
Fine-tuning Navine AI Video:  10%|9         | 97/1000 [00:30<02:32,  5.91it/s, loss=0.6839]
Fine-tuning Navine AI Video:  10%|9         | 97/1000 [00:30<02:32,  5.91it/s, loss=0.2940]
Fine-tuning Navine AI Video:  10%|9         | 98/1000 [00:30<02:54,  5.17it/s, loss=0.2940]
Fine-tuning Navine AI Video:  10%|9         | 98/1000 [00:30<02:54,  5.17it/s, loss=0.2760]
Fine-tuning Navine AI Video:  10%|9         | 99/1000 [00:30<02:40,  5.60it/s, loss=0.2760]
Fine-tuning Navine AI Video:  10%|9         | 99/1000 [00:30<02:40,  5.60it/s, loss=0.6831]
Fine-tuning Navine AI Video:  10%|#         | 100/1000 [00:30<02:36,  5.73it/s, loss=0.6831]
Fine-tuning Navine AI Video:  10%|#         | 100/1000 [00:30<02:36,  5.73it/s, loss=0.2915]
Fine-tuning Navine AI Video:  10%|#         | 101/1000 [00:31<02:44,  5.45it/s, loss=0.2915]
Fine-tuning Navine AI Video:  10%|#         | 101/1000 [00:31<02:44,  5.45it/s, loss=0.2563]
Fine-tuning Navine AI Video:  10%|#         | 102/1000 [00:31<02:32,  5.90it/s, loss=0.2563]
Fine-tuning Navine AI Video:  10%|#         | 102/1000 [00:31<02:32,  5.90it/s, loss=0.3038]
Fine-tuning Navine AI Video:  10%|#         | 103/1000 [00:31<02:29,  6.02it/s, loss=0.3038]
Fine-tuning Navine AI Video:  10%|#         | 103/1000 [00:31<02:29,  6.02it/s, loss=0.2483]
Fine-tuning Navine AI Video:  10%|#         | 104/1000 [00:31<03:11,  4.69it/s, loss=0.2483]
Fine-tuning Navine AI Video:  10%|#         | 104/1000 [00:31<03:11,  4.69it/s, loss=0.1424]
Fine-tuning Navine AI Video:  10%|#         | 105/1000 [00:31<02:54,  5.14it/s, loss=0.1424]
Fine-tuning Navine AI Video:  10%|#         | 105/1000 [00:31<02:54,  5.14it/s, loss=0.3257]
Fine-tuning Navine AI Video:  11%|#         | 106/1000 [00:32<05:07,  2.90it/s, loss=0.3257]
Fine-tuning Navine AI Video:  11%|#         | 106/1000 [00:32<05:07,  2.90it/s, loss=0.3593]
Fine-tuning Navine AI Video:  11%|#         | 107/1000 [00:32<04:18,  3.46it/s, loss=0.3593]
Fine-tuning Navine AI Video:  11%|#         | 107/1000 [00:32<04:18,  3.46it/s, loss=0.2642]
Fine-tuning Navine AI Video:  11%|#         | 108/1000 [00:33<04:12,  3.53it/s, loss=0.2642]
Fine-tuning Navine AI Video:  11%|#         | 108/1000 [00:33<04:12,  3.53it/s, loss=0.3234]
Fine-tuning Navine AI Video:  11%|#         | 109/1000 [00:33<04:09,  3.57it/s, loss=0.3234]
Fine-tuning Navine AI Video:  11%|#         | 109/1000 [00:33<04:09,  3.57it/s, loss=0.2689]
Fine-tuning Navine AI Video:  11%|#1        | 110/1000 [00:33<04:04,  3.64it/s, loss=0.2689]
Fine-tuning Navine AI Video:  11%|#1        | 110/1000 [00:33<04:04,  3.64it/s, loss=0.1369]
Fine-tuning Navine AI Video:  11%|#1        | 111/1000 [00:34<06:58,  2.12it/s, loss=0.1369]
Fine-tuning Navine AI Video:  11%|#1        | 111/1000 [00:34<06:58,  2.12it/s, loss=0.3798]
Fine-tuning Navine AI Video:  11%|#1        | 112/1000 [00:34<06:08,  2.41it/s, loss=0.3798]
Fine-tuning Navine AI Video:  11%|#1        | 112/1000 [00:34<06:08,  2.41it/s, loss=0.1388]
Fine-tuning Navine AI Video:  11%|#1        | 113/1000 [00:35<06:10,  2.40it/s, loss=0.1388]
Fine-tuning Navine AI Video:  11%|#1        | 113/1000 [00:35<06:10,  2.40it/s, loss=0.3658]
Fine-tuning Navine AI Video:  11%|#1        | 114/1000 [00:35<04:59,  2.96it/s, loss=0.3658]
Fine-tuning Navine AI Video:  11%|#1        | 114/1000 [00:35<04:59,  2.96it/s, loss=0.2373]
Fine-tuning Navine AI Video:  12%|#1        | 115/1000 [00:35<04:05,  3.61it/s, loss=0.2373]
Fine-tuning Navine AI Video:  12%|#1        | 115/1000 [00:35<04:05,  3.61it/s, loss=0.2083]
Fine-tuning Navine AI Video:  12%|#1        | 116/1000 [00:36<07:37,  1.93it/s, loss=0.2083]
Fine-tuning Navine AI Video:  12%|#1        | 116/1000 [00:36<07:37,  1.93it/s, loss=0.3837]
Fine-tuning Navine AI Video:  12%|#1        | 117/1000 [00:36<06:03,  2.43it/s, loss=0.3837]
Fine-tuning Navine AI Video:  12%|#1        | 117/1000 [00:36<06:03,  2.43it/s, loss=0.3488]
Fine-tuning Navine AI Video:  12%|#1        | 118/1000 [00:36<04:53,  3.00it/s, loss=0.3488]
Fine-tuning Navine AI Video:  12%|#1        | 118/1000 [00:36<04:53,  3.00it/s, loss=0.2771]
Fine-tuning Navine AI Video:  12%|#1        | 119/1000 [00:37<04:31,  3.25it/s, loss=0.2771]
Fine-tuning Navine AI Video:  12%|#1        | 119/1000 [00:37<04:31,  3.25it/s, loss=0.1403]
Fine-tuning Navine AI Video:  12%|#2        | 120/1000 [00:37<04:17,  3.42it/s, loss=0.1403]
Fine-tuning Navine AI Video:  12%|#2        | 120/1000 [00:37<04:17,  3.42it/s, loss=0.2630]
Fine-tuning Navine AI Video:  12%|#2        | 121/1000 [00:37<04:09,  3.53it/s, loss=0.2630]
Fine-tuning Navine AI Video:  12%|#2        | 121/1000 [00:37<04:09,  3.53it/s, loss=0.2956]
Fine-tuning Navine AI Video:  12%|#2        | 122/1000 [00:37<03:32,  4.13it/s, loss=0.2956]
Fine-tuning Navine AI Video:  12%|#2        | 122/1000 [00:37<03:32,  4.13it/s, loss=0.2893]
Fine-tuning Navine AI Video:  12%|#2        | 123/1000 [00:37<03:07,  4.67it/s, loss=0.2893]
Fine-tuning Navine AI Video:  12%|#2        | 123/1000 [00:37<03:07,  4.67it/s, loss=0.2750]
Fine-tuning Navine AI Video:  12%|#2        | 124/1000 [00:38<02:49,  5.17it/s, loss=0.2750]
Fine-tuning Navine AI Video:  12%|#2        | 124/1000 [00:38<02:49,  5.17it/s, loss=0.2920]
Fine-tuning Navine AI Video:  12%|#2        | 125/1000 [00:38<02:41,  5.41it/s, loss=0.2920]
Fine-tuning Navine AI Video:  12%|#2        | 125/1000 [00:38<02:41,  5.41it/s, loss=0.2612]
Fine-tuning Navine AI Video:  13%|#2        | 126/1000 [00:38<03:08,  4.62it/s, loss=0.2612]
Fine-tuning Navine AI Video:  13%|#2        | 126/1000 [00:38<03:08,  4.62it/s, loss=0.1350]
Fine-tuning Navine AI Video:  13%|#2        | 127/1000 [00:38<02:53,  5.03it/s, loss=0.1350]
Fine-tuning Navine AI Video:  13%|#2        | 127/1000 [00:38<02:53,  5.03it/s, loss=0.6675]
Fine-tuning Navine AI Video:  13%|#2        | 128/1000 [00:38<02:37,  5.53it/s, loss=0.6675]
Fine-tuning Navine AI Video:  13%|#2        | 128/1000 [00:38<02:37,  5.53it/s, loss=0.2760]
Fine-tuning Navine AI Video:  13%|#2        | 129/1000 [00:38<02:31,  5.76it/s, loss=0.2760]
Fine-tuning Navine AI Video:  13%|#2        | 129/1000 [00:38<02:31,  5.76it/s, loss=0.3400]
Fine-tuning Navine AI Video:  13%|#3        | 130/1000 [00:39<02:25,  5.97it/s, loss=0.3400]
Fine-tuning Navine AI Video:  13%|#3        | 130/1000 [00:39<02:25,  5.97it/s, loss=0.3276]
Fine-tuning Navine AI Video:  13%|#3        | 131/1000 [00:39<02:55,  4.96it/s, loss=0.3276]
Fine-tuning Navine AI Video:  13%|#3        | 131/1000 [00:39<02:55,  4.96it/s, loss=0.3064]
Fine-tuning Navine AI Video:  13%|#3        | 132/1000 [00:39<02:40,  5.40it/s, loss=0.3064]
Fine-tuning Navine AI Video:  13%|#3        | 132/1000 [00:39<02:40,  5.40it/s, loss=0.2747]
Fine-tuning Navine AI Video:  13%|#3        | 133/1000 [00:39<02:30,  5.76it/s, loss=0.2747]
Fine-tuning Navine AI Video:  13%|#3        | 133/1000 [00:39<02:30,  5.76it/s, loss=0.2499]
Fine-tuning Navine AI Video:  13%|#3        | 134/1000 [00:39<02:24,  5.97it/s, loss=0.2499]
Fine-tuning Navine AI Video:  13%|#3        | 134/1000 [00:39<02:24,  5.97it/s, loss=0.3071]
Fine-tuning Navine AI Video:  14%|#3        | 135/1000 [00:40<02:25,  5.96it/s, loss=0.3071]
Fine-tuning Navine AI Video:  14%|#3        | 135/1000 [00:40<02:25,  5.96it/s, loss=0.2591]
Fine-tuning Navine AI Video:  14%|#3        | 136/1000 [00:40<02:26,  5.89it/s, loss=0.2591]
Fine-tuning Navine AI Video:  14%|#3        | 136/1000 [00:40<02:26,  5.89it/s, loss=0.3222]
Fine-tuning Navine AI Video:  14%|#3        | 137/1000 [00:40<02:48,  5.11it/s, loss=0.3222]
Fine-tuning Navine AI Video:  14%|#3        | 137/1000 [00:40<02:48,  5.11it/s, loss=0.1326]
Fine-tuning Navine AI Video:  14%|#3        | 138/1000 [00:40<02:36,  5.52it/s, loss=0.1326]
Fine-tuning Navine AI Video:  14%|#3        | 138/1000 [00:40<02:36,  5.52it/s, loss=0.2779]
Fine-tuning Navine AI Video:  14%|#3        | 139/1000 [00:40<02:25,  5.90it/s, loss=0.2779]
Fine-tuning Navine AI Video:  14%|#3        | 139/1000 [00:40<02:25,  5.90it/s, loss=0.2656]
Fine-tuning Navine AI Video:  14%|#4        | 140/1000 [00:41<02:50,  5.04it/s, loss=0.2656]
Fine-tuning Navine AI Video:  14%|#4        | 140/1000 [00:41<02:50,  5.04it/s, loss=0.3526]
Fine-tuning Navine AI Video:  14%|#4        | 141/1000 [00:41<02:41,  5.33it/s, loss=0.3526]
Fine-tuning Navine AI Video:  14%|#4        | 141/1000 [00:41<02:41,  5.33it/s, loss=0.2528]
Fine-tuning Navine AI Video:  14%|#4        | 142/1000 [00:41<02:27,  5.80it/s, loss=0.2528]
Fine-tuning Navine AI Video:  14%|#4        | 142/1000 [00:41<02:27,  5.80it/s, loss=0.2996]
Fine-tuning Navine AI Video:  14%|#4        | 143/1000 [00:41<02:48,  5.08it/s, loss=0.2996]
Fine-tuning Navine AI Video:  14%|#4        | 143/1000 [00:41<02:48,  5.08it/s, loss=0.1339]
Fine-tuning Navine AI Video:  14%|#4        | 144/1000 [00:42<03:56,  3.62it/s, loss=0.1339]
Fine-tuning Navine AI Video:  14%|#4        | 144/1000 [00:42<03:56,  3.62it/s, loss=0.3848]
Fine-tuning Navine AI Video:  14%|#4        | 145/1000 [00:42<03:21,  4.24it/s, loss=0.3848]
Fine-tuning Navine AI Video:  14%|#4        | 145/1000 [00:42<03:21,  4.24it/s, loss=0.2654]
Fine-tuning Navine AI Video:  15%|#4        | 146/1000 [00:42<02:57,  4.81it/s, loss=0.2654]
Fine-tuning Navine AI Video:  15%|#4        | 146/1000 [00:42<02:57,  4.81it/s, loss=0.2413]
Fine-tuning Navine AI Video:  15%|#4        | 147/1000 [00:42<03:04,  4.62it/s, loss=0.2413]
Fine-tuning Navine AI Video:  15%|#4        | 147/1000 [00:42<03:04,  4.62it/s, loss=0.1333]
Fine-tuning Navine AI Video:  15%|#4        | 148/1000 [00:42<03:14,  4.39it/s, loss=0.1333]
Fine-tuning Navine AI Video:  15%|#4        | 148/1000 [00:42<03:14,  4.39it/s, loss=0.3451]
Fine-tuning Navine AI Video:  15%|#4        | 149/1000 [00:43<03:54,  3.62it/s, loss=0.3451]
Fine-tuning Navine AI Video:  15%|#4        | 149/1000 [00:43<03:54,  3.62it/s, loss=0.3071]
Fine-tuning Navine AI Video:  15%|#5        | 150/1000 [00:43<04:18,  3.28it/s, loss=0.3071]
Fine-tuning Navine AI Video:  15%|#5        | 150/1000 [00:43<04:18,  3.28it/s, loss=0.3070]
Fine-tuning Navine AI Video:  15%|#5        | 151/1000 [00:43<03:36,  3.92it/s, loss=0.3070]
Fine-tuning Navine AI Video:  15%|#5        | 151/1000 [00:43<03:36,  3.92it/s, loss=0.3095]
Fine-tuning Navine AI Video:  15%|#5        | 152/1000 [00:44<03:48,  3.70it/s, loss=0.3095]
Fine-tuning Navine AI Video:  15%|#5        | 152/1000 [00:44<03:48,  3.70it/s, loss=0.1326]
Fine-tuning Navine AI Video:  15%|#5        | 153/1000 [00:44<03:14,  4.35it/s, loss=0.1326]
Fine-tuning Navine AI Video:  15%|#5        | 153/1000 [00:44<03:14,  4.35it/s, loss=0.2649]
Fine-tuning Navine AI Video:  15%|#5        | 154/1000 [00:44<03:33,  3.97it/s, loss=0.2649]
Fine-tuning Navine AI Video:  15%|#5        | 154/1000 [00:44<03:33,  3.97it/s, loss=0.2373]
Fine-tuning Navine AI Video:  16%|#5        | 155/1000 [00:44<03:09,  4.47it/s, loss=0.2373]
Fine-tuning Navine AI Video:  16%|#5        | 155/1000 [00:44<03:09,  4.47it/s, loss=0.3323]
Fine-tuning Navine AI Video:  16%|#5        | 156/1000 [00:44<02:47,  5.03it/s, loss=0.3323]
Fine-tuning Navine AI Video:  16%|#5        | 156/1000 [00:44<02:47,  5.03it/s, loss=0.2651]
Fine-tuning Navine AI Video:  16%|#5        | 157/1000 [00:44<02:33,  5.48it/s, loss=0.2651]
Fine-tuning Navine AI Video:  16%|#5        | 157/1000 [00:44<02:33,  5.48it/s, loss=0.2837]
Fine-tuning Navine AI Video:  16%|#5        | 158/1000 [00:45<02:25,  5.80it/s, loss=0.2837]
Fine-tuning Navine AI Video:  16%|#5        | 158/1000 [00:45<02:25,  5.80it/s, loss=0.1918]
Fine-tuning Navine AI Video:  16%|#5        | 159/1000 [00:45<02:20,  5.97it/s, loss=0.1918]
Fine-tuning Navine AI Video:  16%|#5        | 159/1000 [00:45<02:20,  5.97it/s, loss=0.2944]
Fine-tuning Navine AI Video:  16%|#6        | 160/1000 [00:45<02:53,  4.85it/s, loss=0.2944]
Fine-tuning Navine AI Video:  16%|#6        | 160/1000 [00:45<02:53,  4.85it/s, loss=0.2892]
Fine-tuning Navine AI Video:  16%|#6        | 161/1000 [00:45<02:42,  5.18it/s, loss=0.2892]
Fine-tuning Navine AI Video:  16%|#6        | 161/1000 [00:45<02:42,  5.18it/s, loss=0.2408]
Fine-tuning Navine AI Video:  16%|#6        | 162/1000 [00:45<02:32,  5.48it/s, loss=0.2408]
Fine-tuning Navine AI Video:  16%|#6        | 162/1000 [00:45<02:32,  5.48it/s, loss=0.2919]
Fine-tuning Navine AI Video:  16%|#6        | 163/1000 [00:46<03:06,  4.50it/s, loss=0.2919]
Fine-tuning Navine AI Video:  16%|#6        | 163/1000 [00:46<03:06,  4.50it/s, loss=0.3209]
Fine-tuning Navine AI Video:  16%|#6        | 164/1000 [00:46<02:46,  5.01it/s, loss=0.3209]
Fine-tuning Navine AI Video:  16%|#6        | 164/1000 [00:46<02:46,  5.01it/s, loss=0.2398]
Fine-tuning Navine AI Video:  16%|#6        | 165/1000 [00:46<02:35,  5.36it/s, loss=0.2398]
Fine-tuning Navine AI Video:  16%|#6        | 165/1000 [00:46<02:35,  5.36it/s, loss=0.2926]
Fine-tuning Navine AI Video:  17%|#6        | 166/1000 [00:46<02:25,  5.72it/s, loss=0.2926]
Fine-tuning Navine AI Video:  17%|#6        | 166/1000 [00:46<02:25,  5.72it/s, loss=0.2575]
Fine-tuning Navine AI Video:  17%|#6        | 167/1000 [00:46<02:22,  5.84it/s, loss=0.2575]
Fine-tuning Navine AI Video:  17%|#6        | 167/1000 [00:46<02:22,  5.84it/s, loss=0.2677]
Fine-tuning Navine AI Video:  17%|#6        | 168/1000 [00:46<02:20,  5.93it/s, loss=0.2677]
Fine-tuning Navine AI Video:  17%|#6        | 168/1000 [00:46<02:20,  5.93it/s, loss=0.2717]
Fine-tuning Navine AI Video:  17%|#6        | 169/1000 [00:47<02:40,  5.18it/s, loss=0.2717]
Fine-tuning Navine AI Video:  17%|#6        | 169/1000 [00:47<02:40,  5.18it/s, loss=0.4191]
Fine-tuning Navine AI Video:  17%|#7        | 170/1000 [00:48<05:34,  2.48it/s, loss=0.4191]
Fine-tuning Navine AI Video:  17%|#7        | 170/1000 [00:48<05:34,  2.48it/s, loss=0.4135]
Fine-tuning Navine AI Video:  17%|#7        | 171/1000 [00:48<04:31,  3.06it/s, loss=0.4135]
Fine-tuning Navine AI Video:  17%|#7        | 171/1000 [00:48<04:31,  3.06it/s, loss=0.7016]
Fine-tuning Navine AI Video:  17%|#7        | 172/1000 [00:48<03:48,  3.63it/s, loss=0.7016]
Fine-tuning Navine AI Video:  17%|#7        | 172/1000 [00:48<03:48,  3.63it/s, loss=0.2443]
Fine-tuning Navine AI Video:  17%|#7        | 173/1000 [00:48<04:13,  3.27it/s, loss=0.2443]
Fine-tuning Navine AI Video:  17%|#7        | 173/1000 [00:48<04:13,  3.27it/s, loss=0.3362]
Fine-tuning Navine AI Video:  17%|#7        | 174/1000 [00:48<03:37,  3.80it/s, loss=0.3362]
Fine-tuning Navine AI Video:  17%|#7        | 174/1000 [00:48<03:37,  3.80it/s, loss=0.2495]
Fine-tuning Navine AI Video:  18%|#7        | 175/1000 [00:49<03:13,  4.25it/s, loss=0.2495]
Fine-tuning Navine AI Video:  18%|#7        | 175/1000 [00:49<03:13,  4.25it/s, loss=0.4290]
Fine-tuning Navine AI Video:  18%|#7        | 176/1000 [00:49<03:44,  3.67it/s, loss=0.4290]
Fine-tuning Navine AI Video:  18%|#7        | 176/1000 [00:49<03:44,  3.67it/s, loss=0.3581]
Fine-tuning Navine AI Video:  18%|#7        | 177/1000 [00:49<03:45,  3.65it/s, loss=0.3581]
Fine-tuning Navine AI Video:  18%|#7        | 177/1000 [00:49<03:45,  3.65it/s, loss=0.1384]
Fine-tuning Navine AI Video:  18%|#7        | 178/1000 [00:49<03:14,  4.23it/s, loss=0.1384]
Fine-tuning Navine AI Video:  18%|#7        | 178/1000 [00:49<03:14,  4.23it/s, loss=0.5942]
Fine-tuning Navine AI Video:  18%|#7        | 179/1000 [00:50<03:24,  4.02it/s, loss=0.5942]
Fine-tuning Navine AI Video:  18%|#7        | 179/1000 [00:50<03:24,  4.02it/s, loss=0.3539]
Fine-tuning Navine AI Video:  18%|#8        | 180/1000 [00:50<03:26,  3.97it/s, loss=0.3539]
Fine-tuning Navine AI Video:  18%|#8        | 180/1000 [00:50<03:26,  3.97it/s, loss=0.2722]
Fine-tuning Navine AI Video:  18%|#8        | 181/1000 [00:50<03:26,  3.97it/s, loss=0.2722]
Fine-tuning Navine AI Video:  18%|#8        | 181/1000 [00:50<03:26,  3.97it/s, loss=0.2718]
Fine-tuning Navine AI Video:  18%|#8        | 182/1000 [00:51<04:17,  3.18it/s, loss=0.2718]
Fine-tuning Navine AI Video:  18%|#8        | 182/1000 [00:51<04:17,  3.18it/s, loss=0.3676]
Fine-tuning Navine AI Video:  18%|#8        | 183/1000 [00:51<03:35,  3.80it/s, loss=0.3676]
Fine-tuning Navine AI Video:  18%|#8        | 183/1000 [00:51<03:35,  3.80it/s, loss=0.5806]
Fine-tuning Navine AI Video:  18%|#8        | 184/1000 [00:51<03:05,  4.40it/s, loss=0.5806]
Fine-tuning Navine AI Video:  18%|#8        | 184/1000 [00:51<03:05,  4.40it/s, loss=0.2931]
Fine-tuning Navine AI Video:  18%|#8        | 185/1000 [00:51<03:24,  3.99it/s, loss=0.2931]
Fine-tuning Navine AI Video:  18%|#8        | 185/1000 [00:51<03:24,  3.99it/s, loss=0.3438]
Fine-tuning Navine AI Video:  19%|#8        | 186/1000 [00:51<03:09,  4.28it/s, loss=0.3438]
Fine-tuning Navine AI Video:  19%|#8        | 186/1000 [00:51<03:09,  4.28it/s, loss=0.2995]
Fine-tuning Navine AI Video:  19%|#8        | 187/1000 [00:52<02:50,  4.77it/s, loss=0.2995]
Fine-tuning Navine AI Video:  19%|#8        | 187/1000 [00:52<02:50,  4.77it/s, loss=0.2472]
Fine-tuning Navine AI Video:  19%|#8        | 188/1000 [00:52<02:34,  5.25it/s, loss=0.2472]
Fine-tuning Navine AI Video:  19%|#8        | 188/1000 [00:52<02:34,  5.25it/s, loss=0.2760]
Fine-tuning Navine AI Video:  19%|#8        | 189/1000 [00:52<03:59,  3.38it/s, loss=0.2760]
Fine-tuning Navine AI Video:  19%|#8        | 189/1000 [00:52<03:59,  3.38it/s, loss=0.3799]
Fine-tuning Navine AI Video:  19%|#9        | 190/1000 [00:52<03:26,  3.93it/s, loss=0.3799]
Fine-tuning Navine AI Video:  19%|#9        | 190/1000 [00:52<03:26,  3.93it/s, loss=0.2935]
Fine-tuning Navine AI Video:  19%|#9        | 191/1000 [00:53<03:28,  3.88it/s, loss=0.2935]
Fine-tuning Navine AI Video:  19%|#9        | 191/1000 [00:53<03:28,  3.88it/s, loss=0.2580]
Fine-tuning Navine AI Video:  19%|#9        | 192/1000 [00:53<03:00,  4.48it/s, loss=0.2580]
Fine-tuning Navine AI Video:  19%|#9        | 192/1000 [00:53<03:00,  4.48it/s, loss=0.2483]
Fine-tuning Navine AI Video:  19%|#9        | 193/1000 [00:53<02:59,  4.49it/s, loss=0.2483]
Fine-tuning Navine AI Video:  19%|#9        | 193/1000 [00:53<02:59,  4.49it/s, loss=0.2904]
Fine-tuning Navine AI Video:  19%|#9        | 194/1000 [00:53<03:07,  4.29it/s, loss=0.2904]
Fine-tuning Navine AI Video:  19%|#9        | 194/1000 [00:53<03:07,  4.29it/s, loss=0.1339]
Fine-tuning Navine AI Video:  20%|#9        | 195/1000 [00:53<02:46,  4.83it/s, loss=0.1339]
Fine-tuning Navine AI Video:  20%|#9        | 195/1000 [00:53<02:46,  4.83it/s, loss=0.2705]
Fine-tuning Navine AI Video:  20%|#9        | 196/1000 [00:54<02:40,  5.02it/s, loss=0.2705]
Fine-tuning Navine AI Video:  20%|#9        | 196/1000 [00:54<02:40,  5.02it/s, loss=0.6968]
Fine-tuning Navine AI Video:  20%|#9        | 197/1000 [00:54<02:29,  5.37it/s, loss=0.6968]
Fine-tuning Navine AI Video:  20%|#9        | 197/1000 [00:54<02:29,  5.37it/s, loss=0.2509]
Fine-tuning Navine AI Video:  20%|#9        | 198/1000 [00:54<02:57,  4.52it/s, loss=0.2509]
Fine-tuning Navine AI Video:  20%|#9        | 198/1000 [00:54<02:57,  4.52it/s, loss=0.3287]
Fine-tuning Navine AI Video:  20%|#9        | 199/1000 [00:54<02:42,  4.92it/s, loss=0.3287]
Fine-tuning Navine AI Video:  20%|#9        | 199/1000 [00:54<02:42,  4.92it/s, loss=0.2582]
Fine-tuning Navine AI Video:  20%|##        | 200/1000 [00:54<02:34,  5.19it/s, loss=0.2582]
Fine-tuning Navine AI Video:  20%|##        | 200/1000 [00:54<02:34,  5.19it/s, loss=0.2939]C:\Users\hitbo\Downloads\Navine AI\navine\image\model.py:260: UserWarning: enable_nested_tensor is True, but self.use_nested_tensor is False because encoder_layer.norm_first was True
  self.encoder = nn.TransformerEncoder(layer, num_layers=num_layers)
