Navine train device: cuda | mode=hybrid dtype=torch.float16 | cuda_available=True name=NVIDIA GeForce RTX 4060 Laptop GPU vram_gb=8.0 | cpu_threads=21 dataloader={'num_workers': 0, 'pin_memory': True}
VideoFrameDataset unique=1152 effective=6430
Navine AI Video Model | Parameters: 25,808,723 | Device: cuda
Training sequences: 6430 | frame_size=256 | Steps: 200
Hybrid compute | CPU threads: 21 | DataLoader: {'num_workers': 0, 'pin_memory': True}

Fine-tuning Navine AI Video:   0%|          | 0/200 [00:00<?, ?it/s]
Fine-tuning Navine AI Video:   0%|          | 1/200 [00:01<03:39,  1.11s/it]
Fine-tuning Navine AI Video:   0%|          | 1/200 [00:01<03:39,  1.11s/it, loss=0.2734]
Fine-tuning Navine AI Video:   1%|1         | 2/200 [00:01<01:54,  1.73it/s, loss=0.2734]
Fine-tuning Navine AI Video:   1%|1         | 2/200 [00:01<01:54,  1.73it/s, loss=0.2935]
Fine-tuning Navine AI Video:   2%|1         | 3/200 [00:01<01:23,  2.37it/s, loss=0.2935]
Fine-tuning Navine AI Video:   2%|1         | 3/200 [00:01<01:23,  2.37it/s, loss=0.3082]
Fine-tuning Navine AI Video:   2%|2         | 4/200 [00:01<01:01,  3.17it/s, loss=0.3082]
Fine-tuning Navine AI Video:   2%|2         | 4/200 [00:01<01:01,  3.17it/s, loss=0.5793]
Fine-tuning Navine AI Video:   2%|2         | 5/200 [00:03<02:11,  1.49it/s, loss=0.5793]
Fine-tuning Navine AI Video:   2%|2         | 5/200 [00:03<02:11,  1.49it/s, loss=0.3636]
Fine-tuning Navine AI Video:   3%|3         | 6/200 [00:03<01:35,  2.02it/s, loss=0.3636]
Fine-tuning Navine AI Video:   3%|3         | 6/200 [00:03<01:35,  2.02it/s, loss=0.6445]
Fine-tuning Navine AI Video:   4%|3         | 7/200 [00:03<01:25,  2.25it/s, loss=0.6445]
Fine-tuning Navine AI Video:   4%|3         | 7/200 [00:03<01:25,  2.25it/s, loss=0.3670]
Fine-tuning Navine AI Video:   4%|4         | 8/200 [00:03<01:06,  2.87it/s, loss=0.3670]
Fine-tuning Navine AI Video:   4%|4         | 8/200 [00:03<01:06,  2.87it/s, loss=0.2327]
Fine-tuning Navine AI Video:   4%|4         | 9/200 [00:03<00:54,  3.50it/s, loss=0.2327]
Fine-tuning Navine AI Video:   4%|4         | 9/200 [00:03<00:54,  3.50it/s, loss=0.2930]
Fine-tuning Navine AI Video:   5%|5         | 10/200 [00:03<00:47,  4.02it/s, loss=0.2930]
Fine-tuning Navine AI Video:   5%|5         | 10/200 [00:03<00:47,  4.02it/s, loss=0.2707]
Fine-tuning Navine AI Video:   6%|5         | 11/200 [00:04<00:46,  4.05it/s, loss=0.2707]
Fine-tuning Navine AI Video:   6%|5         | 11/200 [00:04<00:46,  4.05it/s, loss=0.3075]
Fine-tuning Navine AI Video:   6%|6         | 12/200 [00:04<00:39,  4.71it/s, loss=0.3075]
Fine-tuning Navine AI Video:   6%|6         | 12/200 [00:04<00:39,  4.71it/s, loss=0.2557]
Fine-tuning Navine AI Video:   6%|6         | 13/200 [00:04<00:35,  5.31it/s, loss=0.2557]
Fine-tuning Navine AI Video:   6%|6         | 13/200 [00:04<00:35,  5.31it/s, loss=0.2703]
Fine-tuning Navine AI Video:   7%|7         | 14/200 [00:04<00:32,  5.67it/s, loss=0.2703]
Fine-tuning Navine AI Video:   7%|7         | 14/200 [00:04<00:32,  5.67it/s, loss=0.6910]
Fine-tuning Navine AI Video:   8%|7         | 15/200 [00:05<01:01,  2.99it/s, loss=0.6910]
Fine-tuning Navine AI Video:   8%|7         | 15/200 [00:05<01:01,  2.99it/s, loss=0.3830]
Fine-tuning Navine AI Video:   8%|8         | 16/200 [00:05<00:52,  3.49it/s, loss=0.3830]
Fine-tuning Navine AI Video:   8%|8         | 16/200 [00:05<00:52,  3.49it/s, loss=0.6497]
Fine-tuning Navine AI Video:   8%|8         | 17/200 [00:05<00:46,  3.92it/s, loss=0.6497]
Fine-tuning Navine AI Video:   8%|8         | 17/200 [00:05<00:46,  3.92it/s, loss=0.2898]
Fine-tuning Navine AI Video:   9%|9         | 18/200 [00:06<00:52,  3.47it/s, loss=0.2898]
Fine-tuning Navine AI Video:   9%|9         | 18/200 [00:06<00:52,  3.47it/s, loss=0.3696]
Fine-tuning Navine AI Video:  10%|9         | 19/200 [00:06<00:43,  4.19it/s, loss=0.3696]
Fine-tuning Navine AI Video:  10%|9         | 19/200 [00:06<00:43,  4.19it/s, loss=0.2465]
Fine-tuning Navine AI Video:  10%|#         | 20/200 [00:06<00:36,  4.90it/s, loss=0.2465]
Fine-tuning Navine AI Video:  10%|#         | 20/200 [00:06<00:36,  4.90it/s, loss=0.2704]
Fine-tuning Navine AI Video:  10%|#         | 21/200 [00:06<00:32,  5.54it/s, loss=0.2704]
Fine-tuning Navine AI Video:  10%|#         | 21/200 [00:06<00:32,  5.54it/s, loss=0.2905]
Fine-tuning Navine AI Video:  11%|#1        | 22/200 [00:07<01:23,  2.13it/s, loss=0.2905]
Fine-tuning Navine AI Video:  11%|#1        | 22/200 [00:07<01:23,  2.13it/s, loss=0.3448]
Fine-tuning Navine AI Video:  12%|#1        | 23/200 [00:07<01:13,  2.40it/s, loss=0.3448]
Fine-tuning Navine AI Video:  12%|#1        | 23/200 [00:07<01:13,  2.40it/s, loss=0.2967]
Fine-tuning Navine AI Video:  12%|#2        | 24/200 [00:07<00:58,  3.02it/s, loss=0.2967]
Fine-tuning Navine AI Video:  12%|#2        | 24/200 [00:07<00:58,  3.02it/s, loss=0.2706]
Fine-tuning Navine AI Video:  12%|#2        | 25/200 [00:08<00:49,  3.54it/s, loss=0.2706]
Fine-tuning Navine AI Video:  12%|#2        | 25/200 [00:08<00:49,  3.54it/s, loss=0.6708]
Fine-tuning Navine AI Video:  13%|#3        | 26/200 [00:08<00:46,  3.71it/s, loss=0.6708]
Fine-tuning Navine AI Video:  13%|#3        | 26/200 [00:08<00:46,  3.71it/s, loss=0.1475]
Fine-tuning Navine AI Video:  14%|#3        | 27/200 [00:08<00:54,  3.15it/s, loss=0.1475]
Fine-tuning Navine AI Video:  14%|#3        | 27/200 [00:08<00:54,  3.15it/s, loss=0.3418]
Fine-tuning Navine AI Video:  14%|#4        | 28/200 [00:08<00:45,  3.78it/s, loss=0.3418]
Fine-tuning Navine AI Video:  14%|#4        | 28/200 [00:08<00:45,  3.78it/s, loss=0.6640]
Fine-tuning Navine AI Video:  14%|#4        | 29/200 [00:09<00:39,  4.29it/s, loss=0.6640]
Fine-tuning Navine AI Video:  14%|#4        | 29/200 [00:09<00:39,  4.29it/s, loss=0.2701]
Fine-tuning Navine AI Video:  15%|#5        | 30/200 [00:09<00:34,  4.86it/s, loss=0.2701]
Fine-tuning Navine AI Video:  15%|#5        | 30/200 [00:09<00:34,  4.86it/s, loss=0.3111]
Fine-tuning Navine AI Video:  16%|#5        | 31/200 [00:09<00:34,  4.92it/s, loss=0.3111]
Fine-tuning Navine AI Video:  16%|#5        | 31/200 [00:09<00:34,  4.92it/s, loss=0.2914]
Fine-tuning Navine AI Video:  16%|#6        | 32/200 [00:09<00:32,  5.21it/s, loss=0.2914]
Fine-tuning Navine AI Video:  16%|#6        | 32/200 [00:09<00:32,  5.21it/s, loss=0.3247]
Fine-tuning Navine AI Video:  16%|#6        | 33/200 [00:09<00:30,  5.40it/s, loss=0.3247]
Fine-tuning Navine AI Video:  16%|#6        | 33/200 [00:09<00:30,  5.40it/s, loss=0.2619]
Fine-tuning Navine AI Video:  17%|#7        | 34/200 [00:09<00:28,  5.74it/s, loss=0.2619]
Fine-tuning Navine AI Video:  17%|#7        | 34/200 [00:09<00:28,  5.74it/s, loss=0.3025]
Fine-tuning Navine AI Video:  18%|#7        | 35/200 [00:10<00:27,  5.99it/s, loss=0.3025]
Fine-tuning Navine AI Video:  18%|#7        | 35/200 [00:10<00:27,  5.99it/s, loss=0.2888]
Fine-tuning Navine AI Video:  18%|#8        | 36/200 [00:10<00:25,  6.45it/s, loss=0.2888]
Fine-tuning Navine AI Video:  18%|#8        | 36/200 [00:10<00:25,  6.45it/s, loss=0.3143]
Fine-tuning Navine AI Video:  18%|#8        | 37/200 [00:10<00:23,  6.81it/s, loss=0.3143]
Fine-tuning Navine AI Video:  18%|#8        | 37/200 [00:10<00:23,  6.81it/s, loss=0.2785]
Fine-tuning Navine AI Video:  19%|#9        | 38/200 [00:10<00:32,  5.03it/s, loss=0.2785]
Fine-tuning Navine AI Video:  19%|#9        | 38/200 [00:10<00:32,  5.03it/s, loss=0.5837]
Fine-tuning Navine AI Video:  20%|#9        | 39/200 [00:10<00:33,  4.75it/s, loss=0.5837]
Fine-tuning Navine AI Video:  20%|#9        | 39/200 [00:10<00:33,  4.75it/s, loss=0.3308]
Fine-tuning Navine AI Video:  20%|##        | 40/200 [00:11<00:30,  5.24it/s, loss=0.3308]
Fine-tuning Navine AI Video:  20%|##        | 40/200 [00:11<00:30,  5.24it/s, loss=0.3126]
Fine-tuning Navine AI Video:  20%|##        | 41/200 [00:11<00:29,  5.48it/s, loss=0.3126]
Fine-tuning Navine AI Video:  20%|##        | 41/200 [00:11<00:29,  5.48it/s, loss=0.2917]
Fine-tuning Navine AI Video:  21%|##1       | 42/200 [00:11<00:34,  4.60it/s, loss=0.2917]
Fine-tuning Navine AI Video:  21%|##1       | 42/200 [00:11<00:34,  4.60it/s, loss=0.3413]
Fine-tuning Navine AI Video:  22%|##1       | 43/200 [00:11<00:37,  4.24it/s, loss=0.3413]
Fine-tuning Navine AI Video:  22%|##1       | 43/200 [00:11<00:37,  4.24it/s, loss=0.2755]
Fine-tuning Navine AI Video:  22%|##2       | 44/200 [00:11<00:32,  4.78it/s, loss=0.2755]
Fine-tuning Navine AI Video:  22%|##2       | 44/200 [00:11<00:32,  4.78it/s, loss=0.2601]
Fine-tuning Navine AI Video:  22%|##2       | 45/200 [00:12<00:35,  4.34it/s, loss=0.2601]
Fine-tuning Navine AI Video:  22%|##2       | 45/200 [00:12<00:35,  4.34it/s, loss=0.1434]
Fine-tuning Navine AI Video:  23%|##3       | 46/200 [00:12<00:31,  4.84it/s, loss=0.1434]
Fine-tuning Navine AI Video:  23%|##3       | 46/200 [00:12<00:31,  4.84it/s, loss=0.2581]
Fine-tuning Navine AI Video:  24%|##3       | 47/200 [00:12<00:27,  5.56it/s, loss=0.2581]
Fine-tuning Navine AI Video:  24%|##3       | 47/200 [00:12<00:27,  5.56it/s, loss=0.2760]
Fine-tuning Navine AI Video:  24%|##4       | 48/200 [00:12<00:25,  6.07it/s, loss=0.2760]
Fine-tuning Navine AI Video:  24%|##4       | 48/200 [00:12<00:25,  6.07it/s, loss=0.2872]
Fine-tuning Navine AI Video:  24%|##4       | 49/200 [00:12<00:23,  6.31it/s, loss=0.2872]
Fine-tuning Navine AI Video:  24%|##4       | 49/200 [00:12<00:23,  6.31it/s, loss=0.3253]
Fine-tuning Navine AI Video:  25%|##5       | 50/200 [00:13<00:28,  5.31it/s, loss=0.3253]
Fine-tuning Navine AI Video:  25%|##5       | 50/200 [00:13<00:28,  5.31it/s, loss=0.3169]
Fine-tuning Navine AI Video:  26%|##5       | 51/200 [00:13<00:26,  5.73it/s, loss=0.3169]
Fine-tuning Navine AI Video:  26%|##5       | 51/200 [00:13<00:26,  5.73it/s, loss=0.2604]
Fine-tuning Navine AI Video:  26%|##6       | 52/200 [00:13<00:31,  4.73it/s, loss=0.2604]
Fine-tuning Navine AI Video:  26%|##6       | 52/200 [00:13<00:31,  4.73it/s, loss=0.1159]
Fine-tuning Navine AI Video:  26%|##6       | 53/200 [00:13<00:28,  5.16it/s, loss=0.1159]
Fine-tuning Navine AI Video:  26%|##6       | 53/200 [00:13<00:28,  5.16it/s, loss=0.6460]
Fine-tuning Navine AI Video:  27%|##7       | 54/200 [00:13<00:32,  4.45it/s, loss=0.6460]
Fine-tuning Navine AI Video:  27%|##7       | 54/200 [00:13<00:32,  4.45it/s, loss=0.2758]
Fine-tuning Navine AI Video:  28%|##7       | 55/200 [00:14<00:34,  4.25it/s, loss=0.2758]
Fine-tuning Navine AI Video:  28%|##7       | 55/200 [00:14<00:34,  4.25it/s, loss=0.5885]
Fine-tuning Navine AI Video:  28%|##8       | 56/200 [00:14<00:29,  4.81it/s, loss=0.5885]
Fine-tuning Navine AI Video:  28%|##8       | 56/200 [00:14<00:29,  4.81it/s, loss=0.2818]
Fine-tuning Navine AI Video:  28%|##8       | 57/200 [00:14<00:26,  5.32it/s, loss=0.2818]
Fine-tuning Navine AI Video:  28%|##8       | 57/200 [00:14<00:26,  5.32it/s, loss=0.2888]
Fine-tuning Navine AI Video:  29%|##9       | 58/200 [00:14<00:24,  5.72it/s, loss=0.2888]
Fine-tuning Navine AI Video:  29%|##9       | 58/200 [00:14<00:24,  5.72it/s, loss=0.2663]
Fine-tuning Navine AI Video:  30%|##9       | 59/200 [00:14<00:26,  5.29it/s, loss=0.2663]
Fine-tuning Navine AI Video:  30%|##9       | 59/200 [00:14<00:26,  5.29it/s, loss=0.1417]
Fine-tuning Navine AI Video:  30%|###       | 60/200 [00:14<00:23,  5.85it/s, loss=0.1417]
Fine-tuning Navine AI Video:  30%|###       | 60/200 [00:14<00:23,  5.85it/s, loss=0.2806]
Fine-tuning Navine AI Video:  30%|###       | 61/200 [00:15<00:27,  5.04it/s, loss=0.2806]
Fine-tuning Navine AI Video:  30%|###       | 61/200 [00:15<00:27,  5.04it/s, loss=0.5770]
Fine-tuning Navine AI Video:  31%|###1      | 62/200 [00:15<00:24,  5.67it/s, loss=0.5770]
Fine-tuning Navine AI Video:  31%|###1      | 62/200 [00:15<00:24,  5.67it/s, loss=0.2869]
Fine-tuning Navine AI Video:  32%|###1      | 63/200 [00:15<00:27,  4.90it/s, loss=0.2869]
Fine-tuning Navine AI Video:  32%|###1      | 63/200 [00:15<00:27,  4.90it/s, loss=0.5540]
Fine-tuning Navine AI Video:  32%|###2      | 64/200 [00:15<00:30,  4.45it/s, loss=0.5540]
Fine-tuning Navine AI Video:  32%|###2      | 64/200 [00:15<00:30,  4.45it/s, loss=0.3126]
Fine-tuning Navine AI Video:  32%|###2      | 65/200 [00:15<00:26,  5.17it/s, loss=0.3126]
Fine-tuning Navine AI Video:  32%|###2      | 65/200 [00:16<00:26,  5.17it/s, loss=0.2820]
Fine-tuning Navine AI Video:  33%|###3      | 66/200 [00:16<00:23,  5.81it/s, loss=0.2820]
Fine-tuning Navine AI Video:  33%|###3      | 66/200 [00:16<00:23,  5.81it/s, loss=0.2414]
Fine-tuning Navine AI Video:  34%|###3      | 67/200 [00:16<00:20,  6.40it/s, loss=0.2414]
Fine-tuning Navine AI Video:  34%|###3      | 67/200 [00:16<00:20,  6.40it/s, loss=0.2930]
Fine-tuning Navine AI Video:  34%|###4      | 68/200 [00:16<00:19,  6.78it/s, loss=0.2930]
Fine-tuning Navine AI Video:  34%|###4      | 68/200 [00:16<00:19,  6.78it/s, loss=0.2621]
Fine-tuning Navine AI Video:  34%|###4      | 69/200 [00:16<00:24,  5.24it/s, loss=0.2621]
Fine-tuning Navine AI Video:  34%|###4      | 69/200 [00:16<00:24,  5.24it/s, loss=0.1406]
Fine-tuning Navine AI Video:  35%|###5      | 70/200 [00:17<00:33,  3.91it/s, loss=0.1406]
Fine-tuning Navine AI Video:  35%|###5      | 70/200 [00:17<00:33,  3.91it/s, loss=0.3688]
Fine-tuning Navine AI Video:  36%|###5      | 71/200 [00:17<00:34,  3.73it/s, loss=0.3688]
Fine-tuning Navine AI Video:  36%|###5      | 71/200 [00:17<00:34,  3.73it/s, loss=0.3704]
Fine-tuning Navine AI Video:  36%|###6      | 72/200 [00:17<00:29,  4.35it/s, loss=0.3704]
Fine-tuning Navine AI Video:  36%|###6      | 72/200 [00:17<00:29,  4.35it/s, loss=0.3301]
Fine-tuning Navine AI Video:  36%|###6      | 73/200 [00:17<00:26,  4.74it/s, loss=0.3301]
Fine-tuning Navine AI Video:  36%|###6      | 73/200 [00:17<00:26,  4.74it/s, loss=0.6044]
Fine-tuning Navine AI Video:  37%|###7      | 74/200 [00:17<00:23,  5.39it/s, loss=0.6044]
Fine-tuning Navine AI Video:  37%|###7      | 74/200 [00:17<00:23,  5.39it/s, loss=0.3043]
Fine-tuning Navine AI Video:  38%|###7      | 75/200 [00:17<00:20,  6.00it/s, loss=0.3043]
Fine-tuning Navine AI Video:  38%|###7      | 75/200 [00:17<00:20,  6.00it/s, loss=0.2742]
Fine-tuning Navine AI Video:  38%|###8      | 76/200 [00:18<00:23,  5.29it/s, loss=0.2742]
Fine-tuning Navine AI Video:  38%|###8      | 76/200 [00:18<00:23,  5.29it/s, loss=0.2829]
Fine-tuning Navine AI Video:  38%|###8      | 77/200 [00:18<00:20,  5.87it/s, loss=0.2829]
Fine-tuning Navine AI Video:  38%|###8      | 77/200 [00:18<00:20,  5.87it/s, loss=0.3050]
Fine-tuning Navine AI Video:  39%|###9      | 78/200 [00:18<00:20,  6.09it/s, loss=0.3050]
Fine-tuning Navine AI Video:  39%|###9      | 78/200 [00:18<00:20,  6.09it/s, loss=0.2868]
Fine-tuning Navine AI Video:  40%|###9      | 79/200 [00:18<00:24,  5.03it/s, loss=0.2868]
Fine-tuning Navine AI Video:  40%|###9      | 79/200 [00:18<00:24,  5.03it/s, loss=0.3109]
Fine-tuning Navine AI Video:  40%|####      | 80/200 [00:18<00:21,  5.67it/s, loss=0.3109]
Fine-tuning Navine AI Video:  40%|####      | 80/200 [00:18<00:21,  5.67it/s, loss=0.7054]
Fine-tuning Navine AI Video:  40%|####      | 81/200 [00:18<00:19,  6.01it/s, loss=0.7054]
Fine-tuning Navine AI Video:  40%|####      | 81/200 [00:18<00:19,  6.01it/s, loss=0.2747]
Fine-tuning Navine AI Video:  41%|####1     | 82/200 [00:19<00:19,  6.19it/s, loss=0.2747]
Fine-tuning Navine AI Video:  41%|####1     | 82/200 [00:19<00:19,  6.19it/s, loss=0.4274]
Fine-tuning Navine AI Video:  42%|####1     | 83/200 [00:19<00:36,  3.24it/s, loss=0.4274]
Fine-tuning Navine AI Video:  42%|####1     | 83/200 [00:19<00:36,  3.24it/s, loss=0.3562]
Fine-tuning Navine AI Video:  42%|####2     | 84/200 [00:20<00:32,  3.53it/s, loss=0.3562]
Fine-tuning Navine AI Video:  42%|####2     | 84/200 [00:20<00:32,  3.53it/s, loss=0.1460]
Fine-tuning Navine AI Video:  42%|####2     | 85/200 [00:20<00:27,  4.13it/s, loss=0.1460]
Fine-tuning Navine AI Video:  42%|####2     | 85/200 [00:20<00:27,  4.13it/s, loss=0.2738]
Fine-tuning Navine AI Video:  43%|####3     | 86/200 [00:20<00:23,  4.85it/s, loss=0.2738]
Fine-tuning Navine AI Video:  43%|####3     | 86/200 [00:20<00:23,  4.85it/s, loss=0.2636]
Fine-tuning Navine AI Video:  44%|####3     | 87/200 [00:20<00:21,  5.24it/s, loss=0.2636]
Fine-tuning Navine AI Video:  44%|####3     | 87/200 [00:20<00:21,  5.24it/s, loss=0.2194]
Fine-tuning Navine AI Video:  44%|####4     | 88/200 [00:20<00:19,  5.68it/s, loss=0.2194]
Fine-tuning Navine AI Video:  44%|####4     | 88/200 [00:20<00:19,  5.68it/s, loss=0.2735]
Fine-tuning Navine AI Video:  44%|####4     | 89/200 [00:20<00:18,  6.13it/s, loss=0.2735]
Fine-tuning Navine AI Video:  44%|####4     | 89/200 [00:20<00:18,  6.13it/s, loss=0.2734]
Fine-tuning Navine AI Video:  45%|####5     | 90/200 [00:21<00:24,  4.54it/s, loss=0.2734]
Fine-tuning Navine AI Video:  45%|####5     | 90/200 [00:21<00:24,  4.54it/s, loss=0.3657]
Fine-tuning Navine AI Video:  46%|####5     | 91/200 [00:21<00:25,  4.35it/s, loss=0.3657]
Fine-tuning Navine AI Video:  46%|####5     | 91/200 [00:21<00:25,  4.35it/s, loss=0.3208]
Fine-tuning Navine AI Video:  46%|####6     | 92/200 [00:21<00:21,  5.09it/s, loss=0.3208]
Fine-tuning Navine AI Video:  46%|####6     | 92/200 [00:21<00:21,  5.09it/s, loss=0.2676]
Fine-tuning Navine AI Video:  46%|####6     | 93/200 [00:21<00:19,  5.62it/s, loss=0.2676]
Fine-tuning Navine AI Video:  46%|####6     | 93/200 [00:21<00:19,  5.62it/s, loss=0.2488]
Fine-tuning Navine AI Video:  47%|####6     | 94/200 [00:21<00:17,  5.97it/s, loss=0.2488]
Fine-tuning Navine AI Video:  47%|####6     | 94/200 [00:21<00:17,  5.97it/s, loss=0.2526]
Fine-tuning Navine AI Video:  48%|####7     | 95/200 [00:21<00:16,  6.30it/s, loss=0.2526]
Fine-tuning Navine AI Video:  48%|####7     | 95/200 [00:21<00:16,  6.30it/s, loss=0.2820]
Fine-tuning Navine AI Video:  48%|####8     | 96/200 [00:21<00:15,  6.71it/s, loss=0.2820]
Fine-tuning Navine AI Video:  48%|####8     | 96/200 [00:21<00:15,  6.71it/s, loss=0.2652]
Fine-tuning Navine AI Video:  48%|####8     | 97/200 [00:22<00:14,  7.11it/s, loss=0.2652]
Fine-tuning Navine AI Video:  48%|####8     | 97/200 [00:22<00:14,  7.11it/s, loss=0.2759]
Fine-tuning Navine AI Video:  49%|####9     | 98/200 [00:22<00:22,  4.58it/s, loss=0.2759]
Fine-tuning Navine AI Video:  49%|####9     | 98/200 [00:22<00:22,  4.58it/s, loss=0.3552]
Fine-tuning Navine AI Video:  50%|####9     | 99/200 [00:22<00:22,  4.50it/s, loss=0.3552]
Fine-tuning Navine AI Video:  50%|####9     | 99/200 [00:22<00:22,  4.50it/s, loss=0.1448]
Fine-tuning Navine AI Video:  50%|#####     | 100/200 [00:22<00:19,  5.13it/s, loss=0.1448]
Fine-tuning Navine AI Video:  50%|#####     | 100/200 [00:22<00:19,  5.13it/s, loss=0.2934]
Fine-tuning Navine AI Video:  50%|#####     | 101/200 [00:23<00:21,  4.61it/s, loss=0.2934]
Fine-tuning Navine AI Video:  50%|#####     | 101/200 [00:23<00:21,  4.61it/s, loss=0.2735]
Fine-tuning Navine AI Video:  51%|#####1    | 102/200 [00:23<00:18,  5.18it/s, loss=0.2735]
Fine-tuning Navine AI Video:  51%|#####1    | 102/200 [00:23<00:18,  5.18it/s, loss=0.2704]
Fine-tuning Navine AI Video:  52%|#####1    | 103/200 [00:23<00:20,  4.73it/s, loss=0.2704]
Fine-tuning Navine AI Video:  52%|#####1    | 103/200 [00:23<00:20,  4.73it/s, loss=0.2521]
Fine-tuning Navine AI Video:  52%|#####2    | 104/200 [00:23<00:18,  5.08it/s, loss=0.2521]
Fine-tuning Navine AI Video:  52%|#####2    | 104/200 [00:23<00:18,  5.08it/s, loss=0.3012]
Fine-tuning Navine AI Video:  52%|#####2    | 105/200 [00:23<00:21,  4.40it/s, loss=0.3012]
Fine-tuning Navine AI Video:  52%|#####2    | 105/200 [00:23<00:21,  4.40it/s, loss=0.3861]
Fine-tuning Navine AI Video:  53%|#####3    | 106/200 [00:25<00:45,  2.07it/s, loss=0.3861]
Fine-tuning Navine AI Video:  53%|#####3    | 106/200 [00:25<00:45,  2.07it/s, loss=0.3436]
Fine-tuning Navine AI Video:  54%|#####3    | 107/200 [00:25<00:35,  2.64it/s, loss=0.3436]
Fine-tuning Navine AI Video:  54%|#####3    | 107/200 [00:25<00:35,  2.64it/s, loss=0.2033]
Fine-tuning Navine AI Video:  54%|#####4    | 108/200 [00:25<00:27,  3.31it/s, loss=0.2033]
Fine-tuning Navine AI Video:  54%|#####4    | 108/200 [00:25<00:27,  3.31it/s, loss=0.2872]
Fine-tuning Navine AI Video:  55%|#####4    | 109/200 [00:25<00:23,  3.92it/s, loss=0.2872]
Fine-tuning Navine AI Video:  55%|#####4    | 109/200 [00:25<00:23,  3.92it/s, loss=0.2566]
Fine-tuning Navine AI Video:  55%|#####5    | 110/200 [00:25<00:24,  3.63it/s, loss=0.2566]
Fine-tuning Navine AI Video:  55%|#####5    | 110/200 [00:25<00:24,  3.63it/s, loss=0.3187]
Fine-tuning Navine AI Video:  56%|#####5    | 111/200 [00:25<00:21,  4.19it/s, loss=0.3187]
Fine-tuning Navine AI Video:  56%|#####5    | 111/200 [00:25<00:21,  4.19it/s, loss=0.2717]
Fine-tuning Navine AI Video:  56%|#####6    | 112/200 [00:26<00:20,  4.26it/s, loss=0.2717]
Fine-tuning Navine AI Video:  56%|#####6    | 112/200 [00:26<00:20,  4.26it/s, loss=0.1630]
Fine-tuning Navine AI Video:  56%|#####6    | 113/200 [00:26<00:21,  4.13it/s, loss=0.1630]
Fine-tuning Navine AI Video:  56%|#####6    | 113/200 [00:26<00:21,  4.13it/s, loss=0.1445]
Fine-tuning Navine AI Video:  57%|#####6    | 114/200 [00:26<00:17,  4.91it/s, loss=0.1445]
Fine-tuning Navine AI Video:  57%|#####6    | 114/200 [00:26<00:17,  4.91it/s, loss=0.3173]
Fine-tuning Navine AI Video:  57%|#####7    | 115/200 [00:26<00:15,  5.45it/s, loss=0.3173]
Fine-tuning Navine AI Video:  57%|#####7    | 115/200 [00:26<00:15,  5.45it/s, loss=0.2945]
Fine-tuning Navine AI Video:  58%|#####8    | 116/200 [00:26<00:13,  6.15it/s, loss=0.2945]
Fine-tuning Navine AI Video:  58%|#####8    | 116/200 [00:26<00:13,  6.15it/s, loss=0.3040]
Fine-tuning Navine AI Video:  58%|#####8    | 117/200 [00:26<00:12,  6.48it/s, loss=0.3040]
Fine-tuning Navine AI Video:  58%|#####8    | 117/200 [00:26<00:12,  6.48it/s, loss=0.2062]
Fine-tuning Navine AI Video:  59%|#####8    | 118/200 [00:27<00:11,  6.99it/s, loss=0.2062]
Fine-tuning Navine AI Video:  59%|#####8    | 118/200 [00:27<00:11,  6.99it/s, loss=0.2465]
Fine-tuning Navine AI Video:  60%|#####9    | 119/200 [00:27<00:11,  6.81it/s, loss=0.2465]
Fine-tuning Navine AI Video:  60%|#####9    | 119/200 [00:27<00:11,  6.81it/s, loss=0.2947]
Fine-tuning Navine AI Video:  60%|######    | 120/200 [00:27<00:13,  5.80it/s, loss=0.2947]
Fine-tuning Navine AI Video:  60%|######    | 120/200 [00:27<00:13,  5.80it/s, loss=0.2834]
Fine-tuning Navine AI Video:  60%|######    | 121/200 [00:27<00:12,  6.40it/s, loss=0.2834]
Fine-tuning Navine AI Video:  60%|######    | 121/200 [00:27<00:12,  6.40it/s, loss=0.3030]
Fine-tuning Navine AI Video:  61%|######1   | 122/200 [00:27<00:16,  4.59it/s, loss=0.3030]
Fine-tuning Navine AI Video:  61%|######1   | 122/200 [00:27<00:16,  4.59it/s, loss=0.3624]
Fine-tuning Navine AI Video:  62%|######1   | 123/200 [00:28<00:15,  5.10it/s, loss=0.3624]
Fine-tuning Navine AI Video:  62%|######1   | 123/200 [00:28<00:15,  5.10it/s, loss=0.2647]
Fine-tuning Navine AI Video:  62%|######2   | 124/200 [00:28<00:16,  4.67it/s, loss=0.2647]
Fine-tuning Navine AI Video:  62%|######2   | 124/200 [00:28<00:16,  4.67it/s, loss=0.1388]
Fine-tuning Navine AI Video:  62%|######2   | 125/200 [00:28<00:14,  5.29it/s, loss=0.1388]
Fine-tuning Navine AI Video:  62%|######2   | 125/200 [00:28<00:14,  5.29it/s, loss=0.3215]
Fine-tuning Navine AI Video:  63%|######3   | 126/200 [00:29<00:28,  2.61it/s, loss=0.3215]
Fine-tuning Navine AI Video:  63%|######3   | 126/200 [00:29<00:28,  2.61it/s, loss=0.3541]
Fine-tuning Navine AI Video:  64%|######3   | 127/200 [00:29<00:22,  3.19it/s, loss=0.3541]
Fine-tuning Navine AI Video:  64%|######3   | 127/200 [00:29<00:22,  3.19it/s, loss=0.3028]
Fine-tuning Navine AI Video:  64%|######4   | 128/200 [00:29<00:22,  3.25it/s, loss=0.3028]
Fine-tuning Navine AI Video:  64%|######4   | 128/200 [00:29<00:22,  3.25it/s, loss=0.1390]
Fine-tuning Navine AI Video:  64%|######4   | 129/200 [00:29<00:17,  3.99it/s, loss=0.1390]
Fine-tuning Navine AI Video:  64%|######4   | 129/200 [00:29<00:17,  3.99it/s, loss=0.2692]
Fine-tuning Navine AI Video:  65%|######5   | 130/200 [00:30<00:21,  3.29it/s, loss=0.2692]
Fine-tuning Navine AI Video:  65%|######5   | 130/200 [00:30<00:21,  3.29it/s, loss=0.3303]
Fine-tuning Navine AI Video:  66%|######5   | 131/200 [00:30<00:20,  3.38it/s, loss=0.3303]
Fine-tuning Navine AI Video:  66%|######5   | 131/200 [00:30<00:20,  3.38it/s, loss=0.3001]
Fine-tuning Navine AI Video:  66%|######6   | 132/200 [00:30<00:16,  4.11it/s, loss=0.3001]
Fine-tuning Navine AI Video:  66%|######6   | 132/200 [00:30<00:16,  4.11it/s, loss=0.2754]
Fine-tuning Navine AI Video:  66%|######6   | 133/200 [00:30<00:17,  3.87it/s, loss=0.2754]
Fine-tuning Navine AI Video:  66%|######6   | 133/200 [00:30<00:17,  3.87it/s, loss=0.2831]
Fine-tuning Navine AI Video:  67%|######7   | 134/200 [00:31<00:19,  3.45it/s, loss=0.2831]
Fine-tuning Navine AI Video:  67%|######7   | 134/200 [00:31<00:19,  3.45it/s, loss=0.3411]
Fine-tuning Navine AI Video:  68%|######7   | 135/200 [00:31<00:15,  4.08it/s, loss=0.3411]
Fine-tuning Navine AI Video:  68%|######7   | 135/200 [00:31<00:15,  4.08it/s, loss=0.2532]
Fine-tuning Navine AI Video:  68%|######8   | 136/200 [00:31<00:13,  4.83it/s, loss=0.2532]
Fine-tuning Navine AI Video:  68%|######8   | 136/200 [00:31<00:13,  4.83it/s, loss=0.3090]
Fine-tuning Navine AI Video:  68%|######8   | 137/200 [00:31<00:14,  4.23it/s, loss=0.3090]
Fine-tuning Navine AI Video:  68%|######8   | 137/200 [00:31<00:14,  4.23it/s, loss=0.3379]
Fine-tuning Navine AI Video:  69%|######9   | 138/200 [00:32<00:14,  4.36it/s, loss=0.3379]
Fine-tuning Navine AI Video:  69%|######9   | 138/200 [00:32<00:14,  4.36it/s, loss=0.2474]
Fine-tuning Navine AI Video:  70%|######9   | 139/200 [00:32<00:12,  4.98it/s, loss=0.2474]
Fine-tuning Navine AI Video:  70%|######9   | 139/200 [00:32<00:12,  4.98it/s, loss=0.2527]
Fine-tuning Navine AI Video:  70%|#######   | 140/200 [00:32<00:12,  4.76it/s, loss=0.2527]
Fine-tuning Navine AI Video:  70%|#######   | 140/200 [00:32<00:12,  4.76it/s, loss=0.2826]
Fine-tuning Navine AI Video:  70%|#######   | 141/200 [00:32<00:11,  5.14it/s, loss=0.2826]
Fine-tuning Navine AI Video:  70%|#######   | 141/200 [00:32<00:11,  5.14it/s, loss=0.3637]
Fine-tuning Navine AI Video:  71%|#######1  | 142/200 [00:32<00:10,  5.58it/s, loss=0.3637]
Fine-tuning Navine AI Video:  71%|#######1  | 142/200 [00:32<00:10,  5.58it/s, loss=0.2586]
Fine-tuning Navine AI Video:  72%|#######1  | 143/200 [00:32<00:09,  5.86it/s, loss=0.2586]
Fine-tuning Navine AI Video:  72%|#######1  | 143/200 [00:32<00:09,  5.86it/s, loss=0.7038]
Fine-tuning Navine AI Video:  72%|#######2  | 144/200 [00:33<00:09,  5.99it/s, loss=0.7038]
Fine-tuning Navine AI Video:  72%|#######2  | 144/200 [00:33<00:09,  5.99it/s, loss=0.3407]
Fine-tuning Navine AI Video:  72%|#######2  | 145/200 [00:33<00:10,  5.20it/s, loss=0.3407]
Fine-tuning Navine AI Video:  72%|#######2  | 145/200 [00:33<00:10,  5.20it/s, loss=0.3373]
Fine-tuning Navine AI Video:  73%|#######3  | 146/200 [00:33<00:09,  5.61it/s, loss=0.3373]
Fine-tuning Navine AI Video:  73%|#######3  | 146/200 [00:33<00:09,  5.61it/s, loss=0.3057]
Fine-tuning Navine AI Video:  74%|#######3  | 147/200 [00:33<00:08,  6.04it/s, loss=0.3057]
Fine-tuning Navine AI Video:  74%|#######3  | 147/200 [00:33<00:08,  6.04it/s, loss=0.3039]
Fine-tuning Navine AI Video:  74%|#######4  | 148/200 [00:33<00:08,  6.27it/s, loss=0.3039]
Fine-tuning Navine AI Video:  74%|#######4  | 148/200 [00:33<00:08,  6.27it/s, loss=0.2778]
Fine-tuning Navine AI Video:  74%|#######4  | 149/200 [00:33<00:07,  6.49it/s, loss=0.2778]
Fine-tuning Navine AI Video:  74%|#######4  | 149/200 [00:33<00:07,  6.49it/s, loss=0.2962]
Fine-tuning Navine AI Video:  75%|#######5  | 150/200 [00:34<00:07,  6.64it/s, loss=0.2962]
Fine-tuning Navine AI Video:  75%|#######5  | 150/200 [00:34<00:07,  6.64it/s, loss=0.2409]
Fine-tuning Navine AI Video:  76%|#######5  | 151/200 [00:34<00:09,  5.36it/s, loss=0.2409]
Fine-tuning Navine AI Video:  76%|#######5  | 151/200 [00:34<00:09,  5.36it/s, loss=0.1373]
Fine-tuning Navine AI Video:  76%|#######6  | 152/200 [00:34<00:10,  4.79it/s, loss=0.1373]
Fine-tuning Navine AI Video:  76%|#######6  | 152/200 [00:34<00:10,  4.79it/s, loss=0.1357]
Fine-tuning Navine AI Video:  76%|#######6  | 153/200 [00:34<00:11,  4.21it/s, loss=0.1357]
Fine-tuning Navine AI Video:  76%|#######6  | 153/200 [00:34<00:11,  4.21it/s, loss=0.3090]
Fine-tuning Navine AI Video:  77%|#######7  | 154/200 [00:35<00:09,  4.71it/s, loss=0.3090]
Fine-tuning Navine AI Video:  77%|#######7  | 154/200 [00:35<00:09,  4.71it/s, loss=0.2960]
Fine-tuning Navine AI Video:  78%|#######7  | 155/200 [00:35<00:08,  5.19it/s, loss=0.2960]
Fine-tuning Navine AI Video:  78%|#######7  | 155/200 [00:35<00:08,  5.19it/s, loss=0.6688]
Fine-tuning Navine AI Video:  78%|#######8  | 156/200 [00:35<00:07,  5.79it/s, loss=0.6688]
Fine-tuning Navine AI Video:  78%|#######8  | 156/200 [00:35<00:07,  5.79it/s, loss=0.3037]
Fine-tuning Navine AI Video:  78%|#######8  | 157/200 [00:35<00:07,  5.97it/s, loss=0.3037]
Fine-tuning Navine AI Video:  78%|#######8  | 157/200 [00:35<00:07,  5.97it/s, loss=0.1993]
Fine-tuning Navine AI Video:  79%|#######9  | 158/200 [00:35<00:06,  6.41it/s, loss=0.1993]
Fine-tuning Navine AI Video:  79%|#######9  | 158/200 [00:35<00:06,  6.41it/s, loss=0.2875]
Fine-tuning Navine AI Video:  80%|#######9  | 159/200 [00:35<00:07,  5.44it/s, loss=0.2875]
Fine-tuning Navine AI Video:  80%|#######9  | 159/200 [00:35<00:07,  5.44it/s, loss=0.2735]
Fine-tuning Navine AI Video:  80%|########  | 160/200 [00:36<00:08,  4.81it/s, loss=0.2735]
Fine-tuning Navine AI Video:  80%|########  | 160/200 [00:36<00:08,  4.81it/s, loss=0.3139]
Fine-tuning Navine AI Video:  80%|########  | 161/200 [00:36<00:08,  4.60it/s, loss=0.3139]
Fine-tuning Navine AI Video:  80%|########  | 161/200 [00:36<00:08,  4.60it/s, loss=0.2518]
Fine-tuning Navine AI Video:  81%|########1 | 162/200 [00:36<00:07,  5.03it/s, loss=0.2518]
Fine-tuning Navine AI Video:  81%|########1 | 162/200 [00:36<00:07,  5.03it/s, loss=0.6629]
Fine-tuning Navine AI Video:  82%|########1 | 163/200 [00:36<00:08,  4.38it/s, loss=0.6629]
Fine-tuning Navine AI Video:  82%|########1 | 163/200 [00:36<00:08,  4.38it/s, loss=0.3246]
Fine-tuning Navine AI Video:  82%|########2 | 164/200 [00:37<00:09,  3.91it/s, loss=0.3246]
Fine-tuning Navine AI Video:  82%|########2 | 164/200 [00:37<00:09,  3.91it/s, loss=0.3037]
Fine-tuning Navine AI Video:  82%|########2 | 165/200 [00:37<00:07,  4.65it/s, loss=0.3037]
Fine-tuning Navine AI Video:  82%|########2 | 165/200 [00:37<00:07,  4.65it/s, loss=0.2818]
Fine-tuning Navine AI Video:  83%|########2 | 166/200 [00:37<00:06,  5.36it/s, loss=0.2818]
Fine-tuning Navine AI Video:  83%|########2 | 166/200 [00:37<00:06,  5.36it/s, loss=0.2548]
Fine-tuning Navine AI Video:  84%|########3 | 167/200 [00:37<00:05,  5.62it/s, loss=0.2548]
Fine-tuning Navine AI Video:  84%|########3 | 167/200 [00:37<00:05,  5.62it/s, loss=0.2676]
Fine-tuning Navine AI Video:  84%|########4 | 168/200 [00:37<00:06,  4.96it/s, loss=0.2676]
Fine-tuning Navine AI Video:  84%|########4 | 168/200 [00:37<00:06,  4.96it/s, loss=0.1364]
Fine-tuning Navine AI Video:  84%|########4 | 169/200 [00:37<00:05,  5.30it/s, loss=0.1364]
Fine-tuning Navine AI Video:  84%|########4 | 169/200 [00:37<00:05,  5.30it/s, loss=0.5790]
Fine-tuning Navine AI Video:  85%|########5 | 170/200 [00:38<00:05,  5.50it/s, loss=0.5790]
Fine-tuning Navine AI Video:  85%|########5 | 170/200 [00:38<00:05,  5.50it/s, loss=0.3327]
Fine-tuning Navine AI Video:  86%|########5 | 171/200 [00:38<00:05,  5.16it/s, loss=0.3327]
Fine-tuning Navine AI Video:  86%|########5 | 171/200 [00:38<00:05,  5.16it/s, loss=0.3256]
Fine-tuning Navine AI Video:  86%|########6 | 172/200 [00:38<00:06,  4.66it/s, loss=0.3256]
Fine-tuning Navine AI Video:  86%|########6 | 172/200 [00:38<00:06,  4.66it/s, loss=0.3020]
Fine-tuning Navine AI Video:  86%|########6 | 173/200 [00:38<00:05,  5.15it/s, loss=0.3020]
Fine-tuning Navine AI Video:  86%|########6 | 173/200 [00:38<00:05,  5.15it/s, loss=0.3027]
Fine-tuning Navine AI Video:  87%|########7 | 174/200 [00:39<00:05,  4.35it/s, loss=0.3027]
Fine-tuning Navine AI Video:  87%|########7 | 174/200 [00:39<00:05,  4.35it/s, loss=0.3232]
Fine-tuning Navine AI Video:  88%|########7 | 175/200 [00:39<00:05,  4.90it/s, loss=0.3232]
Fine-tuning Navine AI Video:  88%|########7 | 175/200 [00:39<00:05,  4.90it/s, loss=0.2844]
Fine-tuning Navine AI Video:  88%|########8 | 176/200 [00:39<00:04,  5.49it/s, loss=0.2844]
Fine-tuning Navine AI Video:  88%|########8 | 176/200 [00:39<00:04,  5.49it/s, loss=0.2753]
Fine-tuning Navine AI Video:  88%|########8 | 177/200 [00:39<00:03,  5.81it/s, loss=0.2753]
Fine-tuning Navine AI Video:  88%|########8 | 177/200 [00:39<00:03,  5.81it/s, loss=0.2580]
Fine-tuning Navine AI Video:  89%|########9 | 178/200 [00:39<00:03,  6.08it/s, loss=0.2580]
Fine-tuning Navine AI Video:  89%|########9 | 178/200 [00:39<00:03,  6.08it/s, loss=0.3410]
Fine-tuning Navine AI Video:  90%|########9 | 179/200 [00:39<00:03,  6.45it/s, loss=0.3410]
Fine-tuning Navine AI Video:  90%|########9 | 179/200 [00:39<00:03,  6.45it/s, loss=0.2886]
Fine-tuning Navine AI Video:  90%|######### | 180/200 [00:39<00:02,  6.71it/s, loss=0.2886]
Fine-tuning Navine AI Video:  90%|######### | 180/200 [00:39<00:02,  6.71it/s, loss=0.2560]
Fine-tuning Navine AI Video:  90%|######### | 181/200 [00:40<00:03,  5.42it/s, loss=0.2560]
Fine-tuning Navine AI Video:  90%|######### | 181/200 [00:40<00:03,  5.42it/s, loss=0.1385]
Fine-tuning Navine AI Video:  91%|#########1| 182/200 [00:40<00:03,  4.96it/s, loss=0.1385]
Fine-tuning Navine AI Video:  91%|#########1| 182/200 [00:40<00:03,  4.96it/s, loss=0.2817]
Fine-tuning Navine AI Video:  92%|#########1| 183/200 [00:40<00:03,  5.63it/s, loss=0.2817]
Fine-tuning Navine AI Video:  92%|#########1| 183/200 [00:40<00:03,  5.63it/s, loss=0.3283]
Fine-tuning Navine AI Video:  92%|#########2| 184/200 [00:40<00:02,  6.26it/s, loss=0.3283]
Fine-tuning Navine AI Video:  92%|#########2| 184/200 [00:40<00:02,  6.26it/s, loss=0.3062]
Fine-tuning Navine AI Video:  92%|#########2| 185/200 [00:40<00:02,  5.39it/s, loss=0.3062]
Fine-tuning Navine AI Video:  92%|#########2| 185/200 [00:40<00:02,  5.39it/s, loss=0.3008]
Fine-tuning Navine AI Video:  93%|#########3| 186/200 [00:41<00:02,  5.27it/s, loss=0.3008]
Fine-tuning Navine AI Video:  93%|#########3| 186/200 [00:41<00:02,  5.27it/s, loss=0.2708]
Fine-tuning Navine AI Video:  94%|#########3| 187/200 [00:41<00:02,  4.85it/s, loss=0.2708]
Fine-tuning Navine AI Video:  94%|#########3| 187/200 [00:41<00:02,  4.85it/s, loss=0.3064]
Fine-tuning Navine AI Video:  94%|#########3| 188/200 [00:41<00:02,  5.47it/s, loss=0.3064]
Fine-tuning Navine AI Video:  94%|#########3| 188/200 [00:41<00:02,  5.47it/s, loss=0.2853]
Fine-tuning Navine AI Video:  94%|#########4| 189/200 [00:42<00:05,  2.01it/s, loss=0.2853]
Fine-tuning Navine AI Video:  94%|#########4| 189/200 [00:42<00:05,  2.01it/s, loss=0.3869]
Fine-tuning Navine AI Video:  95%|#########5| 190/200 [00:42<00:03,  2.54it/s, loss=0.3869]
Fine-tuning Navine AI Video:  95%|#########5| 190/200 [00:42<00:03,  2.54it/s, loss=0.2804]
Fine-tuning Navine AI Video:  96%|#########5| 191/200 [00:42<00:02,  3.19it/s, loss=0.2804]
Fine-tuning Navine AI Video:  96%|#########5| 191/200 [00:42<00:02,  3.19it/s, loss=0.2658]
Fine-tuning Navine AI Video:  96%|#########6| 192/200 [00:43<00:02,  3.84it/s, loss=0.2658]
Fine-tuning Navine AI Video:  96%|#########6| 192/200 [00:43<00:02,  3.84it/s, loss=0.6870]
Fine-tuning Navine AI Video:  96%|#########6| 193/200 [00:43<00:01,  4.42it/s, loss=0.6870]
Fine-tuning Navine AI Video:  96%|#########6| 193/200 [00:43<00:01,  4.42it/s, loss=0.3308]
Fine-tuning Navine AI Video:  97%|#########7| 194/200 [00:43<00:01,  4.97it/s, loss=0.3308]
Fine-tuning Navine AI Video:  97%|#########7| 194/200 [00:43<00:01,  4.97it/s, loss=0.2779]
Fine-tuning Navine AI Video:  98%|#########7| 195/200 [00:44<00:02,  1.95it/s, loss=0.2779]
Fine-tuning Navine AI Video:  98%|#########7| 195/200 [00:44<00:02,  1.95it/s, loss=0.3850]
Fine-tuning Navine AI Video:  98%|#########8| 196/200 [00:44<00:01,  2.46it/s, loss=0.3850]
Fine-tuning Navine AI Video:  98%|#########8| 196/200 [00:44<00:01,  2.46it/s, loss=0.2522]
Fine-tuning Navine AI Video:  98%|#########8| 197/200 [00:44<00:00,  3.10it/s, loss=0.2522]
Fine-tuning Navine AI Video:  98%|#########8| 197/200 [00:44<00:00,  3.10it/s, loss=0.3105]
Fine-tuning Navine AI Video:  99%|#########9| 198/200 [00:45<00:00,  3.75it/s, loss=0.3105]
Fine-tuning Navine AI Video:  99%|#########9| 198/200 [00:45<00:00,  3.75it/s, loss=0.2930]
Fine-tuning Navine AI Video: 100%|#########9| 199/200 [00:45<00:00,  4.44it/s, loss=0.2930]
Fine-tuning Navine AI Video: 100%|#########9| 199/200 [00:45<00:00,  4.44it/s, loss=0.2369]
Fine-tuning Navine AI Video: 100%|##########| 200/200 [00:45<00:00,  5.11it/s, loss=0.2369]
Fine-tuning Navine AI Video: 100%|##########| 200/200 [00:45<00:00,  5.11it/s, loss=0.2745]C:\Users\hitbo\Downloads\Navine AI\navine\image\model.py:245: UserWarning: enable_nested_tensor is True, but self.use_nested_tensor is False because encoder_layer.norm_first was True
  self.encoder = nn.TransformerEncoder(layer, num_layers=num_layers)

Fine-tuning Navine AI Video: 100%|##########| 200/200 [06:15<00:00,  1.88s/it, loss=0.2745]
Training complete. Checkpoint saved to C:\Users\hitbo\Downloads\Navine AI\checkpoints\video_enterprise\latest.pt
smoke sky: valid=True variance=0.01072 -> C:\Users\hitbo\Downloads\Navine AI\outputs\video\generated_sky.mp4
smoke human: valid=True variance=0.01218 -> C:\Users\hitbo\Downloads\Navine AI\outputs\video\generated_human.mp4
smoke hentai: valid=True variance=0.01310 -> C:\Users\hitbo\Downloads\Navine AI\outputs\video\generated_hentai.mp4
smoke porn: valid=True variance=0.01425 -> C:\Users\hitbo\Downloads\Navine AI\outputs\video\generated_porn.mp4
