Traceback (most recent call last):
  File "<frozen runpy>", line 198, in _run_module_as_main
  File "<frozen runpy>", line 88, in _run_code
  File "C:\Users\hitbo\Downloads\Navine AI\navine\cli.py", line 3680, in <module>
    main()
    ~~~~^^
  File "C:\Users\hitbo\Downloads\Navine AI\navine\cli.py", line 2215, in main
    train_type(target, language=args.language, steps=args.steps)
    ~~~~~~~~~~^^^^^^^^^^^^^^^^^^^^^^^^^^^^^^^^^^^^^^^^^^^^^^^^^^
  File "C:\Users\hitbo\Downloads\Navine AI\navine\train\registry.py", line 160, in train_type
    raise ValueError(f"Unknown training type: {name}")
ValueError: Unknown training type: multimodal-text
Traceback (most recent call last):
  File "<frozen runpy>", line 198, in _run_module_as_main
  File "<frozen runpy>", line 88, in _run_code
  File "C:\Users\hitbo\Downloads\Navine AI\navine\cli.py", line 3739, in <module>
    main()
    ~~~~^^
  File "C:\Users\hitbo\Downloads\Navine AI\navine\cli.py", line 2256, in main
    train_type(target, language=args.language, steps=args.steps)
    ~~~~~~~~~~^^^^^^^^^^^^^^^^^^^^^^^^^^^^^^^^^^^^^^^^^^^^^^^^^^
  File "C:\Users\hitbo\Downloads\Navine AI\navine\train\registry.py", line 160, in train_type
    raise ValueError(f"Unknown training type: {name}")
ValueError: Unknown training type: multimodal-text
Traceback (most recent call last):
  File "<frozen runpy>", line 198, in _run_module_as_main
  File "<frozen runpy>", line 88, in _run_code
  File "C:\Users\hitbo\Downloads\Navine AI\navine\cli.py", line 3739, in <module>
    main()
    ~~~~^^
  File "C:\Users\hitbo\Downloads\Navine AI\navine\cli.py", line 2256, in main
    train_type(target, language=args.language, steps=args.steps)
    ~~~~~~~~~~^^^^^^^^^^^^^^^^^^^^^^^^^^^^^^^^^^^^^^^^^^^^^^^^^^
  File "C:\Users\hitbo\Downloads\Navine AI\navine\train\registry.py", line 160, in train_type
    raise ValueError(f"Unknown training type: {name}")
ValueError: Unknown training type: multimodal-text
